[19:58:35] 
======================================================================
[19:58:35] 🚀 开始融合版训练 (Standard RL + Grid Analysis)
[19:58:35] ======================================================================
[19:58:35] DEBUG: Wind Capacity = 30 kW
[19:58:35] DEBUG: PV Capacity = 15 kW
[19:58:35] Warmup 0/10
[19:58:35] Warmup 5/10
[19:58:36] 
============================================================
[19:58:36] Episode 1/200 | Steps: 24
[19:58:36] 总奖励:  -160.29 (Avg10:  -160.29)
[19:58:36] Agent奖励:
[19:58:36]   wind      :   92.803
[19:58:36]   solar     :   20.684
[19:58:36]   diesel    :   20.807
[19:58:36]   battery   :   -0.820
[19:58:36]   customer  : -293.759
[19:58:36] Grid交易: Import=709.9 | Export=58.4
[19:58:37] 
============================================================
[19:58:37] Episode 2/200 | Steps: 24
[19:58:37] 总奖励:  -177.11 (Avg10:  -168.70)
[19:58:37] Agent奖励:
[19:58:37]   wind      :  106.320
[19:58:37]   solar     :   27.165
[19:58:37]   diesel    :   14.571
[19:58:37]   battery   :  -13.193
[19:58:37]   customer  : -311.968
[19:58:37] Grid交易: Import=956.4 | Export=40.1
[19:58:38] 
============================================================
[19:58:38] Episode 3/200 | Steps: 24
[19:58:38] 总奖励:  -160.65 (Avg10:  -166.01)
[19:58:38] Agent奖励:
[19:58:38]   wind      :   63.864
[19:58:38]   solar     :   19.407
[19:58:38]   diesel    :    5.984
[19:58:38]   battery   :    1.039
[19:58:38]   customer  : -250.941
[19:58:38] Grid交易: Import=705.0 | Export=160.7
[19:58:39] 
============================================================
[19:58:39] Episode 4/200 | Steps: 24
[19:58:39] 总奖励:  -180.11 (Avg10:  -169.54)
[19:58:39] Agent奖励:
[19:58:39]   wind      :   16.499
[19:58:39]   solar     :   11.460
[19:58:39]   diesel    :    2.080
[19:58:39]   battery   :    0.811
[19:58:39]   customer  : -210.962
[19:58:39] Grid交易: Import=461.6 | Export=230.8
[19:58:40] 
============================================================
[19:58:40] Episode 5/200 | Steps: 24
[19:58:40] 总奖励:  -179.40 (Avg10:  -171.51)
[19:58:40] Agent奖励:
[19:58:40]   wind      :   -1.357
[19:58:40]   solar     :    9.229
[19:58:40]   diesel    :    8.126
[19:58:40]   battery   :    0.000
[19:58:40]   customer  : -195.395
[19:58:40] Grid交易: Import=286.8 | Export=377.4
[19:58:42] 
============================================================
[19:58:42] Episode 6/200 | Steps: 24
[19:58:42] 总奖励:  -182.20 (Avg10:  -173.29)
[19:58:42] Agent奖励:
[19:58:42]   wind      :    2.954
[19:58:42]   solar     :    0.552
[19:58:42]   diesel    :    0.000
[19:58:42]   battery   :    0.000
[19:58:42]   customer  : -185.703
[19:58:42] Grid交易: Import=14.0 | Export=563.2
[19:58:43] 
============================================================
[19:58:43] Episode 7/200 | Steps: 24
[19:58:43] 总奖励:  -182.13 (Avg10:  -174.55)
[19:58:43] Agent奖励:
[19:58:43]   wind      :   19.332
[19:58:43]   solar     :    2.752
[19:58:43]   diesel    :    1.744
[19:58:43]   battery   :    0.000
[19:58:43]   customer  : -205.954
[19:58:43] Grid交易: Import=122.3 | Export=483.1
[19:58:44] 
============================================================
[19:58:44] Episode 8/200 | Steps: 24
[19:58:44] 总奖励:  -152.10 (Avg10:  -171.75)
[19:58:44] Agent奖励:
[19:58:44]   wind      :   23.342
[19:58:44]   solar     :    9.723
[19:58:44]   diesel    :   -0.496
[19:58:44]   battery   :    0.000
[19:58:44]   customer  : -184.665
[19:58:44] Grid交易: Import=5.8 | Export=507.2
[19:58:45] 
============================================================
[19:58:45] Episode 9/200 | Steps: 24
[19:58:45] 总奖励:  -181.57 (Avg10:  -172.84)
[19:58:45] Agent奖励:
[19:58:45]   wind      :   12.561
[19:58:45]   solar     :    6.439
[19:58:45]   diesel    :   -3.010
[19:58:45]   battery   :    0.000
[19:58:45]   customer  : -197.561
[19:58:45] Grid交易: Import=67.5 | Export=839.4
[19:58:46] 
============================================================
[19:58:46] Episode 10/200 | Steps: 24
[19:58:46] 总奖励:  -175.10 (Avg10:  -173.06)
[19:58:46] Agent奖励:
[19:58:46]   wind      :   17.414
[19:58:46]   solar     :    8.239
[19:58:46]   diesel    :   -1.969
[19:58:46]   battery   :    0.000
[19:58:46]   customer  : -198.786
[19:58:46] Grid交易: Import=64.9 | Export=671.9
[19:58:46] 
📊 生成多维分析图表...
[19:58:47]   ✓ Training Status: debug_plots/training_status_ep0010.png
[19:58:47]   ✓ Agent Details:   debug_plots/agent_detail_ep0010.png
[19:58:47]   ✓ Grid Analysis:   debug_plots/grid_status_ep0010.png
[19:58:49] 
============================================================
[19:58:49] Episode 11/200 | Steps: 24
[19:58:49] 总奖励:  -197.96 (Avg10:  -176.83)
[19:58:49] Agent奖励:
[19:58:49]   wind      :    3.708
[19:58:49]   solar     :    5.480
[19:58:49]   diesel    :  -15.087
[19:58:49]   battery   :    0.000
[19:58:49]   customer  : -192.064
[19:58:49] Grid交易: Import=17.9 | Export=730.2
[19:58:50] 
============================================================
[19:58:50] Episode 12/200 | Steps: 24
[19:58:50] 总奖励:  -197.33 (Avg10:  -178.85)
[19:58:50] Agent奖励:
[19:58:50]   wind      :    0.000
[19:58:50]   solar     :    7.833
[19:58:50]   diesel    :   -5.525
[19:58:50]   battery   :    0.000
[19:58:50]   customer  : -199.638
[19:58:50] Grid交易: Import=58.5 | Export=702.2
[19:58:51] 
============================================================
[19:58:51] Episode 13/200 | Steps: 24
[19:58:51] 总奖励:  -176.06 (Avg10:  -180.40)
[19:58:51] Agent奖励:
[19:58:51]   wind      :   15.292
[19:58:51]   solar     :   12.571
[19:58:51]   diesel    :   -8.719
[19:58:51]   battery   :    0.000
[19:58:51]   customer  : -195.203
[19:58:51] Grid交易: Import=17.4 | Export=788.8
[19:58:52] 
============================================================
[19:58:52] Episode 14/200 | Steps: 24
[19:58:52] 总奖励:  -212.62 (Avg10:  -183.65)
[19:58:52] Agent奖励:
[19:58:52]   wind      :    0.194
[19:58:52]   solar     :    9.779
[19:58:52]   diesel    :   -3.644
[19:58:52]   battery   :    0.000
[19:58:52]   customer  : -218.953
[19:58:52] Grid交易: Import=63.1 | Export=765.3
[19:58:53] 
============================================================
[19:58:53] Episode 15/200 | Steps: 24
[19:58:53] 总奖励:  -189.91 (Avg10:  -184.70)
[19:58:53] Agent奖励:
[19:58:53]   wind      :    0.000
[19:58:53]   solar     :    9.363
[19:58:53]   diesel    :   -6.996
[19:58:53]   battery   :    0.000
[19:58:53]   customer  : -192.275
[19:58:53] Grid交易: Import=2.2 | Export=754.3
[19:58:55] 
============================================================
[19:58:55] Episode 16/200 | Steps: 24
[19:58:55] 总奖励:  -176.07 (Avg10:  -184.09)
[19:58:55] Agent奖励:
[19:58:55]   wind      :   12.019
[19:58:55]   solar     :   16.728
[19:58:55]   diesel    :    4.028
[19:58:55]   battery   :    0.000
[19:58:55]   customer  : -208.843
[19:58:55] Grid交易: Import=18.0 | Export=621.1
[19:58:56] 
============================================================
[19:58:56] Episode 17/200 | Steps: 24
[19:58:56] 总奖励:  -188.57 (Avg10:  -184.73)
[19:58:56] Agent奖励:
[19:58:56]   wind      :    2.252
[19:58:56]   solar     :    4.349
[19:58:56]   diesel    :   -5.736
[19:58:56]   battery   :   -0.264
[19:58:56]   customer  : -189.172
[19:58:56] Grid交易: Import=0.0 | Export=755.6
[19:58:58] 
============================================================
[19:58:58] Episode 18/200 | Steps: 24
[19:58:58] 总奖励:  -180.50 (Avg10:  -187.57)
[19:58:58] Agent奖励:
[19:58:58]   wind      :    6.979
[19:58:58]   solar     :    6.583
[19:58:58]   diesel    :   -4.055
[19:58:58]   battery   :    0.000
[19:58:58]   customer  : -190.005
[19:58:58] Grid交易: Import=0.0 | Export=904.2
[19:58:59] 
============================================================
[19:58:59] Episode 19/200 | Steps: 24
[19:58:59] 总奖励:  -186.86 (Avg10:  -188.10)
[19:58:59] Agent奖励:
[19:58:59]   wind      :    6.148
[19:58:59]   solar     :    7.213
[19:58:59]   diesel    :   -0.763
[19:58:59]   battery   :   -8.034
[19:58:59]   customer  : -191.428
[19:58:59] Grid交易: Import=9.2 | Export=732.3
[19:59:00] 
============================================================
[19:59:00] Episode 20/200 | Steps: 24
[19:59:00] 总奖励:  -182.48 (Avg10:  -188.84)
[19:59:00] Agent奖励:
[19:59:00]   wind      :   15.238
[19:59:00]   solar     :    6.400
[19:59:00]   diesel    :   -0.013
[19:59:00]   battery   :   -4.794
[19:59:00]   customer  : -199.314
[19:59:00] Grid交易: Import=39.4 | Export=846.2
[19:59:00] 
📊 生成多维分析图表...
[19:59:01]   ✓ Training Status: debug_plots/training_status_ep0020.png
[19:59:01]   ✓ Agent Details:   debug_plots/agent_detail_ep0020.png
[19:59:01]   ✓ Grid Analysis:   debug_plots/grid_status_ep0020.png
[19:59:02] 
============================================================
[19:59:02] Episode 21/200 | Steps: 24
[19:59:02] 总奖励:  -176.66 (Avg10:  -186.71)
[19:59:02] Agent奖励:
[19:59:02]   wind      :   12.892
[19:59:02]   solar     :   11.795
[19:59:02]   diesel    :   -0.728
[19:59:02]   battery   :   -3.728
[19:59:02]   customer  : -196.890
[19:59:02] Grid交易: Import=0.0 | Export=840.0
[19:59:03] 
============================================================
[19:59:03] Episode 22/200 | Steps: 24
[19:59:03] 总奖励:  -174.40 (Avg10:  -184.41)
[19:59:03] Agent奖励:
[19:59:03]   wind      :   12.651
[19:59:03]   solar     :   10.219
[19:59:03]   diesel    :   -0.794
[19:59:03]   battery   :   -2.442
[19:59:03]   customer  : -194.037
[19:59:03] Grid交易: Import=13.7 | Export=926.9
[19:59:04] 
============================================================
[19:59:04] Episode 23/200 | Steps: 24
[19:59:04] 总奖励:  -186.91 (Avg10:  -185.50)
[19:59:04] Agent奖励:
[19:59:04]   wind      :   11.132
[19:59:04]   solar     :    7.591
[19:59:04]   diesel    :    0.734
[19:59:04]   battery   :   -8.437
[19:59:04]   customer  : -197.934
[19:59:04] Grid交易: Import=47.1 | Export=1035.7
[19:59:05] 
============================================================
[19:59:05] Episode 24/200 | Steps: 24
[19:59:05] 总奖励:  -183.32 (Avg10:  -182.57)
[19:59:05] Agent奖励:
[19:59:05]   wind      :    3.804
[19:59:05]   solar     :    4.218
[19:59:05]   diesel    :    2.443
[19:59:05]   battery   :    0.000
[19:59:05]   customer  : -193.787
[19:59:05] Grid交易: Import=0.0 | Export=1003.2
[19:59:07] 
============================================================
[19:59:07] Episode 25/200 | Steps: 24
[19:59:07] 总奖励:  -173.85 (Avg10:  -180.96)
[19:59:07] Agent奖励:
[19:59:07]   wind      :   14.289
[19:59:07]   solar     :    2.726
[19:59:07]   diesel    :   -1.476
[19:59:07]   battery   :    0.074
[19:59:07]   customer  : -189.460
[19:59:07] Grid交易: Import=0.0 | Export=892.9
[19:59:08] 
============================================================
[19:59:08] Episode 26/200 | Steps: 24
[19:59:08] 总奖励:  -181.35 (Avg10:  -181.49)
[19:59:08] Agent奖励:
[19:59:08]   wind      :    7.325
[19:59:08]   solar     :    5.676
[19:59:08]   diesel    :   -0.484
[19:59:08]   battery   :   -1.128
[19:59:08]   customer  : -192.734
[19:59:08] Grid交易: Import=13.5 | Export=1176.1
[19:59:10] 
============================================================
[19:59:10] Episode 27/200 | Steps: 24
[19:59:10] 总奖励:  -185.53 (Avg10:  -181.19)
[19:59:10] Agent奖励:
[19:59:10]   wind      :    0.665
[19:59:10]   solar     :    4.627
[19:59:10]   diesel    :   -0.276
[19:59:10]   battery   :    0.000
[19:59:10]   customer  : -190.544
[19:59:10] Grid交易: Import=0.0 | Export=945.4
[19:59:11] 
============================================================
[19:59:11] Episode 28/200 | Steps: 24
[19:59:11] 总奖励:  -175.12 (Avg10:  -180.65)
[19:59:11] Agent奖励:
[19:59:11]   wind      :    8.697
[19:59:11]   solar     :    3.405
[19:59:11]   diesel    :   -1.832
[19:59:11]   battery   :    1.745
[19:59:11]   customer  : -187.134
[19:59:11] Grid交易: Import=0.0 | Export=947.3
[19:59:12] 
============================================================
[19:59:12] Episode 29/200 | Steps: 24
[19:59:12] 总奖励:  -178.34 (Avg10:  -179.80)
[19:59:12] Agent奖励:
[19:59:12]   wind      :    8.142
[19:59:12]   solar     :    6.759
[19:59:12]   diesel    :   -1.191
[19:59:12]   battery   :   -0.175
[19:59:12]   customer  : -191.873
[19:59:12] Grid交易: Import=0.0 | Export=1011.4
[19:59:13] 
============================================================
[19:59:13] Episode 30/200 | Steps: 24
[19:59:13] 总奖励:  -176.38 (Avg10:  -179.19)
[19:59:13] Agent奖励:
[19:59:13]   wind      :   15.806
[19:59:13]   solar     :    2.801
[19:59:13]   diesel    :   -0.409
[19:59:13]   battery   :   -1.775
[19:59:13]   customer  : -192.805
[19:59:13] Grid交易: Import=7.1 | Export=978.4
[19:59:13] 
📊 生成多维分析图表...
[19:59:14]   ✓ Training Status: debug_plots/training_status_ep0030.png
[19:59:14]   ✓ Agent Details:   debug_plots/agent_detail_ep0030.png
[19:59:14]   ✓ Grid Analysis:   debug_plots/grid_status_ep0030.png
[19:59:15] 
============================================================
[19:59:15] Episode 31/200 | Steps: 24
[19:59:15] 总奖励:  -186.65 (Avg10:  -180.18)
[19:59:15] Agent奖励:
[19:59:15]   wind      :    4.704
[19:59:15]   solar     :    2.134
[19:59:15]   diesel    :    0.000
[19:59:15]   battery   :    0.002
[19:59:15]   customer  : -193.487
[19:59:15] Grid交易: Import=0.0 | Export=1150.8
[19:59:16] 
============================================================
[19:59:16] Episode 32/200 | Steps: 24
[19:59:16] 总奖励:  -177.95 (Avg10:  -180.54)
[19:59:16] Agent奖励:
[19:59:16]   wind      :   17.010
[19:59:16]   solar     :    3.450
[19:59:16]   diesel    :    1.163
[19:59:16]   battery   :   -1.893
[19:59:16]   customer  : -197.679
[19:59:16] Grid交易: Import=7.2 | Export=996.0
[19:59:17] 
============================================================
[19:59:17] Episode 33/200 | Steps: 24
[19:59:17] 总奖励:  -184.38 (Avg10:  -180.29)
[19:59:17] Agent奖励:
[19:59:17]   wind      :    8.744
[19:59:17]   solar     :    2.092
[19:59:17]   diesel    :   -5.595
[19:59:17]   battery   :   -1.433
[19:59:17]   customer  : -188.193
[19:59:17] Grid交易: Import=5.1 | Export=1297.9
[19:59:18] 
============================================================
[19:59:18] Episode 34/200 | Steps: 24
[19:59:18] 总奖励:  -181.24 (Avg10:  -180.08)
[19:59:18] Agent奖励:
[19:59:18]   wind      :   11.266
[19:59:18]   solar     :    3.678
[19:59:18]   diesel    :    0.000
[19:59:18]   battery   :   -5.050
[19:59:18]   customer  : -191.135
[19:59:18] Grid交易: Import=0.0 | Export=1151.5
[19:59:19] 
============================================================
[19:59:19] Episode 35/200 | Steps: 24
[19:59:19] 总奖励:  -175.78 (Avg10:  -180.27)
[19:59:19] Agent奖励:
[19:59:19]   wind      :   11.598
[19:59:19]   solar     :    5.548
[19:59:19]   diesel    :   -0.388
[19:59:19]   battery   :   -0.649
[19:59:19]   customer  : -191.891
[19:59:19] Grid交易: Import=0.7 | Export=1019.3
[19:59:22] 
============================================================
[19:59:22] Episode 36/200 | Steps: 24
[19:59:22] 总奖励:  -178.76 (Avg10:  -180.01)
[19:59:22] Agent奖励:
[19:59:22]   wind      :   12.454
[19:59:22]   solar     :    2.961
[19:59:22]   diesel    :    0.057
[19:59:22]   battery   :    0.000
[19:59:22]   customer  : -194.228
[19:59:22] Grid交易: Import=0.0 | Export=1288.3
[19:59:23] 
============================================================
[19:59:23] Episode 37/200 | Steps: 24
[19:59:23] 总奖励:  -170.86 (Avg10:  -178.55)
[19:59:23] Agent奖励:
[19:59:23]   wind      :   14.645
[19:59:23]   solar     :    4.157
[19:59:23]   diesel    :    0.005
[19:59:23]   battery   :   -2.284
[19:59:23]   customer  : -187.378
[19:59:23] Grid交易: Import=0.0 | Export=1152.7
[19:59:24] 
============================================================
[19:59:24] Episode 38/200 | Steps: 24
[19:59:24] 总奖励:  -170.16 (Avg10:  -178.05)
[19:59:24] Agent奖励:
[19:59:24]   wind      :   19.035
[19:59:24]   solar     :    4.908
[19:59:24]   diesel    :    0.063
[19:59:24]   battery   :   -2.885
[19:59:24]   customer  : -191.274
[19:59:24] Grid交易: Import=0.6 | Export=1213.1
[19:59:26] 
============================================================
[19:59:26] Episode 39/200 | Steps: 24
[19:59:26] 总奖励:  -183.39 (Avg10:  -178.55)
[19:59:26] Agent奖励:
[19:59:26]   wind      :    5.578
[19:59:26]   solar     :    4.895
[19:59:26]   diesel    :    0.899
[19:59:26]   battery   :   -0.010
[19:59:26]   customer  : -194.757
[19:59:26] Grid交易: Import=1.9 | Export=1275.1
[19:59:27] 
============================================================
[19:59:27] Episode 40/200 | Steps: 24
[19:59:27] 总奖励:  -145.99 (Avg10:  -175.52)
[19:59:27] Agent奖励:
[19:59:27]   wind      :   27.543
[19:59:27]   solar     :   12.695
[19:59:27]   diesel    :   -0.198
[19:59:27]   battery   :   -2.701
[19:59:27]   customer  : -183.330
[19:59:27] Grid交易: Import=5.3 | Export=1208.1
[19:59:27] 
📊 生成多维分析图表...
[19:59:28]   ✓ Training Status: debug_plots/training_status_ep0040.png
[19:59:28]   ✓ Agent Details:   debug_plots/agent_detail_ep0040.png
[19:59:28]   ✓ Grid Analysis:   debug_plots/grid_status_ep0040.png
[19:59:30] 
============================================================
[19:59:30] Episode 41/200 | Steps: 24
[19:59:30] 总奖励:  -175.35 (Avg10:  -174.39)
[19:59:30] Agent奖励:
[19:59:30]   wind      :   11.677
[19:59:30]   solar     :    4.410
[19:59:30]   diesel    :   -0.522
[19:59:30]   battery   :   -1.527
[19:59:30]   customer  : -189.384
[19:59:30] Grid交易: Import=0.0 | Export=1301.8
[19:59:31] 
============================================================
[19:59:31] Episode 42/200 | Steps: 24
[19:59:31] 总奖励:  -182.15 (Avg10:  -174.81)
[19:59:31] Agent奖励:
[19:59:31]   wind      :    9.834
[19:59:31]   solar     :    5.822
[19:59:31]   diesel    :    1.494
[19:59:31]   battery   :   -1.637
[19:59:31]   customer  : -197.667
[19:59:31] Grid交易: Import=10.1 | Export=1203.8
[19:59:32] 
============================================================
[19:59:32] Episode 43/200 | Steps: 24
[19:59:32] 总奖励:  -163.36 (Avg10:  -172.70)
[19:59:32] Agent奖励:
[19:59:32]   wind      :   18.356
[19:59:32]   solar     :    5.044
[19:59:32]   diesel    :    1.025
[19:59:32]   battery   :   -0.652
[19:59:32]   customer  : -187.133
[19:59:32] Grid交易: Import=3.9 | Export=1329.5
[19:59:33] 
============================================================
[19:59:33] Episode 44/200 | Steps: 24
[19:59:33] 总奖励:  -167.26 (Avg10:  -171.31)
[19:59:33] Agent奖励:
[19:59:33]   wind      :   22.949
[19:59:33]   solar     :    5.013
[19:59:33]   diesel    :    0.000
[19:59:33]   battery   :    0.069
[19:59:33]   customer  : -195.294
[19:59:33] Grid交易: Import=7.5 | Export=1172.5
[19:59:34] 
============================================================
[19:59:34] Episode 45/200 | Steps: 24
[19:59:34] 总奖励:  -178.15 (Avg10:  -171.54)
[19:59:34] Agent奖励:
[19:59:34]   wind      :    5.961
[19:59:34]   solar     :    0.919
[19:59:34]   diesel    :    0.284
[19:59:34]   battery   :   -0.106
[19:59:34]   customer  : -185.211
[19:59:34] Grid交易: Import=6.6 | Export=1298.0
[19:59:35] 
============================================================
[19:59:35] Episode 46/200 | Steps: 24
[19:59:35] 总奖励:  -163.31 (Avg10:  -170.00)
[19:59:35] Agent奖励:
[19:59:35]   wind      :   22.281
[19:59:35]   solar     :    5.939
[19:59:35]   diesel    :    0.121
[19:59:35]   battery   :    0.292
[19:59:35]   customer  : -191.944
[19:59:35] Grid交易: Import=0.0 | Export=1387.6
[19:59:37] 
============================================================
[19:59:37] Episode 47/200 | Steps: 24
[19:59:37] 总奖励:  -180.51 (Avg10:  -170.96)
[19:59:37] Agent奖励:
[19:59:37]   wind      :   10.782
[19:59:37]   solar     :    0.637
[19:59:37]   diesel    :   -0.464
[19:59:37]   battery   :    0.000
[19:59:37]   customer  : -191.463
[19:59:37] Grid交易: Import=0.0 | Export=1178.5
[19:59:38] 
============================================================
[19:59:38] Episode 48/200 | Steps: 24
[19:59:38] 总奖励:  -181.99 (Avg10:  -172.15)
[19:59:38] Agent奖励:
[19:59:38]   wind      :    4.244
[19:59:38]   solar     :    4.308
[19:59:38]   diesel    :    0.000
[19:59:38]   battery   :   -0.158
[19:59:38]   customer  : -190.384
[19:59:38] Grid交易: Import=0.0 | Export=1308.6
[19:59:40] 
============================================================
[19:59:40] Episode 49/200 | Steps: 24
[19:59:40] 总奖励:  -177.50 (Avg10:  -171.56)
[19:59:40] Agent奖励:
[19:59:40]   wind      :   11.802
[19:59:40]   solar     :    6.107
[19:59:40]   diesel    :    0.482
[19:59:40]   battery   :   -2.393
[19:59:40]   customer  : -193.498
[19:59:40] Grid交易: Import=14.5 | Export=1330.8
[19:59:41] 
============================================================
[19:59:41] Episode 50/200 | Steps: 24
[19:59:41] 总奖励:  -163.64 (Avg10:  -173.32)
[19:59:41] Agent奖励:
[19:59:41]   wind      :   16.432
[19:59:41]   solar     :    9.338
[19:59:41]   diesel    :   -2.391
[19:59:41]   battery   :   -1.507
[19:59:41]   customer  : -185.514
[19:59:41] Grid交易: Import=1.2 | Export=1324.3
[19:59:41] 
📊 生成多维分析图表...
[19:59:42]   ✓ Training Status: debug_plots/training_status_ep0050.png
[19:59:42]   ✓ Agent Details:   debug_plots/agent_detail_ep0050.png
[19:59:42]   ✓ Grid Analysis:   debug_plots/grid_status_ep0050.png
[19:59:42] 💾 Checkpoint saved: debug_checkpoints/debug_maddpg_20251203_195834_ep50.pt
[19:59:43] 
============================================================
[19:59:43] Episode 51/200 | Steps: 24
[19:59:43] 总奖励:  -164.50 (Avg10:  -172.24)
[19:59:43] Agent奖励:
[19:59:43]   wind      :   16.881
[19:59:43]   solar     :    9.379
[19:59:43]   diesel    :    1.568
[19:59:43]   battery   :    0.000
[19:59:43]   customer  : -192.328
[19:59:43] Grid交易: Import=6.0 | Export=1188.6
[19:59:44] 
============================================================
[19:59:44] Episode 52/200 | Steps: 24
[19:59:44] 总奖励:  -176.11 (Avg10:  -171.63)
[19:59:44] Agent奖励:
[19:59:44]   wind      :   14.990
[19:59:44]   solar     :    8.298
[19:59:44]   diesel    :    0.269
[19:59:44]   battery   :   -4.945
[19:59:44]   customer  : -194.718
[19:59:44] Grid交易: Import=4.7 | Export=1229.6
[19:59:45] 
============================================================
[19:59:45] Episode 53/200 | Steps: 24
[19:59:45] 总奖励:  -179.30 (Avg10:  -173.23)
[19:59:45] Agent奖励:
[19:59:45]   wind      :    6.601
[19:59:45]   solar     :    1.937
[19:59:45]   diesel    :    0.081
[19:59:45]   battery   :    0.000
[19:59:45]   customer  : -187.918
[19:59:45] Grid交易: Import=0.0 | Export=1273.1
[19:59:46] 
============================================================
[19:59:46] Episode 54/200 | Steps: 24
[19:59:46] 总奖励:  -169.08 (Avg10:  -173.41)
[19:59:46] Agent奖励:
[19:59:46]   wind      :   17.530
[19:59:46]   solar     :    9.579
[19:59:46]   diesel    :    1.491
[19:59:46]   battery   :   -1.266
[19:59:46]   customer  : -196.418
[19:59:46] Grid交易: Import=9.4 | Export=1167.1
[19:59:47] 
============================================================
[19:59:47] Episode 55/200 | Steps: 24
[19:59:47] 总奖励:  -180.33 (Avg10:  -173.63)
[19:59:47] Agent奖励:
[19:59:47]   wind      :    8.745
[19:59:47]   solar     :    6.631
[19:59:47]   diesel    :   -3.425
[19:59:47]   battery   :   -1.737
[19:59:47]   customer  : -190.543
[19:59:47] Grid交易: Import=11.7 | Export=1226.8
[19:59:48] 
============================================================
[19:59:48] Episode 56/200 | Steps: 24
[19:59:48] 总奖励:  -182.10 (Avg10:  -175.51)
[19:59:48] Agent奖励:
[19:59:48]   wind      :    7.413
[19:59:48]   solar     :    2.868
[19:59:48]   diesel    :    1.960
[19:59:48]   battery   :   -1.889
[19:59:48]   customer  : -192.450
[19:59:48] Grid交易: Import=0.0 | Export=1388.0
[19:59:50] 
============================================================
[19:59:50] Episode 57/200 | Steps: 24
[19:59:50] 总奖励:  -179.73 (Avg10:  -175.43)
[19:59:50] Agent奖励:
[19:59:50]   wind      :    7.554
[19:59:50]   solar     :    3.661
[19:59:50]   diesel    :   -0.224
[19:59:50]   battery   :    0.000
[19:59:50]   customer  : -190.723
[19:59:50] Grid交易: Import=9.0 | Export=1134.7
[19:59:51] 
============================================================
[19:59:51] Episode 58/200 | Steps: 24
[19:59:51] 总奖励:  -171.30 (Avg10:  -174.36)
[19:59:51] Agent奖励:
[19:59:51]   wind      :    5.981
[19:59:51]   solar     :    6.363
[19:59:51]   diesel    :    1.362
[19:59:51]   battery   :    0.081
[19:59:51]   customer  : -185.083
[19:59:51] Grid交易: Import=10.4 | Export=1250.0
[19:59:52] 
============================================================
[19:59:52] Episode 59/200 | Steps: 24
[19:59:52] 总奖励:  -170.45 (Avg10:  -173.65)
[19:59:52] Agent奖励:
[19:59:52]   wind      :   17.910
[19:59:52]   solar     :    8.225
[19:59:52]   diesel    :   -3.012
[19:59:52]   battery   :    0.000
[19:59:52]   customer  : -193.572
[19:59:52] Grid交易: Import=16.7 | Export=1263.7
[19:59:53] 
============================================================
[19:59:53] Episode 60/200 | Steps: 24
[19:59:53] 总奖励:  -184.41 (Avg10:  -175.73)
[19:59:53] Agent奖励:
[19:59:53]   wind      :   10.114
[19:59:53]   solar     :   -0.030
[19:59:53]   diesel    :    0.468
[19:59:53]   battery   :   -1.895
[19:59:53]   customer  : -193.069
[19:59:53] Grid交易: Import=0.0 | Export=1269.4
[19:59:53] 
📊 生成多维分析图表...
[19:59:53]   ✓ Training Status: debug_plots/training_status_ep0060.png
[19:59:53]   ✓ Agent Details:   debug_plots/agent_detail_ep0060.png
[19:59:53]   ✓ Grid Analysis:   debug_plots/grid_status_ep0060.png
[19:59:55] 
============================================================
[19:59:55] Episode 61/200 | Steps: 24
[19:59:55] 总奖励:  -172.51 (Avg10:  -176.53)
[19:59:55] Agent奖励:
[19:59:55]   wind      :   22.963
[19:59:55]   solar     :    9.135
[19:59:55]   diesel    :    4.199
[19:59:55]   battery   :   -0.967
[19:59:55]   customer  : -207.836
[19:59:55] Grid交易: Import=5.4 | Export=1183.3
[19:59:56] 
============================================================
[19:59:56] Episode 62/200 | Steps: 24
[19:59:56] 总奖励:  -177.07 (Avg10:  -176.63)
[19:59:56] Agent奖励:
[19:59:56]   wind      :   10.019
[19:59:56]   solar     :    6.502
[19:59:56]   diesel    :    1.126
[19:59:56]   battery   :    0.000
[19:59:56]   customer  : -194.715
[19:59:56] Grid交易: Import=2.9 | Export=1404.9
[19:59:57] 
============================================================
[19:59:57] Episode 63/200 | Steps: 24
[19:59:57] 总奖励:  -160.04 (Avg10:  -174.70)
[19:59:57] Agent奖励:
[19:59:57]   wind      :   11.835
[19:59:57]   solar     :    8.781
[19:59:57]   diesel    :    1.070
[19:59:57]   battery   :    0.021
[19:59:57]   customer  : -181.749
[19:59:57] Grid交易: Import=0.0 | Export=1114.7
[19:59:57] 
============================================================
[19:59:57] Episode 64/200 | Steps: 24
[19:59:57] 总奖励:  -175.00 (Avg10:  -175.29)
[19:59:57] Agent奖励:
[19:59:57]   wind      :   11.290
[19:59:57]   solar     :    4.831
[19:59:57]   diesel    :    1.441
[19:59:57]   battery   :   -0.681
[19:59:57]   customer  : -191.878
[19:59:57] Grid交易: Import=3.1 | Export=1155.1
[19:59:58] 
============================================================
[19:59:58] Episode 65/200 | Steps: 24
[19:59:58] 总奖励:  -174.99 (Avg10:  -174.76)
[19:59:58] Agent奖励:
[19:59:58]   wind      :   14.945
[19:59:58]   solar     :    8.636
[19:59:58]   diesel    :    1.153
[19:59:58]   battery   :   -1.268
[19:59:58]   customer  : -198.461
[19:59:58] Grid交易: Import=18.1 | Export=1116.8
[19:59:59] 
============================================================
[19:59:59] Episode 66/200 | Steps: 24
[19:59:59] 总奖励:  -166.11 (Avg10:  -173.16)
[19:59:59] Agent奖励:
[19:59:59]   wind      :   12.856
[19:59:59]   solar     :    7.429
[19:59:59]   diesel    :   -0.544
[19:59:59]   battery   :   -3.406
[19:59:59]   customer  : -182.444
[19:59:59] Grid交易: Import=21.5 | Export=1135.2
[20:00:01] 
============================================================
[20:00:01] Episode 67/200 | Steps: 24
[20:00:01] 总奖励:  -178.00 (Avg10:  -172.99)
[20:00:01] Agent奖励:
[20:00:01]   wind      :   12.501
[20:00:01]   solar     :    3.051
[20:00:01]   diesel    :    0.373
[20:00:01]   battery   :    0.000
[20:00:01]   customer  : -193.927
[20:00:01] Grid交易: Import=15.7 | Export=1215.0
[20:00:02] 
============================================================
[20:00:02] Episode 68/200 | Steps: 24
[20:00:02] 总奖励:  -169.93 (Avg10:  -172.85)
[20:00:02] Agent奖励:
[20:00:02]   wind      :   10.672
[20:00:02]   solar     :    1.754
[20:00:02]   diesel    :    0.270
[20:00:02]   battery   :   -0.457
[20:00:02]   customer  : -182.168
[20:00:02] Grid交易: Import=2.1 | Export=1257.1
[20:00:03] 
============================================================
[20:00:03] Episode 69/200 | Steps: 24
[20:00:03] 总奖励:  -160.41 (Avg10:  -171.85)
[20:00:03] Agent奖励:
[20:00:03]   wind      :    9.338
[20:00:03]   solar     :   13.126
[20:00:03]   diesel    :    1.303
[20:00:03]   battery   :    0.911
[20:00:03]   customer  : -185.086
[20:00:03] Grid交易: Import=15.1 | Export=1162.5
[20:00:04] 
============================================================
[20:00:04] Episode 70/200 | Steps: 24
[20:00:04] 总奖励:  -177.78 (Avg10:  -171.18)
[20:00:04] Agent奖励:
[20:00:04]   wind      :   10.537
[20:00:04]   solar     :    8.026
[20:00:04]   diesel    :    1.210
[20:00:04]   battery   :   -0.492
[20:00:04]   customer  : -197.058
[20:00:04] Grid交易: Import=37.7 | Export=1182.5
[20:00:04] 
📊 生成多维分析图表...
[20:00:05]   ✓ Training Status: debug_plots/training_status_ep0070.png
[20:00:05]   ✓ Agent Details:   debug_plots/agent_detail_ep0070.png
[20:00:05]   ✓ Grid Analysis:   debug_plots/grid_status_ep0070.png
[20:00:05] 
============================================================
[20:00:05] Episode 71/200 | Steps: 24
[20:00:05] 总奖励:  -184.13 (Avg10:  -172.35)
[20:00:05] Agent奖励:
[20:00:05]   wind      :   12.370
[20:00:05]   solar     :    6.403
[20:00:05]   diesel    :    0.065
[20:00:05]   battery   :   -0.604
[20:00:05]   customer  : -202.362
[20:00:05] Grid交易: Import=7.3 | Export=1112.1
[20:00:06] 
============================================================
[20:00:06] Episode 72/200 | Steps: 24
[20:00:06] 总奖励:  -173.52 (Avg10:  -171.99)
[20:00:06] Agent奖励:
[20:00:06]   wind      :   12.554
[20:00:06]   solar     :    1.996
[20:00:06]   diesel    :    0.077
[20:00:06]   battery   :    0.868
[20:00:06]   customer  : -189.013
[20:00:06] Grid交易: Import=19.0 | Export=1253.2
[20:00:07] 
============================================================
[20:00:07] Episode 73/200 | Steps: 24
[20:00:07] 总奖励:  -170.48 (Avg10:  -173.03)
[20:00:07] Agent奖励:
[20:00:07]   wind      :   18.389
[20:00:07]   solar     :    6.467
[20:00:07]   diesel    :    8.266
[20:00:07]   battery   :   -0.047
[20:00:07]   customer  : -203.551
[20:00:07] Grid交易: Import=23.4 | Export=1152.2
[20:00:08] 
============================================================
[20:00:08] Episode 74/200 | Steps: 24
[20:00:08] 总奖励:  -171.91 (Avg10:  -172.72)
[20:00:08] Agent奖励:
[20:00:08]   wind      :   14.939
[20:00:08]   solar     :    1.946
[20:00:08]   diesel    :   -0.053
[20:00:08]   battery   :   -3.225
[20:00:08]   customer  : -185.519
[20:00:08] Grid交易: Import=0.0 | Export=1291.2
[20:00:09] 
============================================================
[20:00:09] Episode 75/200 | Steps: 24
[20:00:09] 总奖励:  -181.76 (Avg10:  -173.40)
[20:00:09] Agent奖励:
[20:00:09]   wind      :    5.948
[20:00:09]   solar     :    4.227
[20:00:09]   diesel    :   -3.364
[20:00:09]   battery   :   -2.553
[20:00:09]   customer  : -186.013
[20:00:09] Grid交易: Import=0.0 | Export=1249.5
[20:00:09] 
============================================================
[20:00:09] Episode 76/200 | Steps: 24
[20:00:09] 总奖励:  -177.18 (Avg10:  -174.51)
[20:00:09] Agent奖励:
[20:00:09]   wind      :   14.408
[20:00:09]   solar     :    9.598
[20:00:09]   diesel    :    1.223
[20:00:09]   battery   :    0.000
[20:00:09]   customer  : -202.405
[20:00:09] Grid交易: Import=1.5 | Export=1148.1
[20:00:11] 
============================================================
[20:00:11] Episode 77/200 | Steps: 24
[20:00:11] 总奖励:  -161.83 (Avg10:  -172.89)
[20:00:11] Agent奖励:
[20:00:11]   wind      :   26.296
[20:00:11]   solar     :    7.710
[20:00:11]   diesel    :   -2.819
[20:00:11]   battery   :   -0.509
[20:00:11]   customer  : -192.508
[20:00:11] Grid交易: Import=6.4 | Export=1098.4
[20:00:12] 
============================================================
[20:00:12] Episode 78/200 | Steps: 24
[20:00:12] 总奖励:  -177.91 (Avg10:  -173.69)
[20:00:12] Agent奖励:
[20:00:12]   wind      :    8.289
[20:00:12]   solar     :    4.181
[20:00:12]   diesel    :   -1.510
[20:00:12]   battery   :   -1.312
[20:00:12]   customer  : -187.560
[20:00:12] Grid交易: Import=0.0 | Export=1312.8
[20:00:13] 
============================================================
[20:00:13] Episode 79/200 | Steps: 24
[20:00:13] 总奖励:  -174.26 (Avg10:  -175.07)
[20:00:13] Agent奖励:
[20:00:13]   wind      :   10.196
[20:00:13]   solar     :    5.217
[20:00:13]   diesel    :   -1.183
[20:00:13]   battery   :    0.278
[20:00:13]   customer  : -188.764
[20:00:13] Grid交易: Import=0.0 | Export=1245.0
[20:00:14] 
============================================================
[20:00:14] Episode 80/200 | Steps: 24
[20:00:14] 总奖励:  -159.96 (Avg10:  -173.29)
[20:00:14] Agent奖励:
[20:00:14]   wind      :   20.566
[20:00:14]   solar     :    8.381
[20:00:14]   diesel    :   -0.044
[20:00:14]   battery   :   -0.074
[20:00:14]   customer  : -188.786
[20:00:14] Grid交易: Import=11.5 | Export=989.0
[20:00:14] 
📊 生成多维分析图表...
[20:00:15]   ✓ Training Status: debug_plots/training_status_ep0080.png
[20:00:15]   ✓ Agent Details:   debug_plots/agent_detail_ep0080.png
[20:00:15]   ✓ Grid Analysis:   debug_plots/grid_status_ep0080.png
[20:00:16] 
============================================================
[20:00:16] Episode 81/200 | Steps: 24
[20:00:16] 总奖励:  -177.30 (Avg10:  -172.61)
[20:00:16] Agent奖励:
[20:00:16]   wind      :   12.583
[20:00:16]   solar     :    4.237
[20:00:16]   diesel    :    3.343
[20:00:16]   battery   :   -0.737
[20:00:16]   customer  : -196.720
[20:00:16] Grid交易: Import=7.3 | Export=1209.5
[20:00:17] 
============================================================
[20:00:17] Episode 82/200 | Steps: 24
[20:00:17] 总奖励:  -176.90 (Avg10:  -172.95)
[20:00:17] Agent奖励:
[20:00:17]   wind      :    9.112
[20:00:17]   solar     :    2.768
[20:00:17]   diesel    :    2.261
[20:00:17]   battery   :   -1.146
[20:00:17]   customer  : -189.891
[20:00:17] Grid交易: Import=0.0 | Export=1359.2
[20:00:18] 
============================================================
[20:00:18] Episode 83/200 | Steps: 24
[20:00:18] 总奖励:  -169.17 (Avg10:  -172.82)
[20:00:18] Agent奖励:
[20:00:18]   wind      :    9.275
[20:00:18]   solar     :    9.233
[20:00:18]   diesel    :    0.948
[20:00:18]   battery   :   -0.575
[20:00:18]   customer  : -188.048
[20:00:18] Grid交易: Import=1.3 | Export=1098.4
[20:00:19] 
============================================================
[20:00:19] Episode 84/200 | Steps: 24
[20:00:19] 总奖励:  -181.50 (Avg10:  -173.77)
[20:00:19] Agent奖励:
[20:00:19]   wind      :    3.835
[20:00:19]   solar     :    2.436
[20:00:19]   diesel    :    1.130
[20:00:19]   battery   :    0.000
[20:00:19]   customer  : -188.897
[20:00:19] Grid交易: Import=0.8 | Export=1198.1
[20:00:19] 
============================================================
[20:00:19] Episode 85/200 | Steps: 24
[20:00:19] 总奖励:  -163.72 (Avg10:  -171.97)
[20:00:19] Agent奖励:
[20:00:19]   wind      :   17.700
[20:00:19]   solar     :   11.958
[20:00:19]   diesel    :   -0.102
[20:00:19]   battery   :    0.000
[20:00:19]   customer  : -193.273
[20:00:19] Grid交易: Import=3.1 | Export=1112.6
[20:00:21] 
============================================================
[20:00:21] Episode 86/200 | Steps: 24
[20:00:21] 总奖励:  -169.59 (Avg10:  -171.21)
[20:00:21] Agent奖励:
[20:00:21]   wind      :   15.545
[20:00:21]   solar     :    6.725
[20:00:21]   diesel    :    1.339
[20:00:21]   battery   :   -0.006
[20:00:21]   customer  : -193.194
[20:00:21] Grid交易: Import=26.6 | Export=1160.0
[20:00:23] 
============================================================
[20:00:23] Episode 87/200 | Steps: 24
[20:00:23] 总奖励:  -167.86 (Avg10:  -171.81)
[20:00:23] Agent奖励:
[20:00:23]   wind      :   11.796
[20:00:23]   solar     :    5.575
[20:00:23]   diesel    :   -0.676
[20:00:23]   battery   :   -1.114
[20:00:23]   customer  : -183.438
[20:00:23] Grid交易: Import=14.5 | Export=1139.8
[20:00:24] 
============================================================
[20:00:24] Episode 88/200 | Steps: 24
[20:00:24] 总奖励:  -165.55 (Avg10:  -170.58)
[20:00:24] Agent奖励:
[20:00:24]   wind      :   16.197
[20:00:24]   solar     :    9.004
[20:00:24]   diesel    :    0.903
[20:00:24]   battery   :   -2.100
[20:00:24]   customer  : -189.559
[20:00:24] Grid交易: Import=0.7 | Export=1031.5
[20:00:26] 
============================================================
[20:00:26] Episode 89/200 | Steps: 24
[20:00:26] 总奖励:  -166.23 (Avg10:  -169.78)
[20:00:26] Agent奖励:
[20:00:26]   wind      :   18.541
[20:00:26]   solar     :    5.856
[20:00:26]   diesel    :    0.862
[20:00:26]   battery   :    0.000
[20:00:26]   customer  : -191.494
[20:00:26] Grid交易: Import=15.0 | Export=1098.8
[20:00:27] 
============================================================
[20:00:27] Episode 90/200 | Steps: 24
[20:00:27] 总奖励:  -170.62 (Avg10:  -170.84)
[20:00:27] Agent奖励:
[20:00:27]   wind      :   12.545
[20:00:27]   solar     :    8.807
[20:00:27]   diesel    :   -1.157
[20:00:27]   battery   :   -0.876
[20:00:27]   customer  : -189.936
[20:00:27] Grid交易: Import=19.1 | Export=1148.2
[20:00:27] 
📊 生成多维分析图表...
[20:00:27]   ✓ Training Status: debug_plots/training_status_ep0090.png
[20:00:27]   ✓ Agent Details:   debug_plots/agent_detail_ep0090.png
[20:00:27]   ✓ Grid Analysis:   debug_plots/grid_status_ep0090.png
[20:00:28] 
============================================================
[20:00:28] Episode 91/200 | Steps: 24
[20:00:28] 总奖励:  -159.86 (Avg10:  -169.10)
[20:00:28] Agent奖励:
[20:00:28]   wind      :   17.435
[20:00:28]   solar     :   15.558
[20:00:28]   diesel    :    3.686
[20:00:28]   battery   :   -0.610
[20:00:28]   customer  : -195.929
[20:00:28] Grid交易: Import=9.7 | Export=1129.0
[20:00:29] 
============================================================
[20:00:29] Episode 92/200 | Steps: 24
[20:00:29] 总奖励:  -169.47 (Avg10:  -168.36)
[20:00:29] Agent奖励:
[20:00:29]   wind      :   11.814
[20:00:29]   solar     :    6.012
[20:00:29]   diesel    :   -0.543
[20:00:29]   battery   :   -0.209
[20:00:29]   customer  : -186.540
[20:00:29] Grid交易: Import=0.0 | Export=1173.3
[20:00:30] 
============================================================
[20:00:30] Episode 93/200 | Steps: 24
[20:00:30] 总奖励:  -163.73 (Avg10:  -167.81)
[20:00:30] Agent奖励:
[20:00:30]   wind      :   17.474
[20:00:30]   solar     :    5.797
[20:00:30]   diesel    :    2.722
[20:00:30]   battery   :    0.000
[20:00:30]   customer  : -189.722
[20:00:30] Grid交易: Import=18.3 | Export=1017.6
[20:00:31] 
============================================================
[20:00:31] Episode 94/200 | Steps: 24
[20:00:31] 总奖励:  -154.84 (Avg10:  -165.15)
[20:00:31] Agent奖励:
[20:00:31]   wind      :   26.030
[20:00:31]   solar     :    9.165
[20:00:31]   diesel    :    0.588
[20:00:31]   battery   :   -1.059
[20:00:31]   customer  : -189.568
[20:00:31] Grid交易: Import=0.0 | Export=1068.9
[20:00:32] 
============================================================
[20:00:32] Episode 95/200 | Steps: 24
[20:00:32] 总奖励:  -164.40 (Avg10:  -165.21)
[20:00:32] Agent奖励:
[20:00:32]   wind      :   19.166
[20:00:32]   solar     :    9.182
[20:00:32]   diesel    :    0.819
[20:00:32]   battery   :   -2.713
[20:00:32]   customer  : -190.849
[20:00:32] Grid交易: Import=0.0 | Export=1241.5
[20:00:33] 
============================================================
[20:00:33] Episode 96/200 | Steps: 24
[20:00:33] 总奖励:  -150.61 (Avg10:  -163.32)
[20:00:33] Agent奖励:
[20:00:33]   wind      :   25.100
[20:00:33]   solar     :   12.617
[20:00:33]   diesel    :    1.014
[20:00:33]   battery   :    0.109
[20:00:33]   customer  : -189.450
[20:00:33] Grid交易: Import=12.1 | Export=972.1
[20:00:34] 
============================================================
[20:00:34] Episode 97/200 | Steps: 24
[20:00:34] 总奖励:  -154.08 (Avg10:  -161.94)
[20:00:34] Agent奖励:
[20:00:34]   wind      :   17.255
[20:00:34]   solar     :    8.779
[20:00:34]   diesel    :    2.327
[20:00:34]   battery   :   -0.226
[20:00:34]   customer  : -182.210
[20:00:34] Grid交易: Import=5.7 | Export=1070.1
[20:00:35] 
============================================================
[20:00:35] Episode 98/200 | Steps: 24
[20:00:35] 总奖励:  -173.10 (Avg10:  -162.69)
[20:00:35] Agent奖励:
[20:00:35]   wind      :   14.472
[20:00:35]   solar     :    6.907
[20:00:35]   diesel    :    1.525
[20:00:35]   battery   :   -0.028
[20:00:35]   customer  : -195.979
[20:00:35] Grid交易: Import=15.7 | Export=1020.0
[20:00:37] 
============================================================
[20:00:37] Episode 99/200 | Steps: 24
[20:00:37] 总奖励:  -160.79 (Avg10:  -162.15)
[20:00:37] Agent奖励:
[20:00:37]   wind      :   20.196
[20:00:37]   solar     :   15.328
[20:00:37]   diesel    :    4.712
[20:00:37]   battery   :   -1.063
[20:00:37]   customer  : -199.968
[20:00:37] Grid交易: Import=17.8 | Export=1065.9
[20:00:38] 
============================================================
[20:00:38] Episode 100/200 | Steps: 24
[20:00:38] 总奖励:  -167.26 (Avg10:  -161.81)
[20:00:38] Agent奖励:
[20:00:38]   wind      :   15.097
[20:00:38]   solar     :    5.450
[20:00:38]   diesel    :    0.740
[20:00:38]   battery   :   -1.100
[20:00:38]   customer  : -187.448
[20:00:38] Grid交易: Import=0.0 | Export=1173.8
[20:00:38] 
📊 生成多维分析图表...
[20:00:39]   ✓ Training Status: debug_plots/training_status_ep0100.png
[20:00:39]   ✓ Agent Details:   debug_plots/agent_detail_ep0100.png
[20:00:39]   ✓ Grid Analysis:   debug_plots/grid_status_ep0100.png
[20:00:39] 💾 Checkpoint saved: debug_checkpoints/debug_maddpg_20251203_195834_ep100.pt
[20:00:39] 
============================================================
[20:00:39] Episode 101/200 | Steps: 24
[20:00:39] 总奖励:  -180.38 (Avg10:  -163.87)
[20:00:39] Agent奖励:
[20:00:39]   wind      :   13.925
[20:00:39]   solar     :    4.269
[20:00:39]   diesel    :    0.355
[20:00:39]   battery   :   -0.994
[20:00:39]   customer  : -197.934
[20:00:39] Grid交易: Import=0.0 | Export=1027.5
[20:00:40] 
============================================================
[20:00:40] Episode 102/200 | Steps: 24
[20:00:40] 总奖励:  -163.20 (Avg10:  -163.24)
[20:00:40] Agent奖励:
[20:00:40]   wind      :   15.170
[20:00:40]   solar     :   16.797
[20:00:40]   diesel    :    3.270
[20:00:40]   battery   :   -0.671
[20:00:40]   customer  : -197.764
[20:00:40] Grid交易: Import=8.6 | Export=1025.5
[20:00:41] 
============================================================
[20:00:41] Episode 103/200 | Steps: 24
[20:00:41] 总奖励:  -144.97 (Avg10:  -161.36)
[20:00:41] Agent奖励:
[20:00:41]   wind      :   27.640
[20:00:41]   solar     :   12.532
[20:00:41]   diesel    :    6.768
[20:00:41]   battery   :   -0.468
[20:00:41]   customer  : -191.438
[20:00:41] Grid交易: Import=0.1 | Export=1000.1
[20:00:42] 
============================================================
[20:00:42] Episode 104/200 | Steps: 24
[20:00:42] 总奖励:  -179.49 (Avg10:  -163.83)
[20:00:42] Agent奖励:
[20:00:42]   wind      :    5.303
[20:00:42]   solar     :    7.184
[20:00:42]   diesel    :    4.040
[20:00:42]   battery   :   -1.377
[20:00:42]   customer  : -194.641
[20:00:42] Grid交易: Import=5.6 | Export=1163.3
[20:00:43] 
============================================================
[20:00:43] Episode 105/200 | Steps: 24
[20:00:43] 总奖励:  -162.19 (Avg10:  -163.61)
[20:00:43] Agent奖励:
[20:00:43]   wind      :   18.600
[20:00:43]   solar     :   22.863
[20:00:43]   diesel    :    2.450
[20:00:43]   battery   :   -5.406
[20:00:43]   customer  : -200.693
[20:00:43] Grid交易: Import=6.0 | Export=988.4
[20:00:44] 
============================================================
[20:00:44] Episode 106/200 | Steps: 24
[20:00:44] 总奖励:  -167.41 (Avg10:  -165.29)
[20:00:44] Agent奖励:
[20:00:44]   wind      :   10.034
[20:00:44]   solar     :    8.969
[20:00:44]   diesel    :    2.096
[20:00:44]   battery   :   -0.529
[20:00:44]   customer  : -187.979
[20:00:44] Grid交易: Import=0.0 | Export=1093.8
[20:00:46] 
============================================================
[20:00:46] Episode 107/200 | Steps: 24
[20:00:46] 总奖励:  -158.72 (Avg10:  -165.75)
[20:00:46] Agent奖励:
[20:00:46]   wind      :   16.396
[20:00:46]   solar     :   15.557
[20:00:46]   diesel    :    2.040
[20:00:46]   battery   :   -2.794
[20:00:46]   customer  : -189.917
[20:00:46] Grid交易: Import=2.0 | Export=1114.4
[20:00:47] 
============================================================
[20:00:47] Episode 108/200 | Steps: 24
[20:00:47] 总奖励:  -158.33 (Avg10:  -164.27)
[20:00:47] Agent奖励:
[20:00:47]   wind      :   20.088
[20:00:47]   solar     :   11.798
[20:00:47]   diesel    :   -0.490
[20:00:47]   battery   :   -0.839
[20:00:47]   customer  : -188.892
[20:00:47] Grid交易: Import=0.0 | Export=1052.7
[20:00:48] 
============================================================
[20:00:48] Episode 109/200 | Steps: 24
[20:00:48] 总奖励:  -173.73 (Avg10:  -165.57)
[20:00:48] Agent奖励:
[20:00:48]   wind      :   13.755
[20:00:48]   solar     :   12.360
[20:00:48]   diesel    :    1.458
[20:00:48]   battery   :   -1.747
[20:00:48]   customer  : -199.560
[20:00:48] Grid交易: Import=11.9 | Export=1052.6
[20:00:50] 
============================================================
[20:00:50] Episode 110/200 | Steps: 24
[20:00:50] 总奖励:  -141.90 (Avg10:  -163.03)
[20:00:50] Agent奖励:
[20:00:50]   wind      :   25.460
[20:00:50]   solar     :   16.292
[20:00:50]   diesel    :    0.497
[20:00:50]   battery   :   -0.582
[20:00:50]   customer  : -183.572
[20:00:50] Grid交易: Import=11.4 | Export=1055.4
[20:00:50] 
📊 生成多维分析图表...
[20:00:50]   ✓ Training Status: debug_plots/training_status_ep0110.png
[20:00:50]   ✓ Agent Details:   debug_plots/agent_detail_ep0110.png
[20:00:50]   ✓ Grid Analysis:   debug_plots/grid_status_ep0110.png
[20:00:51] 
============================================================
[20:00:51] Episode 111/200 | Steps: 24
[20:00:51] 总奖励:  -175.16 (Avg10:  -162.51)
[20:00:51] Agent奖励:
[20:00:51]   wind      :   12.070
[20:00:51]   solar     :    6.447
[20:00:51]   diesel    :    0.428
[20:00:51]   battery   :   -2.589
[20:00:51]   customer  : -191.513
[20:00:51] Grid交易: Import=0.0 | Export=1224.6
[20:00:52] 
============================================================
[20:00:52] Episode 112/200 | Steps: 24
[20:00:52] 总奖励:  -160.66 (Avg10:  -162.26)
[20:00:52] Agent奖励:
[20:00:52]   wind      :   14.238
[20:00:52]   solar     :    6.910
[20:00:52]   diesel    :    0.473
[20:00:52]   battery   :   -0.145
[20:00:52]   customer  : -182.138
[20:00:52] Grid交易: Import=0.0 | Export=1208.1
[20:00:53] 
============================================================
[20:00:53] Episode 113/200 | Steps: 24
[20:00:53] 总奖励:  -167.88 (Avg10:  -164.55)
[20:00:53] Agent奖励:
[20:00:53]   wind      :   12.527
[20:00:53]   solar     :    7.794
[20:00:53]   diesel    :   -1.102
[20:00:53]   battery   :    0.006
[20:00:53]   customer  : -187.108
[20:00:53] Grid交易: Import=7.4 | Export=1206.9
[20:00:54] 
============================================================
[20:00:54] Episode 114/200 | Steps: 24
[20:00:54] 总奖励:  -166.57 (Avg10:  -163.26)
[20:00:54] Agent奖励:
[20:00:54]   wind      :   18.070
[20:00:54]   solar     :   10.228
[20:00:54]   diesel    :    0.849
[20:00:54]   battery   :   -1.325
[20:00:54]   customer  : -194.393
[20:00:54] Grid交易: Import=0.0 | Export=1190.6
[20:00:55] 
============================================================
[20:00:55] Episode 115/200 | Steps: 24
[20:00:55] 总奖励:  -155.69 (Avg10:  -162.61)
[20:00:55] Agent奖励:
[20:00:55]   wind      :   19.266
[20:00:55]   solar     :   13.901
[20:00:55]   diesel    :    2.401
[20:00:55]   battery   :   -1.543
[20:00:55]   customer  : -189.713
[20:00:55] Grid交易: Import=15.1 | Export=980.2
[20:00:55] 
============================================================
[20:00:55] Episode 116/200 | Steps: 24
[20:00:55] 总奖励:  -162.78 (Avg10:  -162.14)
[20:00:55] Agent奖励:
[20:00:55]   wind      :   16.885
[20:00:55]   solar     :    6.040
[20:00:55]   diesel    :    0.761
[20:00:55]   battery   :   -2.596
[20:00:55]   customer  : -183.871
[20:00:55] Grid交易: Import=4.1 | Export=1116.4
[20:00:56] 
============================================================
[20:00:56] Episode 117/200 | Steps: 24
[20:00:56] 总奖励:  -149.83 (Avg10:  -161.25)
[20:00:56] Agent奖励:
[20:00:56]   wind      :   24.598
[20:00:56]   solar     :   16.438
[20:00:56]   diesel    :    1.598
[20:00:56]   battery   :    1.136
[20:00:56]   customer  : -193.601
[20:00:56] Grid交易: Import=10.1 | Export=1024.6
[20:00:58] 
============================================================
[20:00:58] Episode 118/200 | Steps: 24
[20:00:58] 总奖励:  -168.36 (Avg10:  -162.26)
[20:00:58] Agent奖励:
[20:00:58]   wind      :   13.411
[20:00:58]   solar     :   11.348
[20:00:58]   diesel    :    0.066
[20:00:58]   battery   :   -1.056
[20:00:58]   customer  : -192.126
[20:00:58] Grid交易: Import=0.0 | Export=1068.5
[20:00:59] 
============================================================
[20:00:59] Episode 119/200 | Steps: 24
[20:00:59] 总奖励:  -170.04 (Avg10:  -161.89)
[20:00:59] Agent奖励:
[20:00:59]   wind      :   15.507
[20:00:59]   solar     :    4.250
[20:00:59]   diesel    :    3.270
[20:00:59]   battery   :    0.000
[20:00:59]   customer  : -193.062
[20:00:59] Grid交易: Import=2.1 | Export=1161.3
[20:01:00] 
============================================================
[20:01:00] Episode 120/200 | Steps: 24
[20:01:00] 总奖励:  -170.19 (Avg10:  -164.72)
[20:01:00] Agent奖励:
[20:01:00]   wind      :   10.995
[20:01:00]   solar     :    3.616
[20:01:00]   diesel    :    0.114
[20:01:00]   battery   :   -0.672
[20:01:00]   customer  : -184.243
[20:01:00] Grid交易: Import=0.0 | Export=1112.1
[20:01:00] 
📊 生成多维分析图表...
[20:01:01]   ✓ Training Status: debug_plots/training_status_ep0120.png
[20:01:01]   ✓ Agent Details:   debug_plots/agent_detail_ep0120.png
[20:01:01]   ✓ Grid Analysis:   debug_plots/grid_status_ep0120.png
[20:01:02] 
============================================================
[20:01:02] Episode 121/200 | Steps: 24
[20:01:02] 总奖励:  -170.23 (Avg10:  -164.22)
[20:01:02] Agent奖励:
[20:01:02]   wind      :   13.089
[20:01:02]   solar     :    8.596
[20:01:02]   diesel    :    2.360
[20:01:02]   battery   :   -1.391
[20:01:02]   customer  : -192.888
[20:01:02] Grid交易: Import=1.3 | Export=1065.5
[20:01:03] 
============================================================
[20:01:03] Episode 122/200 | Steps: 24
[20:01:03] 总奖励:  -161.02 (Avg10:  -164.26)
[20:01:03] Agent奖励:
[20:01:03]   wind      :   20.345
[20:01:03]   solar     :   16.533
[20:01:03]   diesel    :    4.550
[20:01:03]   battery   :    0.825
[20:01:03]   customer  : -203.272
[20:01:03] Grid交易: Import=43.8 | Export=965.4
[20:01:03] 
============================================================
[20:01:03] Episode 123/200 | Steps: 24
[20:01:03] 总奖励:  -162.30 (Avg10:  -163.70)
[20:01:03] Agent奖励:
[20:01:03]   wind      :   15.827
[20:01:03]   solar     :    8.868
[20:01:03]   diesel    :    1.274
[20:01:03]   battery   :   -0.967
[20:01:03]   customer  : -187.299
[20:01:03] Grid交易: Import=0.0 | Export=1100.7
[20:01:04] 
============================================================
[20:01:04] Episode 124/200 | Steps: 24
[20:01:04] 总奖励:  -177.44 (Avg10:  -164.79)
[20:01:04] Agent奖励:
[20:01:04]   wind      :    8.503
[20:01:04]   solar     :    5.049
[20:01:04]   diesel    :    0.787
[20:01:04]   battery   :   -5.062
[20:01:04]   customer  : -186.718
[20:01:04] Grid交易: Import=0.8 | Export=1220.4
[20:01:05] 
============================================================
[20:01:05] Episode 125/200 | Steps: 24
[20:01:05] 总奖励:  -161.92 (Avg10:  -165.41)
[20:01:05] Agent奖励:
[20:01:05]   wind      :   12.182
[20:01:05]   solar     :    8.018
[20:01:05]   diesel    :    1.438
[20:01:05]   battery   :    0.629
[20:01:05]   customer  : -184.184
[20:01:05] Grid交易: Import=1.8 | Export=1193.3
[20:01:06] 
============================================================
[20:01:06] Episode 126/200 | Steps: 24
[20:01:06] 总奖励:  -171.72 (Avg10:  -166.30)
[20:01:06] Agent奖励:
[20:01:06]   wind      :   10.707
[20:01:06]   solar     :    1.603
[20:01:06]   diesel    :    0.000
[20:01:06]   battery   :    0.550
[20:01:06]   customer  : -184.582
[20:01:06] Grid交易: Import=0.0 | Export=1116.3
[20:01:08] 
============================================================
[20:01:08] Episode 127/200 | Steps: 24
[20:01:08] 总奖励:  -167.59 (Avg10:  -168.08)
[20:01:08] Agent奖励:
[20:01:08]   wind      :   12.317
[20:01:08]   solar     :   10.406
[20:01:08]   diesel    :    0.402
[20:01:08]   battery   :    0.000
[20:01:08]   customer  : -190.718
[20:01:08] Grid交易: Import=0.3 | Export=1003.8
[20:01:09] 
============================================================
[20:01:09] Episode 128/200 | Steps: 24
[20:01:09] 总奖励:  -165.59 (Avg10:  -167.80)
[20:01:09] Agent奖励:
[20:01:09]   wind      :   12.025
[20:01:09]   solar     :    7.873
[20:01:09]   diesel    :    0.788
[20:01:09]   battery   :   -0.058
[20:01:09]   customer  : -186.219
[20:01:09] Grid交易: Import=0.0 | Export=1128.4
[20:01:11] 
============================================================
[20:01:11] Episode 129/200 | Steps: 24
[20:01:11] 总奖励:  -185.94 (Avg10:  -169.39)
[20:01:11] Agent奖励:
[20:01:11]   wind      :    9.787
[20:01:11]   solar     :    2.894
[20:01:11]   diesel    :   -0.175
[20:01:11]   battery   :    0.695
[20:01:11]   customer  : -199.145
[20:01:11] Grid交易: Import=0.0 | Export=1131.9
[20:01:12] 
============================================================
[20:01:12] Episode 130/200 | Steps: 24
[20:01:12] 总奖励:  -180.17 (Avg10:  -170.39)
[20:01:12] Agent奖励:
[20:01:12]   wind      :    6.877
[20:01:12]   solar     :    8.540
[20:01:12]   diesel    :    0.600
[20:01:12]   battery   :   -1.740
[20:01:12]   customer  : -194.442
[20:01:12] Grid交易: Import=0.0 | Export=1063.7
[20:01:12] 
📊 生成多维分析图表...
[20:01:12]   ✓ Training Status: debug_plots/training_status_ep0130.png
[20:01:12]   ✓ Agent Details:   debug_plots/agent_detail_ep0130.png
[20:01:12]   ✓ Grid Analysis:   debug_plots/grid_status_ep0130.png
[20:01:13] 
============================================================
[20:01:13] Episode 131/200 | Steps: 24
[20:01:13] 总奖励:  -164.02 (Avg10:  -169.77)
[20:01:13] Agent奖励:
[20:01:13]   wind      :   13.405
[20:01:13]   solar     :   15.442
[20:01:13]   diesel    :    1.378
[20:01:13]   battery   :    0.855
[20:01:13]   customer  : -195.101
[20:01:13] Grid交易: Import=0.0 | Export=1033.5
[20:01:14] 
============================================================
[20:01:14] Episode 132/200 | Steps: 24
[20:01:14] 总奖励:  -157.15 (Avg10:  -169.38)
[20:01:14] Agent奖励:
[20:01:14]   wind      :   23.047
[20:01:14]   solar     :    6.222
[20:01:14]   diesel    :    1.468
[20:01:14]   battery   :   -0.923
[20:01:14]   customer  : -186.966
[20:01:14] Grid交易: Import=0.0 | Export=1055.3
[20:01:15] 
============================================================
[20:01:15] Episode 133/200 | Steps: 24
[20:01:15] 总奖励:  -150.80 (Avg10:  -168.23)
[20:01:15] Agent奖励:
[20:01:15]   wind      :   29.661
[20:01:15]   solar     :    9.744
[20:01:15]   diesel    :    0.441
[20:01:15]   battery   :    0.012
[20:01:15]   customer  : -190.659
[20:01:15] Grid交易: Import=11.2 | Export=924.1
[20:01:16] 
============================================================
[20:01:16] Episode 134/200 | Steps: 24
[20:01:16] 总奖励:  -172.42 (Avg10:  -167.73)
[20:01:16] Agent奖励:
[20:01:16]   wind      :   10.494
[20:01:16]   solar     :    8.554
[20:01:16]   diesel    :    0.393
[20:01:16]   battery   :   -0.523
[20:01:16]   customer  : -191.337
[20:01:16] Grid交易: Import=0.0 | Export=1082.4
[20:01:17] 
============================================================
[20:01:17] Episode 135/200 | Steps: 24
[20:01:17] 总奖励:  -160.59 (Avg10:  -167.60)
[20:01:17] Agent奖励:
[20:01:17]   wind      :   16.915
[20:01:17]   solar     :    9.790
[20:01:17]   diesel    :    0.656
[20:01:17]   battery   :   -0.049
[20:01:17]   customer  : -187.899
[20:01:17] Grid交易: Import=0.0 | Export=1042.1
[20:01:18] 
============================================================
[20:01:18] Episode 136/200 | Steps: 24
[20:01:18] 总奖励:  -168.31 (Avg10:  -167.26)
[20:01:18] Agent奖励:
[20:01:18]   wind      :   17.775
[20:01:18]   solar     :   11.778
[20:01:18]   diesel    :    0.596
[20:01:18]   battery   :   -4.391
[20:01:18]   customer  : -194.068
[20:01:18] Grid交易: Import=0.0 | Export=1053.6
[20:01:19] 
============================================================
[20:01:19] Episode 137/200 | Steps: 24
[20:01:19] 总奖励:  -162.64 (Avg10:  -166.76)
[20:01:19] Agent奖励:
[20:01:19]   wind      :   18.189
[20:01:19]   solar     :   10.140
[20:01:19]   diesel    :    2.341
[20:01:19]   battery   :   -2.260
[20:01:19]   customer  : -191.048
[20:01:19] Grid交易: Import=2.4 | Export=996.1
[20:01:20] 
============================================================
[20:01:20] Episode 138/200 | Steps: 24
[20:01:20] 总奖励:  -173.99 (Avg10:  -167.60)
[20:01:20] Agent奖励:
[20:01:20]   wind      :   14.517
[20:01:20]   solar     :    4.891
[20:01:20]   diesel    :    0.439
[20:01:20]   battery   :   -1.128
[20:01:20]   customer  : -192.710
[20:01:20] Grid交易: Import=6.9 | Export=1025.9
[20:01:22] 
============================================================
[20:01:22] Episode 139/200 | Steps: 24
[20:01:22] 总奖励:  -163.04 (Avg10:  -165.31)
[20:01:22] Agent奖励:
[20:01:22]   wind      :   15.424
[20:01:22]   solar     :   11.772
[20:01:22]   diesel    :    3.780
[20:01:22]   battery   :    0.000
[20:01:22]   customer  : -194.018
[20:01:22] Grid交易: Import=0.0 | Export=1079.0
[20:01:23] 
============================================================
[20:01:23] Episode 140/200 | Steps: 24
[20:01:23] 总奖励:  -159.79 (Avg10:  -163.27)
[20:01:23] Agent奖励:
[20:01:23]   wind      :   11.707
[20:01:23]   solar     :   11.503
[20:01:23]   diesel    :    1.639
[20:01:23]   battery   :    0.000
[20:01:23]   customer  : -184.637
[20:01:23] Grid交易: Import=0.0 | Export=1033.4
[20:01:23] 
📊 生成多维分析图表...
[20:01:24]   ✓ Training Status: debug_plots/training_status_ep0140.png
[20:01:24]   ✓ Agent Details:   debug_plots/agent_detail_ep0140.png
[20:01:24]   ✓ Grid Analysis:   debug_plots/grid_status_ep0140.png
[20:01:25] 
============================================================
[20:01:25] Episode 141/200 | Steps: 24
[20:01:25] 总奖励:  -156.02 (Avg10:  -162.47)
[20:01:25] Agent奖励:
[20:01:25]   wind      :   17.916
[20:01:25]   solar     :   10.654
[20:01:25]   diesel    :    0.917
[20:01:25]   battery   :    0.663
[20:01:25]   customer  : -186.171
[20:01:25] Grid交易: Import=0.0 | Export=1223.6
[20:01:26] 
============================================================
[20:01:26] Episode 142/200 | Steps: 24
[20:01:26] 总奖励:  -164.21 (Avg10:  -163.18)
[20:01:26] Agent奖励:
[20:01:26]   wind      :   13.911
[20:01:26]   solar     :    6.148
[20:01:26]   diesel    :   -0.209
[20:01:26]   battery   :   -0.251
[20:01:26]   customer  : -183.807
[20:01:26] Grid交易: Import=0.0 | Export=1140.1
[20:01:27] 
============================================================
[20:01:27] Episode 143/200 | Steps: 24
[20:01:27] 总奖励:  -173.58 (Avg10:  -165.46)
[20:01:27] Agent奖励:
[20:01:27]   wind      :   11.127
[20:01:27]   solar     :   13.627
[20:01:27]   diesel    :    5.411
[20:01:27]   battery   :   -0.095
[20:01:27]   customer  : -203.652
[20:01:27] Grid交易: Import=0.0 | Export=977.1
[20:01:28] 
============================================================
[20:01:28] Episode 144/200 | Steps: 24
[20:01:28] 总奖励:  -168.23 (Avg10:  -165.04)
[20:01:28] Agent奖励:
[20:01:28]   wind      :   19.716
[20:01:28]   solar     :   11.193
[20:01:28]   diesel    :    1.600
[20:01:28]   battery   :   -0.281
[20:01:28]   customer  : -200.459
[20:01:28] Grid交易: Import=1.1 | Export=983.0
[20:01:29] 
============================================================
[20:01:29] Episode 145/200 | Steps: 24
[20:01:29] 总奖励:  -173.25 (Avg10:  -166.31)
[20:01:29] Agent奖励:
[20:01:29]   wind      :    9.306
[20:01:29]   solar     :    3.117
[20:01:29]   diesel    :   -0.053
[20:01:29]   battery   :   -0.621
[20:01:29]   customer  : -185.004
[20:01:29] Grid交易: Import=0.0 | Export=1191.2
[20:01:30] 
============================================================
[20:01:30] Episode 146/200 | Steps: 24
[20:01:30] 总奖励:  -171.94 (Avg10:  -166.67)
[20:01:30] Agent奖励:
[20:01:30]   wind      :    9.352
[20:01:30]   solar     :    7.071
[20:01:30]   diesel    :    0.856
[20:01:30]   battery   :   -0.230
[20:01:30]   customer  : -188.988
[20:01:30] Grid交易: Import=0.0 | Export=1107.8
[20:01:31] 
============================================================
[20:01:31] Episode 147/200 | Steps: 24
[20:01:31] 总奖励:  -162.30 (Avg10:  -166.64)
[20:01:31] Agent奖励:
[20:01:31]   wind      :   18.175
[20:01:31]   solar     :   13.681
[20:01:31]   diesel    :    1.883
[20:01:31]   battery   :   -0.135
[20:01:31]   customer  : -195.905
[20:01:31] Grid交易: Import=0.1 | Export=1201.0
[20:01:32] 
============================================================
[20:01:32] Episode 148/200 | Steps: 24
[20:01:32] 总奖励:  -164.90 (Avg10:  -165.73)
[20:01:32] Agent奖励:
[20:01:32]   wind      :   16.353
[20:01:32]   solar     :    9.128
[20:01:32]   diesel    :    0.486
[20:01:32]   battery   :   -0.645
[20:01:32]   customer  : -190.222
[20:01:32] Grid交易: Import=5.1 | Export=1073.3
[20:01:34] 
============================================================
[20:01:34] Episode 149/200 | Steps: 24
[20:01:34] 总奖励:  -171.32 (Avg10:  -166.55)
[20:01:34] Agent奖励:
[20:01:34]   wind      :   11.396
[20:01:34]   solar     :    6.784
[20:01:34]   diesel    :    1.253
[20:01:34]   battery   :   -0.907
[20:01:34]   customer  : -189.844
[20:01:34] Grid交易: Import=0.0 | Export=1170.6
[20:01:35] 
============================================================
[20:01:35] Episode 150/200 | Steps: 24
[20:01:35] 总奖励:  -160.85 (Avg10:  -166.66)
[20:01:35] Agent奖励:
[20:01:35]   wind      :   21.188
[20:01:35]   solar     :   13.795
[20:01:35]   diesel    :    5.258
[20:01:35]   battery   :   -1.511
[20:01:35]   customer  : -199.576
[20:01:35] Grid交易: Import=2.1 | Export=988.2
[20:01:35] 
📊 生成多维分析图表...
[20:01:36]   ✓ Training Status: debug_plots/training_status_ep0150.png
[20:01:36]   ✓ Agent Details:   debug_plots/agent_detail_ep0150.png
[20:01:36]   ✓ Grid Analysis:   debug_plots/grid_status_ep0150.png
[20:01:36] 💾 Checkpoint saved: debug_checkpoints/debug_maddpg_20251203_195834_ep150.pt
[20:01:37] 
============================================================
[20:01:37] Episode 151/200 | Steps: 24
[20:01:37] 总奖励:  -151.22 (Avg10:  -166.18)
[20:01:37] Agent奖励:
[20:01:37]   wind      :   21.553
[20:01:37]   solar     :    8.461
[20:01:37]   diesel    :    2.512
[20:01:37]   battery   :   -0.086
[20:01:37]   customer  : -183.658
[20:01:37] Grid交易: Import=0.6 | Export=1035.4
[20:01:38] 
============================================================
[20:01:38] Episode 152/200 | Steps: 24
[20:01:38] 总奖励:  -170.43 (Avg10:  -166.80)
[20:01:38] Agent奖励:
[20:01:38]   wind      :   12.571
[20:01:38]   solar     :    9.607
[20:01:38]   diesel    :    0.285
[20:01:38]   battery   :    0.257
[20:01:38]   customer  : -193.146
[20:01:38] Grid交易: Import=0.0 | Export=1055.2
[20:01:39] 
============================================================
[20:01:39] Episode 153/200 | Steps: 24
[20:01:39] 总奖励:  -156.93 (Avg10:  -165.14)
[20:01:39] Agent奖励:
[20:01:39]   wind      :   21.465
[20:01:39]   solar     :    5.167
[20:01:39]   diesel    :    3.098
[20:01:39]   battery   :   -0.127
[20:01:39]   customer  : -186.531
[20:01:39] Grid交易: Import=0.0 | Export=1177.9
[20:01:40] 
============================================================
[20:01:40] Episode 154/200 | Steps: 24
[20:01:40] 总奖励:  -155.90 (Avg10:  -163.90)
[20:01:40] Agent奖励:
[20:01:40]   wind      :   18.765
[20:01:40]   solar     :   11.418
[20:01:40]   diesel    :    0.417
[20:01:40]   battery   :   -0.147
[20:01:40]   customer  : -186.349
[20:01:40] Grid交易: Import=0.0 | Export=1191.0
[20:01:41] 
============================================================
[20:01:41] Episode 155/200 | Steps: 24
[20:01:41] 总奖励:  -157.58 (Avg10:  -162.34)
[20:01:41] Agent奖励:
[20:01:41]   wind      :   18.603
[20:01:41]   solar     :    4.724
[20:01:41]   diesel    :    0.379
[20:01:41]   battery   :    1.003
[20:01:41]   customer  : -182.285
[20:01:41] Grid交易: Import=0.4 | Export=1177.6
[20:01:42] 
============================================================
[20:01:42] Episode 156/200 | Steps: 24
[20:01:42] 总奖励:  -156.60 (Avg10:  -160.80)
[20:01:42] Agent奖励:
[20:01:42]   wind      :   19.875
[20:01:42]   solar     :    7.588
[20:01:42]   diesel    :    1.383
[20:01:42]   battery   :   -0.419
[20:01:42]   customer  : -185.031
[20:01:42] Grid交易: Import=12.0 | Export=1031.4
[20:01:43] 
============================================================
[20:01:43] Episode 157/200 | Steps: 24
[20:01:43] 总奖励:  -161.86 (Avg10:  -160.76)
[20:01:43] Agent奖励:
[20:01:43]   wind      :   18.321
[20:01:43]   solar     :   11.520
[20:01:43]   diesel    :   -0.117
[20:01:43]   battery   :   -1.065
[20:01:43]   customer  : -190.520
[20:01:43] Grid交易: Import=0.0 | Export=1212.1
[20:01:44] 
============================================================
[20:01:44] Episode 158/200 | Steps: 24
[20:01:44] 总奖励:  -162.23 (Avg10:  -160.49)
[20:01:44] Agent奖励:
[20:01:44]   wind      :   17.870
[20:01:44]   solar     :   12.672
[20:01:44]   diesel    :    1.251
[20:01:44]   battery   :    0.051
[20:01:44]   customer  : -194.073
[20:01:44] Grid交易: Import=0.0 | Export=1134.1
[20:01:45] 
============================================================
[20:01:45] Episode 159/200 | Steps: 24
[20:01:45] 总奖励:  -157.71 (Avg10:  -159.13)
[20:01:45] Agent奖励:
[20:01:45]   wind      :   17.112
[20:01:45]   solar     :    8.250
[20:01:45]   diesel    :    1.598
[20:01:45]   battery   :    0.727
[20:01:45]   customer  : -185.392
[20:01:45] Grid交易: Import=0.3 | Export=1068.5
[20:01:47] 
============================================================
[20:01:47] Episode 160/200 | Steps: 24
[20:01:47] 总奖励:  -157.93 (Avg10:  -158.84)
[20:01:47] Agent奖励:
[20:01:47]   wind      :   20.054
[20:01:47]   solar     :    8.986
[20:01:47]   diesel    :    1.457
[20:01:47]   battery   :    0.328
[20:01:47]   customer  : -188.760
[20:01:47] Grid交易: Import=0.0 | Export=1062.8
[20:01:47] 
📊 生成多维分析图表...
[20:01:48]   ✓ Training Status: debug_plots/training_status_ep0160.png
[20:01:48]   ✓ Agent Details:   debug_plots/agent_detail_ep0160.png
[20:01:48]   ✓ Grid Analysis:   debug_plots/grid_status_ep0160.png
[20:01:49] 
============================================================
[20:01:49] Episode 161/200 | Steps: 24
[20:01:49] 总奖励:  -164.29 (Avg10:  -160.15)
[20:01:49] Agent奖励:
[20:01:49]   wind      :   13.408
[20:01:49]   solar     :   11.171
[20:01:49]   diesel    :    0.658
[20:01:49]   battery   :    0.662
[20:01:49]   customer  : -190.188
[20:01:49] Grid交易: Import=0.0 | Export=1123.6
[20:01:50] 
============================================================
[20:01:50] Episode 162/200 | Steps: 24
[20:01:50] 总奖励:  -155.04 (Avg10:  -158.61)
[20:01:50] Agent奖励:
[20:01:50]   wind      :   25.179
[20:01:50]   solar     :   11.124
[20:01:50]   diesel    :   -0.132
[20:01:50]   battery   :   -0.059
[20:01:50]   customer  : -191.149
[20:01:50] Grid交易: Import=0.0 | Export=1169.8
[20:01:52] 
============================================================
[20:01:52] Episode 163/200 | Steps: 24
[20:01:52] 总奖励:  -159.27 (Avg10:  -158.84)
[20:01:52] Agent奖励:
[20:01:52]   wind      :   17.156
[20:01:52]   solar     :   11.788
[20:01:52]   diesel    :    2.188
[20:01:52]   battery   :   -0.329
[20:01:52]   customer  : -190.078
[20:01:52] Grid交易: Import=0.0 | Export=1133.3
[20:01:53] 
============================================================
[20:01:53] Episode 164/200 | Steps: 24
[20:01:53] 总奖励:  -159.34 (Avg10:  -159.18)
[20:01:53] Agent奖励:
[20:01:53]   wind      :   18.189
[20:01:53]   solar     :   14.308
[20:01:53]   diesel    :    1.289
[20:01:53]   battery   :   -0.334
[20:01:53]   customer  : -192.790
[20:01:53] Grid交易: Import=0.0 | Export=1137.9
[20:01:54] 
============================================================
[20:01:54] Episode 165/200 | Steps: 24
[20:01:54] 总奖励:  -157.83 (Avg10:  -159.21)
[20:01:54] Agent奖励:
[20:01:54]   wind      :   14.432
[20:01:54]   solar     :    6.211
[20:01:54]   diesel    :    0.601
[20:01:54]   battery   :    0.259
[20:01:54]   customer  : -179.329
[20:01:54] Grid交易: Import=0.0 | Export=1265.5
[20:01:55] 
============================================================
[20:01:55] Episode 166/200 | Steps: 24
[20:01:55] 总奖励:  -171.74 (Avg10:  -160.72)
[20:01:55] Agent奖励:
[20:01:55]   wind      :    8.873
[20:01:55]   solar     :    5.203
[20:01:55]   diesel    :   -0.080
[20:01:55]   battery   :    0.149
[20:01:55]   customer  : -185.886
[20:01:55] Grid交易: Import=0.0 | Export=1299.6
[20:01:57] 
============================================================
[20:01:57] Episode 167/200 | Steps: 24
[20:01:57] 总奖励:  -161.61 (Avg10:  -160.70)
[20:01:57] Agent奖励:
[20:01:57]   wind      :   14.310
[20:01:57]   solar     :   10.884
[20:01:57]   diesel    :    0.112
[20:01:57]   battery   :    0.018
[20:01:57]   customer  : -186.935
[20:01:57] Grid交易: Import=6.2 | Export=1164.2
[20:01:59] 
============================================================
[20:01:59] Episode 168/200 | Steps: 24
[20:01:59] 总奖励:  -164.83 (Avg10:  -160.96)
[20:01:59] Agent奖励:
[20:01:59]   wind      :   19.843
[20:01:59]   solar     :    5.432
[20:01:59]   diesel    :   -0.008
[20:01:59]   battery   :    0.000
[20:01:59]   customer  : -190.102
[20:01:59] Grid交易: Import=0.0 | Export=957.5
[20:02:00] 
============================================================
[20:02:00] Episode 169/200 | Steps: 24
[20:02:00] 总奖励:  -134.83 (Avg10:  -158.67)
[20:02:00] Agent奖励:
[20:02:00]   wind      :   29.516
[20:02:00]   solar     :   16.745
[20:02:00]   diesel    :    1.515
[20:02:00]   battery   :    0.660
[20:02:00]   customer  : -183.263
[20:02:00] Grid交易: Import=10.8 | Export=1094.4
[20:02:01] 
============================================================
[20:02:01] Episode 170/200 | Steps: 24
[20:02:01] 总奖励:  -161.93 (Avg10:  -159.07)
[20:02:01] Agent奖励:
[20:02:01]   wind      :   16.036
[20:02:01]   solar     :    9.073
[20:02:01]   diesel    :    0.356
[20:02:01]   battery   :   -0.546
[20:02:01]   customer  : -186.849
[20:02:01] Grid交易: Import=0.0 | Export=1301.3
[20:02:01] 
📊 生成多维分析图表...
[20:02:02]   ✓ Training Status: debug_plots/training_status_ep0170.png
[20:02:02]   ✓ Agent Details:   debug_plots/agent_detail_ep0170.png
[20:02:02]   ✓ Grid Analysis:   debug_plots/grid_status_ep0170.png
[20:02:03] 
============================================================
[20:02:03] Episode 171/200 | Steps: 24
[20:02:03] 总奖励:  -165.50 (Avg10:  -159.19)
[20:02:03] Agent奖励:
[20:02:03]   wind      :   10.255
[20:02:03]   solar     :    6.676
[20:02:03]   diesel    :    0.361
[20:02:03]   battery   :   -0.340
[20:02:03]   customer  : -182.452
[20:02:03] Grid交易: Import=0.0 | Export=1375.6
[20:02:04] 
============================================================
[20:02:04] Episode 172/200 | Steps: 24
[20:02:04] 总奖励:  -160.39 (Avg10:  -159.73)
[20:02:04] Agent奖励:
[20:02:04]   wind      :   15.989
[20:02:04]   solar     :    9.882
[20:02:04]   diesel    :    1.515
[20:02:04]   battery   :    0.751
[20:02:04]   customer  : -188.528
[20:02:04] Grid交易: Import=0.0 | Export=1174.2
[20:02:05] 
============================================================
[20:02:05] Episode 173/200 | Steps: 24
[20:02:05] 总奖励:  -156.63 (Avg10:  -159.46)
[20:02:05] Agent奖励:
[20:02:05]   wind      :   16.930
[20:02:05]   solar     :   10.085
[20:02:05]   diesel    :    0.459
[20:02:05]   battery   :   -0.620
[20:02:05]   customer  : -183.483
[20:02:05] Grid交易: Import=0.0 | Export=1158.5
[20:02:06] 
============================================================
[20:02:06] Episode 174/200 | Steps: 24
[20:02:06] 总奖励:  -165.19 (Avg10:  -160.05)
[20:02:06] Agent奖励:
[20:02:06]   wind      :   12.933
[20:02:06]   solar     :    7.939
[20:02:06]   diesel    :    3.139
[20:02:06]   battery   :    0.105
[20:02:06]   customer  : -189.308
[20:02:06] Grid交易: Import=0.0 | Export=1241.9
[20:02:07] 
============================================================
[20:02:07] Episode 175/200 | Steps: 24
[20:02:07] 总奖励:  -156.14 (Avg10:  -159.88)
[20:02:07] Agent奖励:
[20:02:07]   wind      :   25.740
[20:02:07]   solar     :    8.606
[20:02:07]   diesel    :    2.431
[20:02:07]   battery   :   -0.380
[20:02:07]   customer  : -192.534
[20:02:07] Grid交易: Import=3.0 | Export=1099.0
[20:02:09] 
============================================================
[20:02:09] Episode 176/200 | Steps: 24
[20:02:09] 总奖励:  -164.61 (Avg10:  -159.17)
[20:02:09] Agent奖励:
[20:02:09]   wind      :    9.892
[20:02:09]   solar     :   13.664
[20:02:09]   diesel    :    2.873
[20:02:09]   battery   :    0.096
[20:02:09]   customer  : -191.136
[20:02:09] Grid交易: Import=0.0 | Export=1141.0
[20:02:10] 
============================================================
[20:02:10] Episode 177/200 | Steps: 24
[20:02:10] 总奖励:  -162.87 (Avg10:  -159.29)
[20:02:10] Agent奖励:
[20:02:10]   wind      :   10.344
[20:02:10]   solar     :   11.422
[20:02:10]   diesel    :    0.783
[20:02:10]   battery   :   -1.566
[20:02:10]   customer  : -183.859
[20:02:10] Grid交易: Import=0.0 | Export=1288.6
[20:02:12] 
============================================================
[20:02:12] Episode 178/200 | Steps: 24
[20:02:12] 总奖励:  -151.21 (Avg10:  -157.93)
[20:02:12] Agent奖励:
[20:02:12]   wind      :   20.897
[20:02:12]   solar     :   13.283
[20:02:12]   diesel    :    0.026
[20:02:12]   battery   :    0.492
[20:02:12]   customer  : -185.909
[20:02:12] Grid交易: Import=0.0 | Export=1154.1
[20:02:13] 
============================================================
[20:02:13] Episode 179/200 | Steps: 24
[20:02:13] 总奖励:  -163.27 (Avg10:  -160.77)
[20:02:13] Agent奖励:
[20:02:13]   wind      :   16.303
[20:02:13]   solar     :   12.156
[20:02:13]   diesel    :    0.182
[20:02:13]   battery   :   -0.964
[20:02:13]   customer  : -190.944
[20:02:13] Grid交易: Import=0.0 | Export=1238.3
[20:02:14] 
============================================================
[20:02:14] Episode 180/200 | Steps: 24
[20:02:14] 总奖励:  -166.93 (Avg10:  -161.27)
[20:02:14] Agent奖励:
[20:02:14]   wind      :   11.518
[20:02:14]   solar     :   12.151
[20:02:14]   diesel    :    0.630
[20:02:14]   battery   :   -0.137
[20:02:14]   customer  : -191.095
[20:02:14] Grid交易: Import=0.0 | Export=1091.3
[20:02:14] 
📊 生成多维分析图表...
[20:02:15]   ✓ Training Status: debug_plots/training_status_ep0180.png
[20:02:15]   ✓ Agent Details:   debug_plots/agent_detail_ep0180.png
[20:02:15]   ✓ Grid Analysis:   debug_plots/grid_status_ep0180.png
[20:02:16] 
============================================================
[20:02:16] Episode 181/200 | Steps: 24
[20:02:16] 总奖励:  -169.07 (Avg10:  -161.63)
[20:02:16] Agent奖励:
[20:02:16]   wind      :   15.832
[20:02:16]   solar     :    3.459
[20:02:16]   diesel    :    0.220
[20:02:16]   battery   :    0.908
[20:02:16]   customer  : -189.488
[20:02:16] Grid交易: Import=0.0 | Export=1212.1
[20:02:17] 
============================================================
[20:02:17] Episode 182/200 | Steps: 24
[20:02:17] 总奖励:  -162.92 (Avg10:  -161.88)
[20:02:17] Agent奖励:
[20:02:17]   wind      :   11.126
[20:02:17]   solar     :   15.278
[20:02:17]   diesel    :    2.398
[20:02:17]   battery   :   -0.001
[20:02:17]   customer  : -191.721
[20:02:17] Grid交易: Import=1.7 | Export=1234.1
[20:02:18] 
============================================================
[20:02:18] Episode 183/200 | Steps: 24
[20:02:18] 总奖励:  -157.28 (Avg10:  -161.95)
[20:02:18] Agent奖励:
[20:02:18]   wind      :   17.017
[20:02:18]   solar     :   11.788
[20:02:18]   diesel    :    0.381
[20:02:18]   battery   :   -0.548
[20:02:18]   customer  : -185.918
[20:02:18] Grid交易: Import=0.9 | Export=1234.7
[20:02:19] 
============================================================
[20:02:19] Episode 184/200 | Steps: 24
[20:02:19] 总奖励:  -169.98 (Avg10:  -162.43)
[20:02:19] Agent奖励:
[20:02:19]   wind      :   11.813
[20:02:19]   solar     :    7.553
[20:02:19]   diesel    :    0.041
[20:02:19]   battery   :    0.640
[20:02:19]   customer  : -190.024
[20:02:19] Grid交易: Import=0.0 | Export=1206.8
[20:02:20] 
============================================================
[20:02:20] Episode 185/200 | Steps: 24
[20:02:20] 总奖励:  -161.95 (Avg10:  -163.01)
[20:02:20] Agent奖励:
[20:02:20]   wind      :   25.830
[20:02:20]   solar     :    7.205
[20:02:20]   diesel    :    1.586
[20:02:20]   battery   :   -0.294
[20:02:20]   customer  : -196.279
[20:02:20] Grid交易: Import=0.0 | Export=1150.7
[20:02:21] 
============================================================
[20:02:21] Episode 186/200 | Steps: 24
[20:02:21] 总奖励:  -165.46 (Avg10:  -163.09)
[20:02:21] Agent奖励:
[20:02:21]   wind      :   17.178
[20:02:21]   solar     :    7.663
[20:02:21]   diesel    :    0.088
[20:02:21]   battery   :   -0.335
[20:02:21]   customer  : -190.052
[20:02:21] Grid交易: Import=0.0 | Export=1343.3
[20:02:22] 
============================================================
[20:02:22] Episode 187/200 | Steps: 24
[20:02:22] 总奖励:  -145.89 (Avg10:  -161.40)
[20:02:22] Agent奖励:
[20:02:22]   wind      :   29.027
[20:02:22]   solar     :    9.802
[20:02:22]   diesel    :    0.000
[20:02:22]   battery   :    0.468
[20:02:22]   customer  : -185.182
[20:02:22] Grid交易: Import=0.0 | Export=1239.0
[20:02:24] 
============================================================
[20:02:24] Episode 188/200 | Steps: 24
[20:02:24] 总奖励:  -150.28 (Avg10:  -161.30)
[20:02:24] Agent奖励:
[20:02:24]   wind      :   22.053
[20:02:24]   solar     :    8.286
[20:02:24]   diesel    :    0.000
[20:02:24]   battery   :    1.155
[20:02:24]   customer  : -181.779
[20:02:24] Grid交易: Import=0.0 | Export=1221.1
[20:02:25] 
============================================================
[20:02:25] Episode 189/200 | Steps: 24
[20:02:25] 总奖励:  -146.19 (Avg10:  -159.60)
[20:02:25] Agent奖励:
[20:02:25]   wind      :   24.618
[20:02:25]   solar     :   13.798
[20:02:25]   diesel    :    2.612
[20:02:25]   battery   :   -0.060
[20:02:25]   customer  : -187.161
[20:02:25] Grid交易: Import=0.0 | Export=1173.2
[20:02:26] 
============================================================
[20:02:26] Episode 190/200 | Steps: 24
[20:02:26] 总奖励:  -159.02 (Avg10:  -158.80)
[20:02:26] Agent奖励:
[20:02:26]   wind      :   18.050
[20:02:26]   solar     :   10.932
[20:02:26]   diesel    :    0.233
[20:02:26]   battery   :   -0.377
[20:02:26]   customer  : -187.859
[20:02:26] Grid交易: Import=0.0 | Export=1249.4
[20:02:26] 
📊 生成多维分析图表...
[20:02:27]   ✓ Training Status: debug_plots/training_status_ep0190.png
[20:02:27]   ✓ Agent Details:   debug_plots/agent_detail_ep0190.png
[20:02:27]   ✓ Grid Analysis:   debug_plots/grid_status_ep0190.png
[20:02:28] 
============================================================
[20:02:28] Episode 191/200 | Steps: 24
[20:02:28] 总奖励:  -145.24 (Avg10:  -156.42)
[20:02:28] Agent奖励:
[20:02:28]   wind      :   28.179
[20:02:28]   solar     :   18.991
[20:02:28]   diesel    :    2.931
[20:02:28]   battery   :    0.631
[20:02:28]   customer  : -195.971
[20:02:28] Grid交易: Import=0.0 | Export=1035.3
[20:02:29] 
============================================================
[20:02:29] Episode 192/200 | Steps: 24
[20:02:29] 总奖励:  -174.34 (Avg10:  -157.56)
[20:02:29] Agent奖励:
[20:02:29]   wind      :    9.682
[20:02:29]   solar     :    6.099
[20:02:29]   diesel    :    0.575
[20:02:29]   battery   :   -0.138
[20:02:29]   customer  : -190.554
[20:02:29] Grid交易: Import=0.0 | Export=1364.6
[20:02:30] 
============================================================
[20:02:30] Episode 193/200 | Steps: 24
[20:02:30] 总奖励:  -146.33 (Avg10:  -156.47)
[20:02:30] Agent奖励:
[20:02:30]   wind      :   26.358
[20:02:30]   solar     :   12.666
[20:02:30]   diesel    :    1.717
[20:02:30]   battery   :    0.352
[20:02:30]   customer  : -187.424
[20:02:30] Grid交易: Import=0.0 | Export=1098.1
[20:02:31] 
============================================================
[20:02:31] Episode 194/200 | Steps: 24
[20:02:31] 总奖励:  -151.45 (Avg10:  -154.62)
[20:02:31] Agent奖励:
[20:02:31]   wind      :   17.231
[20:02:31]   solar     :   18.726
[20:02:31]   diesel    :    0.868
[20:02:31]   battery   :    0.236
[20:02:31]   customer  : -188.515
[20:02:31] Grid交易: Import=0.0 | Export=1140.7
[20:02:32] 
============================================================
[20:02:32] Episode 195/200 | Steps: 24
[20:02:32] 总奖励:  -164.95 (Avg10:  -154.92)
[20:02:32] Agent奖励:
[20:02:32]   wind      :   18.181
[20:02:32]   solar     :    9.442
[20:02:32]   diesel    :    0.613
[20:02:32]   battery   :    0.247
[20:02:32]   customer  : -193.429
[20:02:32] Grid交易: Import=0.0 | Export=1140.1
[20:02:33] 
============================================================
[20:02:33] Episode 196/200 | Steps: 24
[20:02:33] 总奖励:  -143.63 (Avg10:  -152.73)
[20:02:33] Agent奖励:
[20:02:33]   wind      :   23.086
[20:02:33]   solar     :   12.742
[20:02:33]   diesel    :    0.954
[20:02:33]   battery   :    0.447
[20:02:33]   customer  : -180.858
[20:02:33] Grid交易: Import=0.0 | Export=1303.4
[20:02:34] 
============================================================
[20:02:34] Episode 197/200 | Steps: 24
[20:02:34] 总奖励:  -156.57 (Avg10:  -153.80)
[20:02:34] Agent奖励:
[20:02:34]   wind      :   19.633
[20:02:34]   solar     :    9.399
[20:02:34]   diesel    :    1.808
[20:02:34]   battery   :   -0.821
[20:02:34]   customer  : -186.593
[20:02:34] Grid交易: Import=0.0 | Export=1215.9
[20:02:35] 
============================================================
[20:02:35] Episode 198/200 | Steps: 24
[20:02:35] 总奖励:  -158.98 (Avg10:  -154.67)
[20:02:35] Agent奖励:
[20:02:35]   wind      :   21.272
[20:02:35]   solar     :   10.107
[20:02:35]   diesel    :    0.930
[20:02:35]   battery   :   -0.017
[20:02:35]   customer  : -191.276
[20:02:35] Grid交易: Import=3.8 | Export=1103.1
[20:02:37] 
============================================================
[20:02:37] Episode 199/200 | Steps: 24
[20:02:37] 总奖励:  -169.16 (Avg10:  -156.97)
[20:02:37] Agent奖励:
[20:02:37]   wind      :   13.773
[20:02:37]   solar     :   11.463
[20:02:37]   diesel    :    0.600
[20:02:37]   battery   :   -0.162
[20:02:37]   customer  : -194.830
[20:02:37] Grid交易: Import=0.0 | Export=1139.1
[20:02:38] 
============================================================
[20:02:38] Episode 200/200 | Steps: 24
[20:02:38] 总奖励:  -160.33 (Avg10:  -157.10)
[20:02:38] Agent奖励:
[20:02:38]   wind      :   19.813
[20:02:38]   solar     :    9.628
[20:02:38]   diesel    :    0.463
[20:02:38]   battery   :   -0.450
[20:02:38]   customer  : -189.788
[20:02:38] Grid交易: Import=0.0 | Export=1240.8
[20:02:38] 
📊 生成多维分析图表...
[20:02:39]   ✓ Training Status: debug_plots/training_status_ep0200.png
[20:02:39]   ✓ Agent Details:   debug_plots/agent_detail_ep0200.png
[20:02:39]   ✓ Grid Analysis:   debug_plots/grid_status_ep0200.png
[20:02:39] 💾 Checkpoint saved: debug_checkpoints/debug_maddpg_20251203_195834_ep200.pt
[20:02:39] ======================================================================
[20:02:39] 🎉 训练完成
[20:02:39] 📊 最终总结图: debug_plots/final_summary.png
