[19:24:49] 
======================================================================
[19:24:49] 🚀 开始融合版训练 (Standard RL + Grid Analysis)
[19:24:49] ======================================================================
[19:24:49] DEBUG: Wind Capacity = 30 kW
[19:24:49] DEBUG: PV Capacity = 15 kW
[19:24:49] Warmup 0/10
[19:24:49] Warmup 5/10
[19:24:50] 
============================================================
[19:24:50] Episode 1/200 | Steps: 24
[19:24:50] 总奖励:  -189.01 (Avg10:  -189.01)
[19:24:50] Agent奖励:
[19:24:50]   wind      :   82.209
[19:24:50]   solar     :   24.144
[19:24:50]   diesel    :   21.361
[19:24:50]   battery   :    0.000
[19:24:50]   customer  : -316.729
[19:24:50] Grid交易: Import=855.4 | Export=125.4
[19:24:51] 
============================================================
[19:24:51] Episode 2/200 | Steps: 24
[19:24:51] 总奖励:  -178.77 (Avg10:  -183.89)
[19:24:51] Agent奖励:
[19:24:51]   wind      :   91.270
[19:24:51]   solar     :   26.095
[19:24:51]   diesel    :   41.686
[19:24:51]   battery   :    0.001
[19:24:51]   customer  : -337.821
[19:24:51] Grid交易: Import=846.9 | Export=109.2
[19:24:52] 
============================================================
[19:24:52] Episode 3/200 | Steps: 24
[19:24:52] 总奖励:  -184.52 (Avg10:  -184.10)
[19:24:52] Agent奖励:
[19:24:52]   wind      :   53.450
[19:24:52]   solar     :   19.919
[19:24:52]   diesel    :   11.570
[19:24:52]   battery   :    0.088
[19:24:52]   customer  : -269.549
[19:24:52] Grid交易: Import=739.7 | Export=176.6
[19:24:52] 
============================================================
[19:24:52] Episode 4/200 | Steps: 24
[19:24:52] 总奖励:  -168.99 (Avg10:  -180.32)
[19:24:52] Agent奖励:
[19:24:52]   wind      :   45.057
[19:24:52]   solar     :   16.597
[19:24:52]   diesel    :    8.370
[19:24:52]   battery   :   -0.429
[19:24:52]   customer  : -238.581
[19:24:52] Grid交易: Import=662.2 | Export=267.3
[19:24:53] 
============================================================
[19:24:53] Episode 5/200 | Steps: 24
[19:24:53] 总奖励:  -130.66 (Avg10:  -170.39)
[19:24:53] Agent奖励:
[19:24:53]   wind      :   24.935
[19:24:53]   solar     :    2.807
[19:24:53]   diesel    :  -68.904
[19:24:53]   battery   :    0.000
[19:24:53]   customer  :  -89.497
[19:24:53] Grid交易: Import=19.1 | Export=710.3
[19:24:55] 
============================================================
[19:24:55] Episode 6/200 | Steps: 24
[19:24:55] 总奖励:  -146.89 (Avg10:  -166.47)
[19:24:55] Agent奖励:
[19:24:55]   wind      :   20.839
[19:24:55]   solar     :    6.923
[19:24:55]   diesel    :  -16.136
[19:24:55]   battery   :   -1.036
[19:24:55]   customer  : -157.480
[19:24:55] Grid交易: Import=0.0 | Export=1021.9
[19:24:55] 
============================================================
[19:24:55] Episode 7/200 | Steps: 24
[19:24:55] 总奖励:  -158.52 (Avg10:  -165.34)
[19:24:55] Agent奖励:
[19:24:55]   wind      :   -4.874
[19:24:55]   solar     :    5.489
[19:24:55]   diesel    :    0.706
[19:24:55]   battery   :   -0.732
[19:24:55]   customer  : -159.106
[19:24:55] Grid交易: Import=0.0 | Export=1611.9
[19:24:56] 
============================================================
[19:24:56] Episode 8/200 | Steps: 24
[19:24:56] 总奖励:  -182.90 (Avg10:  -167.53)
[19:24:56] Agent奖励:
[19:24:56]   wind      :  -44.414
[19:24:56]   solar     :   -0.647
[19:24:56]   diesel    :   -0.131
[19:24:56]   battery   :   -4.841
[19:24:56]   customer  : -132.861
[19:24:56] Grid交易: Import=0.0 | Export=1993.0
[19:24:57] 
============================================================
[19:24:57] Episode 9/200 | Steps: 24
[19:24:57] 总奖励:  -180.36 (Avg10:  -168.96)
[19:24:57] Agent奖励:
[19:24:57]   wind      :  -18.358
[19:24:57]   solar     :   -0.672
[19:24:57]   diesel    :    3.666
[19:24:57]   battery   :    0.000
[19:24:57]   customer  : -164.995
[19:24:57] Grid交易: Import=0.0 | Export=1671.9
[19:24:58] 
============================================================
[19:24:58] Episode 10/200 | Steps: 24
[19:24:58] 总奖励:  -167.52 (Avg10:  -168.81)
[19:24:58] Agent奖励:
[19:24:58]   wind      :   10.526
[19:24:58]   solar     :    5.553
[19:24:58]   diesel    :   -0.136
[19:24:58]   battery   :  -10.775
[19:24:58]   customer  : -172.692
[19:24:58] Grid交易: Import=0.0 | Export=1577.4
[19:24:58] 
📊 生成多维分析图表...
[19:24:58]   ✓ Training Status: debug_plots/training_status_ep0010.png
[19:24:58]   ✓ Agent Details:   debug_plots/agent_detail_ep0010.png
[19:24:58]   ✓ Grid Analysis:   debug_plots/grid_status_ep0010.png
[19:24:59] 
============================================================
[19:24:59] Episode 11/200 | Steps: 24
[19:24:59] 总奖励:  -173.67 (Avg10:  -167.28)
[19:24:59] Agent奖励:
[19:24:59]   wind      :    2.869
[19:24:59]   solar     :    3.955
[19:24:59]   diesel    :    0.400
[19:24:59]   battery   :    0.000
[19:24:59]   customer  : -180.899
[19:24:59] Grid交易: Import=0.0 | Export=1467.1
[19:25:00] 
============================================================
[19:25:00] Episode 12/200 | Steps: 24
[19:25:00] 总奖励:  -190.32 (Avg10:  -168.43)
[19:25:00] Agent奖励:
[19:25:00]   wind      :  -12.572
[19:25:00]   solar     :   -2.304
[19:25:00]   diesel    :    1.764
[19:25:00]   battery   :    0.000
[19:25:00]   customer  : -177.207
[19:25:00] Grid交易: Import=0.0 | Export=1631.6
[19:25:01] 
============================================================
[19:25:01] Episode 13/200 | Steps: 24
[19:25:01] 总奖励:  -178.49 (Avg10:  -167.83)
[19:25:01] Agent奖励:
[19:25:01]   wind      :    2.376
[19:25:01]   solar     :    0.000
[19:25:01]   diesel    :    1.628
[19:25:01]   battery   :    2.292
[19:25:01]   customer  : -184.782
[19:25:01] Grid交易: Import=7.8 | Export=1731.5
[19:25:02] 
============================================================
[19:25:02] Episode 14/200 | Steps: 24
[19:25:02] 总奖励:  -169.49 (Avg10:  -167.88)
[19:25:02] Agent奖励:
[19:25:02]   wind      :  -23.584
[19:25:02]   solar     :    2.142
[19:25:02]   diesel    :   -0.545
[19:25:02]   battery   :   -9.366
[19:25:02]   customer  : -138.139
[19:25:02] Grid交易: Import=0.0 | Export=1633.9
[19:25:02] 
============================================================
[19:25:02] Episode 15/200 | Steps: 24
[19:25:02] 总奖励:  -170.77 (Avg10:  -171.89)
[19:25:02] Agent奖励:
[19:25:02]   wind      :    4.792
[19:25:02]   solar     :    4.328
[19:25:02]   diesel    :    3.801
[19:25:02]   battery   :   -3.768
[19:25:02]   customer  : -179.928
[19:25:02] Grid交易: Import=0.0 | Export=1534.0
[19:25:03] 
============================================================
[19:25:03] Episode 16/200 | Steps: 24
[19:25:03] 总奖励:  -182.38 (Avg10:  -175.44)
[19:25:03] Agent奖励:
[19:25:03]   wind      :   -2.438
[19:25:03]   solar     :   -0.309
[19:25:03]   diesel    :   -1.113
[19:25:03]   battery   :    0.000
[19:25:03]   customer  : -178.516
[19:25:03] Grid交易: Import=12.5 | Export=1385.1
[19:25:04] 
============================================================
[19:25:04] Episode 17/200 | Steps: 24
[19:25:04] 总奖励:  -173.63 (Avg10:  -176.95)
[19:25:04] Agent奖励:
[19:25:04]   wind      :    7.370
[19:25:04]   solar     :    1.123
[19:25:04]   diesel    :    0.383
[19:25:04]   battery   :   -6.485
[19:25:04]   customer  : -176.022
[19:25:04] Grid交易: Import=0.0 | Export=1585.0
[19:25:04] 
============================================================
[19:25:04] Episode 18/200 | Steps: 24
[19:25:04] 总奖励:  -182.30 (Avg10:  -176.89)
[19:25:04] Agent奖励:
[19:25:04]   wind      :   -7.930
[19:25:04]   solar     :    6.309
[19:25:04]   diesel    :    3.628
[19:25:04]   battery   :    0.000
[19:25:04]   customer  : -184.310
[19:25:04] Grid交易: Import=19.4 | Export=1623.4
[19:25:06] 
============================================================
[19:25:06] Episode 19/200 | Steps: 24
[19:25:06] 总奖励:  -180.00 (Avg10:  -176.86)
[19:25:06] Agent奖励:
[19:25:06]   wind      :   -1.704
[19:25:06]   solar     :    2.237
[19:25:06]   diesel    :    6.859
[19:25:06]   battery   :    0.000
[19:25:06]   customer  : -187.397
[19:25:06] Grid交易: Import=0.0 | Export=1440.3
[19:25:07] 
============================================================
[19:25:07] Episode 20/200 | Steps: 24
[19:25:07] 总奖励:  -177.01 (Avg10:  -177.81)
[19:25:07] Agent奖励:
[19:25:07]   wind      :    9.087
[19:25:07]   solar     :   -0.097
[19:25:07]   diesel    :    0.375
[19:25:07]   battery   :  -11.744
[19:25:07]   customer  : -174.628
[19:25:07] Grid交易: Import=0.0 | Export=1729.3
[19:25:07] 
📊 生成多维分析图表...
[19:25:08]   ✓ Training Status: debug_plots/training_status_ep0020.png
[19:25:08]   ✓ Agent Details:   debug_plots/agent_detail_ep0020.png
[19:25:08]   ✓ Grid Analysis:   debug_plots/grid_status_ep0020.png
[19:25:09] 
============================================================
[19:25:09] Episode 21/200 | Steps: 24
[19:25:09] 总奖励:  -193.44 (Avg10:  -179.78)
[19:25:09] Agent奖励:
[19:25:09]   wind      :   -2.862
[19:25:09]   solar     :    3.944
[19:25:09]   diesel    :   -2.461
[19:25:09]   battery   :    0.000
[19:25:09]   customer  : -192.058
[19:25:09] Grid交易: Import=5.1 | Export=1269.0
[19:25:10] 
============================================================
[19:25:10] Episode 22/200 | Steps: 24
[19:25:10] 总奖励:  -170.18 (Avg10:  -177.77)
[19:25:10] Agent奖励:
[19:25:10]   wind      :    9.795
[19:25:10]   solar     :    6.320
[19:25:10]   diesel    :    2.130
[19:25:10]   battery   :    0.000
[19:25:10]   customer  : -188.422
[19:25:10] Grid交易: Import=1.5 | Export=1374.5
[19:25:10] 
============================================================
[19:25:10] Episode 23/200 | Steps: 24
[19:25:10] 总奖励:  -180.51 (Avg10:  -177.97)
[19:25:10] Agent奖励:
[19:25:10]   wind      :    0.628
[19:25:10]   solar     :    1.275
[19:25:10]   diesel    :    0.672
[19:25:10]   battery   :    0.000
[19:25:10]   customer  : -183.088
[19:25:10] Grid交易: Import=0.0 | Export=1560.0
[19:25:11] 
============================================================
[19:25:11] Episode 24/200 | Steps: 24
[19:25:11] 总奖励:  -168.60 (Avg10:  -177.88)
[19:25:11] Agent奖励:
[19:25:11]   wind      :    5.031
[19:25:11]   solar     :   10.593
[19:25:11]   diesel    :    0.608
[19:25:11]   battery   :    0.000
[19:25:11]   customer  : -184.832
[19:25:11] Grid交易: Import=0.0 | Export=1466.4
[19:25:12] 
============================================================
[19:25:12] Episode 25/200 | Steps: 24
[19:25:12] 总奖励:  -175.87 (Avg10:  -178.39)
[19:25:12] Agent奖励:
[19:25:12]   wind      :   -5.481
[19:25:12]   solar     :    4.687
[19:25:12]   diesel    :    1.976
[19:25:12]   battery   :    0.000
[19:25:12]   customer  : -177.049
[19:25:12] Grid交易: Import=0.0 | Export=1394.1
[19:25:13] 
============================================================
[19:25:13] Episode 26/200 | Steps: 24
[19:25:13] 总奖励:  -169.54 (Avg10:  -177.11)
[19:25:13] Agent奖励:
[19:25:13]   wind      :    3.857
[19:25:13]   solar     :    1.855
[19:25:13]   diesel    :    2.963
[19:25:13]   battery   :   -2.872
[19:25:13]   customer  : -175.343
[19:25:13] Grid交易: Import=0.0 | Export=1470.1
[19:25:13] 
============================================================
[19:25:13] Episode 27/200 | Steps: 24
[19:25:13] 总奖励:  -180.18 (Avg10:  -177.76)
[19:25:13] Agent奖励:
[19:25:13]   wind      :    2.645
[19:25:13]   solar     :   -0.208
[19:25:13]   diesel    :    1.975
[19:25:13]   battery   :    1.011
[19:25:13]   customer  : -185.601
[19:25:13] Grid交易: Import=0.0 | Export=1558.4
[19:25:14] 
============================================================
[19:25:14] Episode 28/200 | Steps: 24
[19:25:14] 总奖励:  -176.88 (Avg10:  -177.22)
[19:25:14] Agent奖励:
[19:25:14]   wind      :    0.832
[19:25:14]   solar     :    0.971
[19:25:14]   diesel    :   -0.040
[19:25:14]   battery   :   -3.530
[19:25:14]   customer  : -175.113
[19:25:14] Grid交易: Import=0.0 | Export=1347.6
[19:25:15] 
============================================================
[19:25:15] Episode 29/200 | Steps: 24
[19:25:15] 总奖励:  -177.22 (Avg10:  -176.94)
[19:25:15] Agent奖励:
[19:25:15]   wind      :    1.362
[19:25:15]   solar     :    3.920
[19:25:15]   diesel    :    0.963
[19:25:15]   battery   :   -3.602
[19:25:15]   customer  : -179.867
[19:25:15] Grid交易: Import=1.3 | Export=1312.2
[19:25:16] 
============================================================
[19:25:16] Episode 30/200 | Steps: 24
[19:25:16] 总奖励:  -173.28 (Avg10:  -176.57)
[19:25:16] Agent奖励:
[19:25:16]   wind      :   11.312
[19:25:16]   solar     :    6.584
[19:25:16]   diesel    :    5.970
[19:25:16]   battery   :   -7.349
[19:25:16]   customer  : -189.793
[19:25:16] Grid交易: Import=0.0 | Export=1509.8
[19:25:16] 
📊 生成多维分析图表...
[19:25:17]   ✓ Training Status: debug_plots/training_status_ep0030.png
[19:25:17]   ✓ Agent Details:   debug_plots/agent_detail_ep0030.png
[19:25:17]   ✓ Grid Analysis:   debug_plots/grid_status_ep0030.png
[19:25:18] 
============================================================
[19:25:18] Episode 31/200 | Steps: 24
[19:25:18] 总奖励:  -168.04 (Avg10:  -174.03)
[19:25:18] Agent奖励:
[19:25:18]   wind      :    9.237
[19:25:18]   solar     :    8.564
[19:25:18]   diesel    :    0.477
[19:25:18]   battery   :   -4.319
[19:25:18]   customer  : -181.998
[19:25:18] Grid交易: Import=10.1 | Export=1340.1
[19:25:19] 
============================================================
[19:25:19] Episode 32/200 | Steps: 24
[19:25:19] 总奖励:  -177.24 (Avg10:  -174.74)
[19:25:19] Agent奖励:
[19:25:19]   wind      :    7.774
[19:25:19]   solar     :    1.901
[19:25:19]   diesel    :    0.262
[19:25:19]   battery   :   -0.440
[19:25:19]   customer  : -186.742
[19:25:19] Grid交易: Import=12.4 | Export=1285.5
[19:25:20] 
============================================================
[19:25:20] Episode 33/200 | Steps: 24
[19:25:20] 总奖励:  -170.76 (Avg10:  -173.76)
[19:25:20] Agent奖励:
[19:25:20]   wind      :   13.836
[19:25:20]   solar     :    3.136
[19:25:20]   diesel    :    4.487
[19:25:20]   battery   :    0.560
[19:25:20]   customer  : -192.782
[19:25:20] Grid交易: Import=26.5 | Export=1295.3
[19:25:20] 
============================================================
[19:25:20] Episode 34/200 | Steps: 24
[19:25:20] 总奖励:  -167.82 (Avg10:  -173.68)
[19:25:20] Agent奖励:
[19:25:20]   wind      :   20.907
[19:25:20]   solar     :   11.207
[19:25:20]   diesel    :   12.798
[19:25:20]   battery   :   -4.325
[19:25:20]   customer  : -208.404
[19:25:20] Grid交易: Import=49.6 | Export=1179.7
[19:25:21] 
============================================================
[19:25:21] Episode 35/200 | Steps: 24
[19:25:21] 总奖励:  -167.58 (Avg10:  -172.85)
[19:25:21] Agent奖励:
[19:25:21]   wind      :   14.547
[19:25:21]   solar     :    5.947
[19:25:21]   diesel    :    5.928
[19:25:21]   battery   :   -3.108
[19:25:21]   customer  : -190.898
[19:25:21] Grid交易: Import=20.5 | Export=1347.3
[19:25:22] 
============================================================
[19:25:22] Episode 36/200 | Steps: 24
[19:25:22] 总奖励:  -158.32 (Avg10:  -171.73)
[19:25:22] Agent奖励:
[19:25:22]   wind      :   23.970
[19:25:22]   solar     :    4.555
[19:25:22]   diesel    :    3.932
[19:25:22]   battery   :   -0.181
[19:25:22]   customer  : -190.598
[19:25:22] Grid交易: Import=0.0 | Export=1341.9
[19:25:23] 
============================================================
[19:25:23] Episode 37/200 | Steps: 24
[19:25:23] 总奖励:  -164.54 (Avg10:  -170.17)
[19:25:23] Agent奖励:
[19:25:23]   wind      :   11.796
[19:25:23]   solar     :   11.799
[19:25:23]   diesel    :    4.082
[19:25:23]   battery   :   -2.523
[19:25:23]   customer  : -189.696
[19:25:23] Grid交易: Import=0.0 | Export=1483.1
[19:25:24] 
============================================================
[19:25:24] Episode 38/200 | Steps: 24
[19:25:24] 总奖励:  -161.84 (Avg10:  -168.67)
[19:25:24] Agent奖励:
[19:25:24]   wind      :   15.020
[19:25:24]   solar     :    8.623
[19:25:24]   diesel    :   20.208
[19:25:24]   battery   :   -2.267
[19:25:24]   customer  : -203.426
[19:25:24] Grid交易: Import=0.0 | Export=1211.3
[19:25:25] 
============================================================
[19:25:25] Episode 39/200 | Steps: 24
[19:25:25] 总奖励:  -159.88 (Avg10:  -166.93)
[19:25:25] Agent奖励:
[19:25:25]   wind      :   21.789
[19:25:25]   solar     :    5.034
[19:25:25]   diesel    :    1.384
[19:25:25]   battery   :   -6.324
[19:25:25]   customer  : -181.765
[19:25:25] Grid交易: Import=0.0 | Export=1444.5
[19:25:26] 
============================================================
[19:25:26] Episode 40/200 | Steps: 24
[19:25:26] 总奖励:  -174.59 (Avg10:  -167.06)
[19:25:26] Agent奖励:
[19:25:26]   wind      :   13.248
[19:25:26]   solar     :    2.647
[19:25:26]   diesel    :    2.938
[19:25:26]   battery   :   -1.266
[19:25:26]   customer  : -192.157
[19:25:26] Grid交易: Import=0.0 | Export=1393.4
[19:25:26] 
📊 生成多维分析图表...
[19:25:26]   ✓ Training Status: debug_plots/training_status_ep0040.png
[19:25:26]   ✓ Agent Details:   debug_plots/agent_detail_ep0040.png
[19:25:26]   ✓ Grid Analysis:   debug_plots/grid_status_ep0040.png
[19:25:27] 
============================================================
[19:25:27] Episode 41/200 | Steps: 24
[19:25:27] 总奖励:  -156.69 (Avg10:  -165.93)
[19:25:27] Agent奖励:
[19:25:27]   wind      :   21.020
[19:25:27]   solar     :    7.656
[19:25:27]   diesel    :    9.650
[19:25:27]   battery   :   -2.113
[19:25:27]   customer  : -192.907
[19:25:27] Grid交易: Import=0.0 | Export=1257.2
[19:25:28] 
============================================================
[19:25:28] Episode 42/200 | Steps: 24
[19:25:28] 总奖励:  -158.55 (Avg10:  -164.06)
[19:25:28] Agent奖励:
[19:25:28]   wind      :   26.123
[19:25:28]   solar     :    5.988
[19:25:28]   diesel    :    4.615
[19:25:28]   battery   :   -6.854
[19:25:28]   customer  : -188.425
[19:25:28] Grid交易: Import=0.0 | Export=1182.0
[19:25:29] 
============================================================
[19:25:29] Episode 43/200 | Steps: 24
[19:25:29] 总奖励:  -172.46 (Avg10:  -164.23)
[19:25:29] Agent奖励:
[19:25:29]   wind      :   11.774
[19:25:29]   solar     :    3.879
[19:25:29]   diesel    :   15.869
[19:25:29]   battery   :   -0.332
[19:25:29]   customer  : -203.651
[19:25:29] Grid交易: Import=23.0 | Export=1149.9
[19:25:30] 
============================================================
[19:25:30] Episode 44/200 | Steps: 24
[19:25:30] 总奖励:  -162.53 (Avg10:  -163.70)
[19:25:30] Agent奖励:
[19:25:30]   wind      :   30.818
[19:25:30]   solar     :    5.215
[19:25:30]   diesel    :   -1.650
[19:25:30]   battery   :   -4.151
[19:25:30]   customer  : -192.761
[19:25:30] Grid交易: Import=2.2 | Export=1317.5
[19:25:30] 
============================================================
[19:25:30] Episode 45/200 | Steps: 24
[19:25:30] 总奖励:  -155.20 (Avg10:  -162.46)
[19:25:30] Agent奖励:
[19:25:30]   wind      :   30.439
[19:25:30]   solar     :    2.684
[19:25:30]   diesel    :   -1.117
[19:25:30]   battery   :   -4.292
[19:25:30]   customer  : -182.915
[19:25:30] Grid交易: Import=0.0 | Export=1292.8
[19:25:31] 
============================================================
[19:25:31] Episode 46/200 | Steps: 24
[19:25:31] 总奖励:  -175.99 (Avg10:  -164.23)
[19:25:31] Agent奖励:
[19:25:31]   wind      :   12.970
[19:25:31]   solar     :    8.167
[19:25:31]   diesel    :   15.153
[19:25:31]   battery   :   -0.298
[19:25:31]   customer  : -211.977
[19:25:31] Grid交易: Import=26.3 | Export=1340.7
[19:25:32] 
============================================================
[19:25:32] Episode 47/200 | Steps: 24
[19:25:32] 总奖励:  -161.01 (Avg10:  -163.87)
[19:25:32] Agent奖励:
[19:25:32]   wind      :   21.134
[19:25:32]   solar     :    5.711
[19:25:32]   diesel    :    1.632
[19:25:32]   battery   :    1.020
[19:25:32]   customer  : -190.503
[19:25:32] Grid交易: Import=18.4 | Export=1329.7
[19:25:33] 
============================================================
[19:25:33] Episode 48/200 | Steps: 24
[19:25:33] 总奖励:  -167.89 (Avg10:  -164.48)
[19:25:33] Agent奖励:
[19:25:33]   wind      :   18.529
[19:25:33]   solar     :    3.518
[19:25:33]   diesel    :   -0.032
[19:25:33]   battery   :    0.029
[19:25:33]   customer  : -189.931
[19:25:33] Grid交易: Import=0.0 | Export=1402.4
[19:25:33] 
============================================================
[19:25:33] Episode 49/200 | Steps: 24
[19:25:33] 总奖励:  -168.97 (Avg10:  -165.39)
[19:25:33] Agent奖励:
[19:25:33]   wind      :   21.015
[19:25:33]   solar     :    7.615
[19:25:33]   diesel    :    1.750
[19:25:33]   battery   :   -4.940
[19:25:33]   customer  : -194.415
[19:25:33] Grid交易: Import=0.0 | Export=1323.4
[19:25:34] 
============================================================
[19:25:34] Episode 50/200 | Steps: 24
[19:25:34] 总奖励:  -169.00 (Avg10:  -164.83)
[19:25:34] Agent奖励:
[19:25:34]   wind      :   24.717
[19:25:34]   solar     :    2.987
[19:25:34]   diesel    :    6.312
[19:25:34]   battery   :   -3.436
[19:25:34]   customer  : -199.584
[19:25:34] Grid交易: Import=21.6 | Export=1203.9
[19:25:34] 
📊 生成多维分析图表...
[19:25:35]   ✓ Training Status: debug_plots/training_status_ep0050.png
[19:25:35]   ✓ Agent Details:   debug_plots/agent_detail_ep0050.png
[19:25:35]   ✓ Grid Analysis:   debug_plots/grid_status_ep0050.png
[19:25:35] 💾 Checkpoint saved: debug_checkpoints/debug_maddpg_20251203_192448_ep50.pt
[19:25:36] 
============================================================
[19:25:36] Episode 51/200 | Steps: 24
[19:25:36] 总奖励:  -170.04 (Avg10:  -166.16)
[19:25:36] Agent奖励:
[19:25:36]   wind      :   15.980
[19:25:36]   solar     :    7.505
[19:25:36]   diesel    :    0.362
[19:25:36]   battery   :   -0.846
[19:25:36]   customer  : -193.040
[19:25:36] Grid交易: Import=2.0 | Export=1553.6
[19:25:37] 
============================================================
[19:25:37] Episode 52/200 | Steps: 24
[19:25:37] 总奖励:  -165.99 (Avg10:  -166.91)
[19:25:37] Agent奖励:
[19:25:37]   wind      :   16.240
[19:25:37]   solar     :    2.540
[19:25:37]   diesel    :    2.189
[19:25:37]   battery   :   -2.823
[19:25:37]   customer  : -184.138
[19:25:37] Grid交易: Import=0.0 | Export=1295.8
[19:25:38] 
============================================================
[19:25:38] Episode 53/200 | Steps: 24
[19:25:38] 总奖励:  -168.83 (Avg10:  -166.54)
[19:25:38] Agent奖励:
[19:25:38]   wind      :   21.091
[19:25:38]   solar     :    3.128
[19:25:38]   diesel    :    2.433
[19:25:38]   battery   :   -5.803
[19:25:38]   customer  : -189.677
[19:25:38] Grid交易: Import=27.2 | Export=1185.9
[19:25:39] 
============================================================
[19:25:39] Episode 54/200 | Steps: 24
[19:25:39] 总奖励:  -168.19 (Avg10:  -167.11)
[19:25:39] Agent奖励:
[19:25:39]   wind      :   18.489
[19:25:39]   solar     :    3.240
[19:25:39]   diesel    :    1.820
[19:25:39]   battery   :   -3.923
[19:25:39]   customer  : -187.821
[19:25:39] Grid交易: Import=17.7 | Export=1499.7
[19:25:40] 
============================================================
[19:25:40] Episode 55/200 | Steps: 24
[19:25:40] 总奖励:  -163.60 (Avg10:  -167.95)
[19:25:40] Agent奖励:
[19:25:40]   wind      :   21.243
[19:25:40]   solar     :    6.294
[19:25:40]   diesel    :    7.144
[19:25:40]   battery   :   -2.482
[19:25:40]   customer  : -195.799
[19:25:40] Grid交易: Import=33.6 | Export=1165.4
[19:25:41] 
============================================================
[19:25:41] Episode 56/200 | Steps: 24
[19:25:41] 总奖励:  -161.54 (Avg10:  -166.51)
[19:25:41] Agent奖励:
[19:25:41]   wind      :   23.528
[19:25:41]   solar     :   11.414
[19:25:41]   diesel    :   12.999
[19:25:41]   battery   :   -1.660
[19:25:41]   customer  : -207.820
[19:25:41] Grid交易: Import=0.0 | Export=1295.7
[19:25:41] 
============================================================
[19:25:41] Episode 57/200 | Steps: 24
[19:25:41] 总奖励:  -184.87 (Avg10:  -168.89)
[19:25:41] Agent奖励:
[19:25:41]   wind      :    6.294
[19:25:41]   solar     :    2.616
[19:25:41]   diesel    :    2.386
[19:25:41]   battery   :    0.000
[19:25:41]   customer  : -196.161
[19:25:41] Grid交易: Import=0.0 | Export=1529.8
[19:25:42] 
============================================================
[19:25:42] Episode 58/200 | Steps: 24
[19:25:42] 总奖励:  -171.60 (Avg10:  -169.26)
[19:25:42] Agent奖励:
[19:25:42]   wind      :   14.001
[19:25:42]   solar     :    2.206
[19:25:42]   diesel    :    8.105
[19:25:42]   battery   :   -0.947
[19:25:42]   customer  : -194.968
[19:25:42] Grid交易: Import=6.5 | Export=1393.6
[19:25:43] 
============================================================
[19:25:43] Episode 59/200 | Steps: 24
[19:25:43] 总奖励:  -166.22 (Avg10:  -168.99)
[19:25:43] Agent奖励:
[19:25:43]   wind      :   22.237
[19:25:43]   solar     :    4.025
[19:25:43]   diesel    :    5.884
[19:25:43]   battery   :   -6.572
[19:25:43]   customer  : -191.791
[19:25:43] Grid交易: Import=3.7 | Export=1405.4
[19:25:44] 
============================================================
[19:25:44] Episode 60/200 | Steps: 24
[19:25:44] 总奖励:  -172.17 (Avg10:  -169.31)
[19:25:44] Agent奖励:
[19:25:44]   wind      :    9.166
[19:25:44]   solar     :    5.449
[19:25:44]   diesel    :    1.360
[19:25:44]   battery   :   -5.339
[19:25:44]   customer  : -182.806
[19:25:44] Grid交易: Import=0.0 | Export=1379.6
[19:25:44] 
📊 生成多维分析图表...
[19:25:45]   ✓ Training Status: debug_plots/training_status_ep0060.png
[19:25:45]   ✓ Agent Details:   debug_plots/agent_detail_ep0060.png
[19:25:45]   ✓ Grid Analysis:   debug_plots/grid_status_ep0060.png
[19:25:46] 
============================================================
[19:25:46] Episode 61/200 | Steps: 24
[19:25:46] 总奖励:  -186.90 (Avg10:  -170.99)
[19:25:46] Agent奖励:
[19:25:46]   wind      :    9.788
[19:25:46]   solar     :    1.885
[19:25:46]   diesel    :    1.408
[19:25:46]   battery   :   -2.452
[19:25:46]   customer  : -197.531
[19:25:46] Grid交易: Import=11.2 | Export=1459.2
[19:25:46] 
============================================================
[19:25:46] Episode 62/200 | Steps: 24
[19:25:46] 总奖励:  -159.33 (Avg10:  -170.32)
[19:25:46] Agent奖励:
[19:25:46]   wind      :   17.697
[19:25:46]   solar     :    2.294
[19:25:46]   diesel    :    1.427
[19:25:46]   battery   :    2.134
[19:25:46]   customer  : -182.877
[19:25:46] Grid交易: Import=0.0 | Export=1458.0
[19:25:47] 
============================================================
[19:25:47] Episode 63/200 | Steps: 24
[19:25:47] 总奖励:  -176.78 (Avg10:  -171.12)
[19:25:47] Agent奖励:
[19:25:47]   wind      :   14.392
[19:25:47]   solar     :    2.502
[19:25:47]   diesel    :    0.614
[19:25:47]   battery   :   -4.937
[19:25:47]   customer  : -189.350
[19:25:47] Grid交易: Import=20.5 | Export=1244.3
[19:25:48] 
============================================================
[19:25:48] Episode 64/200 | Steps: 24
[19:25:48] 总奖励:  -162.29 (Avg10:  -170.53)
[19:25:48] Agent奖励:
[19:25:48]   wind      :   18.948
[19:25:48]   solar     :    5.678
[19:25:48]   diesel    :    1.460
[19:25:48]   battery   :   -2.656
[19:25:48]   customer  : -185.715
[19:25:48] Grid交易: Import=0.0 | Export=1300.0
[19:25:49] 
============================================================
[19:25:49] Episode 65/200 | Steps: 24
[19:25:49] 总奖励:  -161.75 (Avg10:  -170.34)
[19:25:49] Agent奖励:
[19:25:49]   wind      :   21.230
[19:25:49]   solar     :    7.687
[19:25:49]   diesel    :    1.583
[19:25:49]   battery   :   -2.468
[19:25:49]   customer  : -189.783
[19:25:49] Grid交易: Import=6.2 | Export=1405.5
[19:25:50] 
============================================================
[19:25:50] Episode 66/200 | Steps: 24
[19:25:50] 总奖励:  -165.54 (Avg10:  -170.74)
[19:25:50] Agent奖励:
[19:25:50]   wind      :   12.654
[19:25:50]   solar     :    1.702
[19:25:50]   diesel    :    1.616
[19:25:50]   battery   :   -0.875
[19:25:50]   customer  : -180.635
[19:25:50] Grid交易: Import=0.0 | Export=1522.9
[19:25:51] 
============================================================
[19:25:51] Episode 67/200 | Steps: 24
[19:25:51] 总奖励:  -174.23 (Avg10:  -169.68)
[19:25:51] Agent奖励:
[19:25:51]   wind      :   10.667
[19:25:51]   solar     :    4.444
[19:25:51]   diesel    :   -0.061
[19:25:51]   battery   :   -4.253
[19:25:51]   customer  : -185.023
[19:25:51] Grid交易: Import=0.0 | Export=1450.5
[19:25:52] 
============================================================
[19:25:52] Episode 68/200 | Steps: 24
[19:25:52] 总奖励:  -168.47 (Avg10:  -169.37)
[19:25:52] Agent奖励:
[19:25:52]   wind      :   11.384
[19:25:52]   solar     :    1.858
[19:25:52]   diesel    :    1.482
[19:25:52]   battery   :   -0.710
[19:25:52]   customer  : -182.481
[19:25:52] Grid交易: Import=0.0 | Export=1427.6
[19:25:52] 
============================================================
[19:25:52] Episode 69/200 | Steps: 24
[19:25:52] 总奖励:  -156.12 (Avg10:  -168.36)
[19:25:52] Agent奖励:
[19:25:52]   wind      :   26.721
[19:25:52]   solar     :    4.050
[19:25:52]   diesel    :    1.497
[19:25:52]   battery   :   -1.566
[19:25:52]   customer  : -186.822
[19:25:52] Grid交易: Import=0.0 | Export=1400.5
[19:25:53] 
============================================================
[19:25:53] Episode 70/200 | Steps: 24
[19:25:53] 总奖励:  -162.65 (Avg10:  -167.40)
[19:25:53] Agent奖励:
[19:25:53]   wind      :   11.733
[19:25:53]   solar     :    5.595
[19:25:53]   diesel    :    1.359
[19:25:53]   battery   :   -5.994
[19:25:53]   customer  : -175.341
[19:25:53] Grid交易: Import=0.0 | Export=1468.9
[19:25:53] 
📊 生成多维分析图表...
[19:25:54]   ✓ Training Status: debug_plots/training_status_ep0070.png
[19:25:54]   ✓ Agent Details:   debug_plots/agent_detail_ep0070.png
[19:25:54]   ✓ Grid Analysis:   debug_plots/grid_status_ep0070.png
[19:25:55] 
============================================================
[19:25:55] Episode 71/200 | Steps: 24
[19:25:55] 总奖励:  -172.41 (Avg10:  -165.95)
[19:25:55] Agent奖励:
[19:25:55]   wind      :   11.587
[19:25:55]   solar     :    3.031
[19:25:55]   diesel    :    0.000
[19:25:55]   battery   :   -6.086
[19:25:55]   customer  : -180.938
[19:25:55] Grid交易: Import=1.6 | Export=1448.4
[19:25:55] 
============================================================
[19:25:55] Episode 72/200 | Steps: 24
[19:25:55] 总奖励:  -171.84 (Avg10:  -167.21)
[19:25:55] Agent奖励:
[19:25:55]   wind      :   14.023
[19:25:55]   solar     :    7.616
[19:25:55]   diesel    :    1.162
[19:25:55]   battery   :   -0.057
[19:25:55]   customer  : -194.581
[19:25:55] Grid交易: Import=0.0 | Export=1479.8
[19:25:56] 
============================================================
[19:25:56] Episode 73/200 | Steps: 24
[19:25:56] 总奖励:  -175.58 (Avg10:  -167.09)
[19:25:56] Agent奖励:
[19:25:56]   wind      :    7.323
[19:25:56]   solar     :    4.394
[19:25:56]   diesel    :   -2.167
[19:25:56]   battery   :   -0.887
[19:25:56]   customer  : -184.244
[19:25:56] Grid交易: Import=0.0 | Export=1356.7
[19:25:58] 
============================================================
[19:25:58] Episode 74/200 | Steps: 24
[19:25:58] 总奖励:  -172.43 (Avg10:  -168.10)
[19:25:58] Agent奖励:
[19:25:58]   wind      :   16.905
[19:25:58]   solar     :    5.721
[19:25:58]   diesel    :    1.199
[19:25:58]   battery   :   -4.619
[19:25:58]   customer  : -191.633
[19:25:58] Grid交易: Import=0.0 | Export=1325.3
[19:25:59] 
============================================================
[19:25:59] Episode 75/200 | Steps: 24
[19:25:59] 总奖励:  -163.30 (Avg10:  -168.25)
[19:25:59] Agent奖励:
[19:25:59]   wind      :   21.066
[19:25:59]   solar     :    4.692
[19:25:59]   diesel    :    2.564
[19:25:59]   battery   :   -4.801
[19:25:59]   customer  : -186.820
[19:25:59] Grid交易: Import=0.0 | Export=1378.6
[19:26:00] 
============================================================
[19:26:00] Episode 76/200 | Steps: 24
[19:26:00] 总奖励:  -178.02 (Avg10:  -169.50)
[19:26:00] Agent奖励:
[19:26:00]   wind      :   13.179
[19:26:00]   solar     :    4.120
[19:26:00]   diesel    :    0.682
[19:26:00]   battery   :   -5.157
[19:26:00]   customer  : -190.847
[19:26:00] Grid交易: Import=0.0 | Export=1374.1
[19:26:00] 
============================================================
[19:26:00] Episode 77/200 | Steps: 24
[19:26:00] 总奖励:  -171.18 (Avg10:  -169.20)
[19:26:00] Agent奖励:
[19:26:00]   wind      :   17.040
[19:26:00]   solar     :    3.225
[19:26:00]   diesel    :    2.908
[19:26:00]   battery   :   -3.200
[19:26:00]   customer  : -191.150
[19:26:00] Grid交易: Import=0.0 | Export=1328.6
[19:26:02] 
============================================================
[19:26:02] Episode 78/200 | Steps: 24
[19:26:02] 总奖励:  -172.65 (Avg10:  -169.62)
[19:26:02] Agent奖励:
[19:26:02]   wind      :   10.734
[19:26:02]   solar     :    3.499
[19:26:02]   diesel    :    2.870
[19:26:02]   battery   :   -2.938
[19:26:02]   customer  : -186.815
[19:26:02] Grid交易: Import=0.0 | Export=1360.3
[19:26:02] 
============================================================
[19:26:02] Episode 79/200 | Steps: 24
[19:26:02] 总奖励:  -163.92 (Avg10:  -170.40)
[19:26:02] Agent奖励:
[19:26:02]   wind      :   15.647
[19:26:02]   solar     :    2.132
[19:26:02]   diesel    :    1.095
[19:26:02]   battery   :    0.181
[19:26:02]   customer  : -182.978
[19:26:02] Grid交易: Import=0.0 | Export=1395.4
[19:26:03] 
============================================================
[19:26:03] Episode 80/200 | Steps: 24
[19:26:03] 总奖励:  -174.31 (Avg10:  -171.56)
[19:26:03] Agent奖励:
[19:26:03]   wind      :   11.728
[19:26:03]   solar     :    1.115
[19:26:03]   diesel    :    1.403
[19:26:03]   battery   :   -4.864
[19:26:03]   customer  : -183.690
[19:26:03] Grid交易: Import=0.0 | Export=1346.8
[19:26:03] 
📊 生成多维分析图表...
[19:26:04]   ✓ Training Status: debug_plots/training_status_ep0080.png
[19:26:04]   ✓ Agent Details:   debug_plots/agent_detail_ep0080.png
[19:26:04]   ✓ Grid Analysis:   debug_plots/grid_status_ep0080.png
[19:26:05] 
============================================================
[19:26:05] Episode 81/200 | Steps: 24
[19:26:05] 总奖励:  -168.30 (Avg10:  -171.15)
[19:26:05] Agent奖励:
[19:26:05]   wind      :   10.856
[19:26:05]   solar     :    4.493
[19:26:05]   diesel    :    1.977
[19:26:05]   battery   :   -1.474
[19:26:05]   customer  : -184.149
[19:26:05] Grid交易: Import=0.0 | Export=1531.6
[19:26:06] 
============================================================
[19:26:06] Episode 82/200 | Steps: 24
[19:26:06] 总奖励:  -180.69 (Avg10:  -172.04)
[19:26:06] Agent奖励:
[19:26:06]   wind      :    5.124
[19:26:06]   solar     :    4.166
[19:26:06]   diesel    :    2.626
[19:26:06]   battery   :   -0.073
[19:26:06]   customer  : -192.528
[19:26:06] Grid交易: Import=0.0 | Export=1430.9
[19:26:07] 
============================================================
[19:26:07] Episode 83/200 | Steps: 24
[19:26:07] 总奖励:  -171.78 (Avg10:  -171.66)
[19:26:07] Agent奖励:
[19:26:07]   wind      :   11.834
[19:26:07]   solar     :    1.392
[19:26:07]   diesel    :    3.609
[19:26:07]   battery   :   -4.620
[19:26:07]   customer  : -183.994
[19:26:07] Grid交易: Import=3.5 | Export=1320.4
[19:26:08] 
============================================================
[19:26:08] Episode 84/200 | Steps: 24
[19:26:08] 总奖励:  -171.42 (Avg10:  -171.56)
[19:26:08] Agent奖励:
[19:26:08]   wind      :   19.047
[19:26:08]   solar     :    1.876
[19:26:08]   diesel    :    6.224
[19:26:08]   battery   :   -2.131
[19:26:08]   customer  : -196.432
[19:26:08] Grid交易: Import=0.0 | Export=1430.9
[19:26:08] 
============================================================
[19:26:08] Episode 85/200 | Steps: 24
[19:26:08] 总奖励:  -172.41 (Avg10:  -172.47)
[19:26:08] Agent奖励:
[19:26:08]   wind      :    7.339
[19:26:08]   solar     :    7.706
[19:26:08]   diesel    :    1.061
[19:26:08]   battery   :   -3.034
[19:26:08]   customer  : -185.482
[19:26:08] Grid交易: Import=0.0 | Export=1537.6
[19:26:09] 
============================================================
[19:26:09] Episode 86/200 | Steps: 24
[19:26:09] 总奖励:  -146.47 (Avg10:  -169.31)
[19:26:09] Agent奖励:
[19:26:09]   wind      :   31.817
[19:26:09]   solar     :    5.998
[19:26:09]   diesel    :    1.875
[19:26:09]   battery   :   -5.702
[19:26:09]   customer  : -180.454
[19:26:09] Grid交易: Import=0.0 | Export=1409.0
[19:26:10] 
============================================================
[19:26:10] Episode 87/200 | Steps: 24
[19:26:10] 总奖励:  -172.03 (Avg10:  -169.40)
[19:26:10] Agent奖励:
[19:26:10]   wind      :   11.751
[19:26:10]   solar     :    2.601
[19:26:10]   diesel    :    1.265
[19:26:10]   battery   :   -1.742
[19:26:10]   customer  : -185.907
[19:26:10] Grid交易: Import=0.0 | Export=1571.1
[19:26:11] 
============================================================
[19:26:11] Episode 88/200 | Steps: 24
[19:26:11] 总奖励:  -170.20 (Avg10:  -169.15)
[19:26:11] Agent奖励:
[19:26:11]   wind      :   17.691
[19:26:11]   solar     :    3.873
[19:26:11]   diesel    :    1.824
[19:26:11]   battery   :   -3.628
[19:26:11]   customer  : -189.961
[19:26:11] Grid交易: Import=0.0 | Export=1386.7
[19:26:12] 
============================================================
[19:26:12] Episode 89/200 | Steps: 24
[19:26:12] 总奖励:  -166.79 (Avg10:  -169.44)
[19:26:12] Agent奖励:
[19:26:12]   wind      :    9.456
[19:26:12]   solar     :    5.950
[19:26:12]   diesel    :    6.135
[19:26:12]   battery   :    0.167
[19:26:12]   customer  : -188.497
[19:26:12] Grid交易: Import=0.0 | Export=1427.5
[19:26:13] 
============================================================
[19:26:13] Episode 90/200 | Steps: 24
[19:26:13] 总奖励:  -179.15 (Avg10:  -169.92)
[19:26:13] Agent奖励:
[19:26:13]   wind      :    8.069
[19:26:13]   solar     :    3.512
[19:26:13]   diesel    :   -0.312
[19:26:13]   battery   :   -1.802
[19:26:13]   customer  : -188.612
[19:26:13] Grid交易: Import=0.0 | Export=1414.3
[19:26:13] 
📊 生成多维分析图表...
[19:26:14]   ✓ Training Status: debug_plots/training_status_ep0090.png
[19:26:14]   ✓ Agent Details:   debug_plots/agent_detail_ep0090.png
[19:26:14]   ✓ Grid Analysis:   debug_plots/grid_status_ep0090.png
[19:26:15] 
============================================================
[19:26:15] Episode 91/200 | Steps: 24
[19:26:15] 总奖励:  -163.76 (Avg10:  -169.47)
[19:26:15] Agent奖励:
[19:26:15]   wind      :   19.100
[19:26:15]   solar     :    2.797
[19:26:15]   diesel    :    3.167
[19:26:15]   battery   :   -1.598
[19:26:15]   customer  : -187.230
[19:26:15] Grid交易: Import=7.6 | Export=1409.0
[19:26:15] 
============================================================
[19:26:15] Episode 92/200 | Steps: 24
[19:26:15] 总奖励:  -162.84 (Avg10:  -167.68)
[19:26:15] Agent奖励:
[19:26:15]   wind      :   18.049
[19:26:15]   solar     :    4.605
[19:26:15]   diesel    :    1.020
[19:26:15]   battery   :   -0.167
[19:26:15]   customer  : -186.346
[19:26:15] Grid交易: Import=0.0 | Export=1423.5
[19:26:16] 
============================================================
[19:26:16] Episode 93/200 | Steps: 24
[19:26:16] 总奖励:  -171.88 (Avg10:  -167.69)
[19:26:16] Agent奖励:
[19:26:16]   wind      :   16.228
[19:26:16]   solar     :    2.996
[19:26:16]   diesel    :    5.666
[19:26:16]   battery   :   -4.149
[19:26:16]   customer  : -192.621
[19:26:16] Grid交易: Import=0.0 | Export=1350.6
[19:26:18] 
============================================================
[19:26:18] Episode 94/200 | Steps: 24
[19:26:18] 总奖励:  -176.52 (Avg10:  -168.20)
[19:26:18] Agent奖励:
[19:26:18]   wind      :   13.363
[19:26:18]   solar     :    3.265
[19:26:18]   diesel    :    3.129
[19:26:18]   battery   :   -4.295
[19:26:18]   customer  : -191.980
[19:26:18] Grid交易: Import=0.0 | Export=1325.4
[19:26:19] 
============================================================
[19:26:19] Episode 95/200 | Steps: 24
[19:26:19] 总奖励:  -160.67 (Avg10:  -167.03)
[19:26:19] Agent奖励:
[19:26:19]   wind      :   17.915
[19:26:19]   solar     :    8.732
[19:26:19]   diesel    :    1.840
[19:26:19]   battery   :   -5.917
[19:26:19]   customer  : -183.237
[19:26:19] Grid交易: Import=0.0 | Export=1406.2
[19:26:20] 
============================================================
[19:26:20] Episode 96/200 | Steps: 24
[19:26:20] 总奖励:  -159.69 (Avg10:  -168.35)
[19:26:20] Agent奖励:
[19:26:20]   wind      :   23.457
[19:26:20]   solar     :    5.294
[19:26:20]   diesel    :    2.914
[19:26:20]   battery   :   -5.301
[19:26:20]   customer  : -186.057
[19:26:20] Grid交易: Import=0.0 | Export=1421.5
[19:26:21] 
============================================================
[19:26:21] Episode 97/200 | Steps: 24
[19:26:21] 总奖励:  -172.78 (Avg10:  -168.43)
[19:26:21] Agent奖励:
[19:26:21]   wind      :   11.296
[19:26:21]   solar     :    3.781
[19:26:21]   diesel    :    2.025
[19:26:21]   battery   :   -3.574
[19:26:21]   customer  : -186.310
[19:26:21] Grid交易: Import=18.1 | Export=1565.1
[19:26:22] 
============================================================
[19:26:22] Episode 98/200 | Steps: 24
[19:26:22] 总奖励:  -158.93 (Avg10:  -167.30)
[19:26:22] Agent奖励:
[19:26:22]   wind      :   23.812
[19:26:22]   solar     :    6.438
[19:26:22]   diesel    :    2.585
[19:26:22]   battery   :   -5.656
[19:26:22]   customer  : -186.112
[19:26:22] Grid交易: Import=0.0 | Export=1355.3
[19:26:22] 
============================================================
[19:26:22] Episode 99/200 | Steps: 24
[19:26:22] 总奖励:  -177.96 (Avg10:  -168.42)
[19:26:22] Agent奖励:
[19:26:22]   wind      :   11.284
[19:26:22]   solar     :    7.792
[19:26:22]   diesel    :    4.760
[19:26:22]   battery   :   -3.990
[19:26:22]   customer  : -197.806
[19:26:22] Grid交易: Import=12.8 | Export=1252.8
[19:26:24] 
============================================================
[19:26:24] Episode 100/200 | Steps: 24
[19:26:24] 总奖励:  -173.96 (Avg10:  -167.90)
[19:26:24] Agent奖励:
[19:26:24]   wind      :   17.517
[19:26:24]   solar     :    7.868
[19:26:24]   diesel    :    5.334
[19:26:24]   battery   :   -2.117
[19:26:24]   customer  : -202.561
[19:26:24] Grid交易: Import=0.0 | Export=1340.6
[19:26:24] 
📊 生成多维分析图表...
[19:26:25]   ✓ Training Status: debug_plots/training_status_ep0100.png
[19:26:25]   ✓ Agent Details:   debug_plots/agent_detail_ep0100.png
[19:26:25]   ✓ Grid Analysis:   debug_plots/grid_status_ep0100.png
[19:26:25] 💾 Checkpoint saved: debug_checkpoints/debug_maddpg_20251203_192448_ep100.pt
[19:26:25] 
============================================================
[19:26:25] Episode 101/200 | Steps: 24
[19:26:25] 总奖励:  -179.62 (Avg10:  -169.48)
[19:26:25] Agent奖励:
[19:26:25]   wind      :    9.248
[19:26:25]   solar     :    4.641
[19:26:25]   diesel    :    1.326
[19:26:25]   battery   :   -2.985
[19:26:25]   customer  : -191.847
[19:26:25] Grid交易: Import=0.0 | Export=1459.5
[19:26:26] 
============================================================
[19:26:26] Episode 102/200 | Steps: 24
[19:26:26] 总奖励:  -167.72 (Avg10:  -169.97)
[19:26:26] Agent奖励:
[19:26:26]   wind      :   17.391
[19:26:26]   solar     :    1.553
[19:26:26]   diesel    :    2.111
[19:26:26]   battery   :   -0.613
[19:26:26]   customer  : -188.162
[19:26:26] Grid交易: Import=0.0 | Export=1349.3
[19:26:27] 
============================================================
[19:26:27] Episode 103/200 | Steps: 24
[19:26:27] 总奖励:  -160.77 (Avg10:  -168.86)
[19:26:27] Agent奖励:
[19:26:27]   wind      :   22.855
[19:26:27]   solar     :    7.587
[19:26:27]   diesel    :    1.965
[19:26:27]   battery   :   -3.930
[19:26:27]   customer  : -189.243
[19:26:27] Grid交易: Import=0.0 | Export=1333.8
[19:26:28] 
============================================================
[19:26:28] Episode 104/200 | Steps: 24
[19:26:28] 总奖励:  -165.12 (Avg10:  -167.72)
[19:26:28] Agent奖励:
[19:26:28]   wind      :   13.344
[19:26:28]   solar     :    6.034
[19:26:28]   diesel    :    1.528
[19:26:28]   battery   :   -2.345
[19:26:28]   customer  : -183.680
[19:26:28] Grid交易: Import=0.0 | Export=1508.6
[19:26:29] 
============================================================
[19:26:29] Episode 105/200 | Steps: 24
[19:26:29] 总奖励:  -167.29 (Avg10:  -168.38)
[19:26:29] Agent奖励:
[19:26:29]   wind      :   20.529
[19:26:29]   solar     :    5.849
[19:26:29]   diesel    :    1.982
[19:26:29]   battery   :   -5.941
[19:26:29]   customer  : -189.713
[19:26:29] Grid交易: Import=0.0 | Export=1354.7
[19:26:30] 
============================================================
[19:26:30] Episode 106/200 | Steps: 24
[19:26:30] 总奖励:  -167.18 (Avg10:  -169.13)
[19:26:30] Agent奖励:
[19:26:30]   wind      :   20.424
[19:26:30]   solar     :    8.154
[19:26:30]   diesel    :    1.545
[19:26:30]   battery   :   -7.327
[19:26:30]   customer  : -189.979
[19:26:30] Grid交易: Import=0.0 | Export=1530.5
[19:26:31] 
============================================================
[19:26:31] Episode 107/200 | Steps: 24
[19:26:31] 总奖励:  -172.06 (Avg10:  -169.06)
[19:26:31] Agent奖励:
[19:26:31]   wind      :    9.548
[19:26:31]   solar     :   11.788
[19:26:31]   diesel    :    4.821
[19:26:31]   battery   :   -6.244
[19:26:31]   customer  : -191.969
[19:26:31] Grid交易: Import=0.0 | Export=1391.5
[19:26:32] 
============================================================
[19:26:32] Episode 108/200 | Steps: 24
[19:26:32] 总奖励:  -157.71 (Avg10:  -168.94)
[19:26:32] Agent奖励:
[19:26:32]   wind      :   16.261
[19:26:32]   solar     :   10.189
[19:26:32]   diesel    :    4.708
[19:26:32]   battery   :   -0.832
[19:26:32]   customer  : -188.038
[19:26:32] Grid交易: Import=0.0 | Export=1356.5
[19:26:33] 
============================================================
[19:26:33] Episode 109/200 | Steps: 24
[19:26:33] 总奖励:  -167.41 (Avg10:  -167.88)
[19:26:33] Agent奖励:
[19:26:33]   wind      :   14.734
[19:26:33]   solar     :    5.195
[19:26:33]   diesel    :    0.803
[19:26:33]   battery   :   -3.181
[19:26:33]   customer  : -184.962
[19:26:33] Grid交易: Import=0.0 | Export=1569.9
[19:26:33] 
============================================================
[19:26:33] Episode 110/200 | Steps: 24
[19:26:33] 总奖励:  -164.88 (Avg10:  -166.98)
[19:26:33] Agent奖励:
[19:26:33]   wind      :   13.291
[19:26:33]   solar     :    6.798
[19:26:33]   diesel    :    4.679
[19:26:33]   battery   :   -1.830
[19:26:33]   customer  : -187.813
[19:26:33] Grid交易: Import=0.0 | Export=1427.5
[19:26:33] 
📊 生成多维分析图表...
[19:26:34]   ✓ Training Status: debug_plots/training_status_ep0110.png
[19:26:34]   ✓ Agent Details:   debug_plots/agent_detail_ep0110.png
[19:26:34]   ✓ Grid Analysis:   debug_plots/grid_status_ep0110.png
[19:26:35] 
============================================================
[19:26:35] Episode 111/200 | Steps: 24
[19:26:35] 总奖励:  -166.76 (Avg10:  -165.69)
[19:26:35] Agent奖励:
[19:26:35]   wind      :   17.501
[19:26:35]   solar     :    9.581
[19:26:35]   diesel    :    2.606
[19:26:35]   battery   :   -1.139
[19:26:35]   customer  : -195.312
[19:26:35] Grid交易: Import=0.0 | Export=1375.0
[19:26:36] 
============================================================
[19:26:36] Episode 112/200 | Steps: 24
[19:26:36] 总奖励:  -161.51 (Avg10:  -165.07)
[19:26:36] Agent奖励:
[19:26:36]   wind      :   15.172
[19:26:36]   solar     :   11.560
[19:26:36]   diesel    :    0.973
[19:26:36]   battery   :   -3.707
[19:26:36]   customer  : -185.508
[19:26:36] Grid交易: Import=0.0 | Export=1335.1
[19:26:37] 
============================================================
[19:26:37] Episode 113/200 | Steps: 24
[19:26:37] 总奖励:  -161.32 (Avg10:  -165.12)
[19:26:37] Agent奖励:
[19:26:37]   wind      :   26.213
[19:26:37]   solar     :   11.706
[19:26:37]   diesel    :    2.106
[19:26:37]   battery   :   -4.155
[19:26:37]   customer  : -197.195
[19:26:37] Grid交易: Import=0.0 | Export=1338.6
[19:26:38] 
============================================================
[19:26:38] Episode 114/200 | Steps: 24
[19:26:38] 总奖励:  -157.35 (Avg10:  -164.35)
[19:26:38] Agent奖励:
[19:26:38]   wind      :   21.627
[19:26:38]   solar     :   11.942
[19:26:38]   diesel    :    0.770
[19:26:38]   battery   :   -3.829
[19:26:38]   customer  : -187.864
[19:26:38] Grid交易: Import=0.0 | Export=1367.8
[19:26:39] 
============================================================
[19:26:39] Episode 115/200 | Steps: 24
[19:26:39] 总奖励:  -151.83 (Avg10:  -162.80)
[19:26:39] Agent奖励:
[19:26:39]   wind      :   25.546
[19:26:39]   solar     :   11.788
[19:26:39]   diesel    :    3.433
[19:26:39]   battery   :   -1.616
[19:26:39]   customer  : -190.978
[19:26:39] Grid交易: Import=0.0 | Export=1400.5
[19:26:40] 
============================================================
[19:26:40] Episode 116/200 | Steps: 24
[19:26:40] 总奖励:  -161.65 (Avg10:  -162.25)
[19:26:40] Agent奖励:
[19:26:40]   wind      :   19.168
[19:26:40]   solar     :    4.463
[19:26:40]   diesel    :    0.385
[19:26:40]   battery   :   -3.770
[19:26:40]   customer  : -181.895
[19:26:40] Grid交易: Import=0.0 | Export=1390.3
[19:26:41] 
============================================================
[19:26:41] Episode 117/200 | Steps: 24
[19:26:41] 总奖励:  -150.73 (Avg10:  -160.12)
[19:26:41] Agent奖励:
[19:26:41]   wind      :   26.757
[19:26:41]   solar     :    7.539
[19:26:41]   diesel    :    2.456
[19:26:41]   battery   :   -3.072
[19:26:41]   customer  : -184.407
[19:26:41] Grid交易: Import=0.0 | Export=1438.9
[19:26:42] 
============================================================
[19:26:42] Episode 118/200 | Steps: 24
[19:26:42] 总奖励:  -142.33 (Avg10:  -158.58)
[19:26:42] Agent奖励:
[19:26:42]   wind      :   37.024
[19:26:42]   solar     :   19.914
[19:26:42]   diesel    :   15.065
[19:26:42]   battery   :   -6.805
[19:26:42]   customer  : -207.532
[19:26:42] Grid交易: Import=6.5 | Export=1137.7
[19:26:43] 
============================================================
[19:26:43] Episode 119/200 | Steps: 24
[19:26:43] 总奖励:  -165.62 (Avg10:  -158.40)
[19:26:43] Agent奖励:
[19:26:43]   wind      :   15.739
[19:26:43]   solar     :    8.644
[19:26:43]   diesel    :    3.734
[19:26:43]   battery   :   -3.808
[19:26:43]   customer  : -189.932
[19:26:43] Grid交易: Import=0.0 | Export=1469.3
[19:26:44] 
============================================================
[19:26:44] Episode 120/200 | Steps: 24
[19:26:44] 总奖励:  -175.45 (Avg10:  -159.46)
[19:26:44] Agent奖励:
[19:26:44]   wind      :   14.860
[19:26:44]   solar     :    8.591
[19:26:44]   diesel    :    5.453
[19:26:44]   battery   :   -6.931
[19:26:44]   customer  : -197.427
[19:26:44] Grid交易: Import=0.0 | Export=1361.9
[19:26:44] 
📊 生成多维分析图表...
[19:26:45]   ✓ Training Status: debug_plots/training_status_ep0120.png
[19:26:45]   ✓ Agent Details:   debug_plots/agent_detail_ep0120.png
[19:26:45]   ✓ Grid Analysis:   debug_plots/grid_status_ep0120.png
[19:26:46] 
============================================================
[19:26:46] Episode 121/200 | Steps: 24
[19:26:46] 总奖励:  -158.37 (Avg10:  -158.62)
[19:26:46] Agent奖励:
[19:26:46]   wind      :   24.475
[19:26:46]   solar     :    7.620
[19:26:46]   diesel    :    4.197
[19:26:46]   battery   :   -3.783
[19:26:46]   customer  : -190.879
[19:26:46] Grid交易: Import=0.0 | Export=1293.3
[19:26:47] 
============================================================
[19:26:47] Episode 122/200 | Steps: 24
[19:26:47] 总奖励:  -157.91 (Avg10:  -158.26)
[19:26:47] Agent奖励:
[19:26:47]   wind      :   23.206
[19:26:47]   solar     :   11.601
[19:26:47]   diesel    :    5.621
[19:26:47]   battery   :   -3.061
[19:26:47]   customer  : -195.273
[19:26:47] Grid交易: Import=1.1 | Export=1246.9
[19:26:48] 
============================================================
[19:26:48] Episode 123/200 | Steps: 24
[19:26:48] 总奖励:  -159.04 (Avg10:  -158.03)
[19:26:48] Agent奖励:
[19:26:48]   wind      :   22.008
[19:26:48]   solar     :   10.394
[19:26:48]   diesel    :    3.554
[19:26:48]   battery   :   -4.287
[19:26:48]   customer  : -190.709
[19:26:48] Grid交易: Import=0.0 | Export=1375.4
[19:26:49] 
============================================================
[19:26:49] Episode 124/200 | Steps: 24
[19:26:49] 总奖励:  -161.60 (Avg10:  -158.45)
[19:26:49] Agent奖励:
[19:26:49]   wind      :   20.744
[19:26:49]   solar     :   13.286
[19:26:49]   diesel    :    2.954
[19:26:49]   battery   :   -5.355
[19:26:49]   customer  : -193.232
[19:26:49] Grid交易: Import=0.2 | Export=1361.3
[19:26:50] 
============================================================
[19:26:50] Episode 125/200 | Steps: 24
[19:26:50] 总奖励:  -165.94 (Avg10:  -159.86)
[19:26:50] Agent奖励:
[19:26:50]   wind      :   15.367
[19:26:50]   solar     :    9.071
[19:26:50]   diesel    :   -2.626
[19:26:50]   battery   :   -3.075
[19:26:50]   customer  : -184.681
[19:26:50] Grid交易: Import=0.0 | Export=1395.2
[19:26:51] 
============================================================
[19:26:51] Episode 126/200 | Steps: 24
[19:26:51] 总奖励:  -148.13 (Avg10:  -158.51)
[19:26:51] Agent奖励:
[19:26:51]   wind      :   31.051
[19:26:51]   solar     :   11.790
[19:26:51]   diesel    :    3.458
[19:26:51]   battery   :   -2.975
[19:26:51]   customer  : -191.456
[19:26:51] Grid交易: Import=0.0 | Export=1371.7
[19:26:52] 
============================================================
[19:26:52] Episode 127/200 | Steps: 24
[19:26:52] 总奖励:  -165.59 (Avg10:  -160.00)
[19:26:52] Agent奖励:
[19:26:52]   wind      :   12.998
[19:26:52]   solar     :   15.499
[19:26:52]   diesel    :    6.559
[19:26:52]   battery   :   -4.643
[19:26:52]   customer  : -195.998
[19:26:52] Grid交易: Import=0.0 | Export=1335.3
[19:26:54] 
============================================================
[19:26:54] Episode 128/200 | Steps: 24
[19:26:54] 总奖励:  -154.14 (Avg10:  -161.18)
[19:26:54] Agent奖励:
[19:26:54]   wind      :   15.609
[19:26:54]   solar     :   11.559
[19:26:54]   diesel    :   -0.314
[19:26:54]   battery   :   -1.142
[19:26:54]   customer  : -179.856
[19:26:54] Grid交易: Import=0.0 | Export=1385.0
[19:26:55] 
============================================================
[19:26:55] Episode 129/200 | Steps: 24
[19:26:55] 总奖励:  -157.52 (Avg10:  -160.37)
[19:26:55] Agent奖励:
[19:26:55]   wind      :   23.334
[19:26:55]   solar     :    7.878
[19:26:55]   diesel    :    2.451
[19:26:55]   battery   :   -3.197
[19:26:55]   customer  : -187.989
[19:26:55] Grid交易: Import=0.0 | Export=1441.6
[19:26:55] 
============================================================
[19:26:55] Episode 130/200 | Steps: 24
[19:26:55] 总奖励:  -134.65 (Avg10:  -156.29)
[19:26:55] Agent奖励:
[19:26:55]   wind      :   35.185
[19:26:55]   solar     :   11.998
[19:26:55]   diesel    :    1.916
[19:26:55]   battery   :   -6.434
[19:26:55]   customer  : -177.311
[19:26:55] Grid交易: Import=0.0 | Export=1422.7
[19:26:55] 
📊 生成多维分析图表...
[19:26:56]   ✓ Training Status: debug_plots/training_status_ep0130.png
[19:26:56]   ✓ Agent Details:   debug_plots/agent_detail_ep0130.png
[19:26:56]   ✓ Grid Analysis:   debug_plots/grid_status_ep0130.png
[19:26:57] 
============================================================
[19:26:57] Episode 131/200 | Steps: 24
[19:26:57] 总奖励:  -164.68 (Avg10:  -156.92)
[19:26:57] Agent奖励:
[19:26:57]   wind      :   22.601
[19:26:57]   solar     :   13.828
[19:26:57]   diesel    :    0.090
[19:26:57]   battery   :   -5.565
[19:26:57]   customer  : -195.633
[19:26:57] Grid交易: Import=0.0 | Export=1229.8
[19:26:58] 
============================================================
[19:26:58] Episode 132/200 | Steps: 24
[19:26:58] 总奖励:  -145.72 (Avg10:  -155.70)
[19:26:58] Agent奖励:
[19:26:58]   wind      :   26.541
[19:26:58]   solar     :   14.354
[19:26:58]   diesel    :    1.175
[19:26:58]   battery   :   -3.243
[19:26:58]   customer  : -184.550
[19:26:58] Grid交易: Import=0.0 | Export=1179.9
[19:26:59] 
============================================================
[19:26:59] Episode 133/200 | Steps: 24
[19:26:59] 总奖励:  -152.24 (Avg10:  -155.02)
[19:26:59] Agent奖励:
[19:26:59]   wind      :   23.891
[19:26:59]   solar     :    9.973
[19:26:59]   diesel    :    1.536
[19:26:59]   battery   :   -2.363
[19:26:59]   customer  : -185.274
[19:26:59] Grid交易: Import=0.0 | Export=1437.3
[19:27:00] 
============================================================
[19:27:00] Episode 134/200 | Steps: 24
[19:27:00] 总奖励:  -171.51 (Avg10:  -156.01)
[19:27:00] Agent奖励:
[19:27:00]   wind      :   17.939
[19:27:00]   solar     :   10.222
[19:27:00]   diesel    :    2.299
[19:27:00]   battery   :   -3.670
[19:27:00]   customer  : -198.297
[19:27:00] Grid交易: Import=19.6 | Export=1278.5
[19:27:01] 
============================================================
[19:27:01] Episode 135/200 | Steps: 24
[19:27:01] 总奖励:  -144.94 (Avg10:  -153.91)
[19:27:01] Agent奖励:
[19:27:01]   wind      :   27.800
[19:27:01]   solar     :    8.560
[19:27:01]   diesel    :    1.245
[19:27:01]   battery   :   -3.098
[19:27:01]   customer  : -179.451
[19:27:01] Grid交易: Import=0.0 | Export=1257.8
[19:27:02] 
============================================================
[19:27:02] Episode 136/200 | Steps: 24
[19:27:02] 总奖励:  -157.89 (Avg10:  -154.89)
[19:27:02] Agent奖励:
[19:27:02]   wind      :   23.654
[19:27:02]   solar     :   14.599
[19:27:02]   diesel    :    6.804
[19:27:02]   battery   :   -5.947
[19:27:02]   customer  : -197.001
[19:27:02] Grid交易: Import=0.0 | Export=1265.7
[19:27:03] 
============================================================
[19:27:03] Episode 137/200 | Steps: 24
[19:27:03] 总奖励:  -147.90 (Avg10:  -153.12)
[19:27:03] Agent奖励:
[19:27:03]   wind      :   23.124
[19:27:03]   solar     :   12.324
[19:27:03]   diesel    :    6.537
[19:27:03]   battery   :   -2.887
[19:27:03]   customer  : -187.003
[19:27:03] Grid交易: Import=0.0 | Export=1220.1
[19:27:05] 
============================================================
[19:27:05] Episode 138/200 | Steps: 24
[19:27:05] 总奖励:  -154.25 (Avg10:  -153.13)
[19:27:05] Agent奖励:
[19:27:05]   wind      :   27.690
[19:27:05]   solar     :   14.469
[19:27:05]   diesel    :    9.528
[19:27:05]   battery   :   -8.744
[19:27:05]   customer  : -197.195
[19:27:05] Grid交易: Import=0.0 | Export=1279.9
[19:27:06] 
============================================================
[19:27:06] Episode 139/200 | Steps: 24
[19:27:06] 总奖励:  -138.01 (Avg10:  -151.18)
[19:27:06] Agent奖励:
[19:27:06]   wind      :   39.441
[19:27:06]   solar     :   11.711
[19:27:06]   diesel    :    3.305
[19:27:06]   battery   :   -6.079
[19:27:06]   customer  : -186.387
[19:27:06] Grid交易: Import=0.0 | Export=1238.3
[19:27:07] 
============================================================
[19:27:07] Episode 140/200 | Steps: 24
[19:27:07] 总奖励:  -154.69 (Avg10:  -153.18)
[19:27:07] Agent奖励:
[19:27:07]   wind      :   25.688
[19:27:07]   solar     :    8.483
[19:27:07]   diesel    :    0.780
[19:27:07]   battery   :   -2.571
[19:27:07]   customer  : -187.069
[19:27:07] Grid交易: Import=0.0 | Export=1297.1
[19:27:07] 
📊 生成多维分析图表...
[19:27:07]   ✓ Training Status: debug_plots/training_status_ep0140.png
[19:27:07]   ✓ Agent Details:   debug_plots/agent_detail_ep0140.png
[19:27:07]   ✓ Grid Analysis:   debug_plots/grid_status_ep0140.png
[19:27:08] 
============================================================
[19:27:08] Episode 141/200 | Steps: 24
[19:27:08] 总奖励:  -153.23 (Avg10:  -152.04)
[19:27:08] Agent奖励:
[19:27:08]   wind      :   19.599
[19:27:08]   solar     :   20.221
[19:27:08]   diesel    :    5.352
[19:27:08]   battery   :   -4.969
[19:27:08]   customer  : -193.430
[19:27:08] Grid交易: Import=17.2 | Export=1329.6
[19:27:09] 
============================================================
[19:27:09] Episode 142/200 | Steps: 24
[19:27:09] 总奖励:  -158.20 (Avg10:  -153.29)
[19:27:09] Agent奖励:
[19:27:09]   wind      :   21.882
[19:27:09]   solar     :   13.184
[19:27:09]   diesel    :    1.859
[19:27:09]   battery   :   -1.962
[19:27:09]   customer  : -193.165
[19:27:09] Grid交易: Import=0.0 | Export=1293.9
[19:27:10] 
============================================================
[19:27:10] Episode 143/200 | Steps: 24
[19:27:10] 总奖励:  -157.39 (Avg10:  -153.80)
[19:27:10] Agent奖励:
[19:27:10]   wind      :   23.357
[19:27:10]   solar     :   10.643
[19:27:10]   diesel    :    3.193
[19:27:10]   battery   :   -2.444
[19:27:10]   customer  : -192.138
[19:27:10] Grid交易: Import=0.0 | Export=1375.0
[19:27:11] 
============================================================
[19:27:11] Episode 144/200 | Steps: 24
[19:27:11] 总奖励:  -157.61 (Avg10:  -152.41)
[19:27:11] Agent奖励:
[19:27:11]   wind      :   24.913
[19:27:11]   solar     :   11.257
[19:27:11]   diesel    :    3.947
[19:27:11]   battery   :   -6.818
[19:27:11]   customer  : -190.912
[19:27:11] Grid交易: Import=0.0 | Export=1234.6
[19:27:12] 
============================================================
[19:27:12] Episode 145/200 | Steps: 24
[19:27:12] 总奖励:  -147.06 (Avg10:  -152.62)
[19:27:12] Agent奖励:
[19:27:12]   wind      :   32.708
[19:27:12]   solar     :   14.839
[19:27:12]   diesel    :    3.661
[19:27:12]   battery   :   -5.487
[19:27:12]   customer  : -192.786
[19:27:12] Grid交易: Import=0.0 | Export=1231.9
[19:27:13] 
============================================================
[19:27:13] Episode 146/200 | Steps: 24
[19:27:13] 总奖励:  -141.96 (Avg10:  -151.03)
[19:27:13] Agent奖励:
[19:27:13]   wind      :   29.766
[19:27:13]   solar     :   16.035
[19:27:13]   diesel    :    5.902
[19:27:13]   battery   :   -2.210
[19:27:13]   customer  : -191.454
[19:27:13] Grid交易: Import=0.0 | Export=1279.3
[19:27:13] 
============================================================
[19:27:13] Episode 147/200 | Steps: 24
[19:27:13] 总奖励:  -168.91 (Avg10:  -153.13)
[19:27:13] Agent奖励:
[19:27:13]   wind      :   11.691
[19:27:13]   solar     :   11.797
[19:27:13]   diesel    :    1.969
[19:27:13]   battery   :   -1.090
[19:27:13]   customer  : -193.274
[19:27:13] Grid交易: Import=0.0 | Export=1333.0
[19:27:14] 
============================================================
[19:27:14] Episode 148/200 | Steps: 24
[19:27:14] 总奖励:  -144.63 (Avg10:  -152.17)
[19:27:14] Agent奖励:
[19:27:14]   wind      :   28.651
[19:27:14]   solar     :   13.114
[19:27:14]   diesel    :    3.625
[19:27:14]   battery   :   -0.922
[19:27:14]   customer  : -189.099
[19:27:14] Grid交易: Import=0.0 | Export=1417.7
[19:27:16] 
============================================================
[19:27:16] Episode 149/200 | Steps: 24
[19:27:16] 总奖励:  -151.51 (Avg10:  -153.52)
[19:27:16] Agent奖励:
[19:27:16]   wind      :   24.378
[19:27:16]   solar     :    7.507
[19:27:16]   diesel    :    1.005
[19:27:16]   battery   :   -1.125
[19:27:16]   customer  : -183.272
[19:27:16] Grid交易: Import=0.0 | Export=1352.1
[19:27:17] 
============================================================
[19:27:17] Episode 150/200 | Steps: 24
[19:27:17] 总奖励:  -134.49 (Avg10:  -151.50)
[19:27:17] Agent奖励:
[19:27:17]   wind      :   33.875
[19:27:17]   solar     :   14.826
[19:27:17]   diesel    :    3.011
[19:27:17]   battery   :   -1.313
[19:27:17]   customer  : -184.890
[19:27:17] Grid交易: Import=1.2 | Export=1246.1
[19:27:17] 
📊 生成多维分析图表...
[19:27:18]   ✓ Training Status: debug_plots/training_status_ep0150.png
[19:27:18]   ✓ Agent Details:   debug_plots/agent_detail_ep0150.png
[19:27:18]   ✓ Grid Analysis:   debug_plots/grid_status_ep0150.png
[19:27:18] 💾 Checkpoint saved: debug_checkpoints/debug_maddpg_20251203_192448_ep150.pt
[19:27:19] 
============================================================
[19:27:19] Episode 151/200 | Steps: 24
[19:27:19] 总奖励:  -149.86 (Avg10:  -151.16)
[19:27:19] Agent奖励:
[19:27:19]   wind      :   26.511
[19:27:19]   solar     :   13.704
[19:27:19]   diesel    :    4.630
[19:27:19]   battery   :   -0.935
[19:27:19]   customer  : -193.774
[19:27:19] Grid交易: Import=0.0 | Export=1193.0
[19:27:20] 
============================================================
[19:27:20] Episode 152/200 | Steps: 24
[19:27:20] 总奖励:  -156.22 (Avg10:  -150.96)
[19:27:20] Agent奖励:
[19:27:20]   wind      :   19.548
[19:27:20]   solar     :   10.253
[19:27:20]   diesel    :    2.393
[19:27:20]   battery   :   -1.513
[19:27:20]   customer  : -186.902
[19:27:20] Grid交易: Import=0.0 | Export=1227.4
[19:27:21] 
============================================================
[19:27:21] Episode 153/200 | Steps: 24
[19:27:21] 总奖励:  -168.44 (Avg10:  -152.07)
[19:27:21] Agent奖励:
[19:27:21]   wind      :   10.383
[19:27:21]   solar     :   13.961
[19:27:21]   diesel    :   11.850
[19:27:21]   battery   :   -1.681
[19:27:21]   customer  : -202.956
[19:27:21] Grid交易: Import=0.0 | Export=1199.8
[19:27:21] 
============================================================
[19:27:21] Episode 154/200 | Steps: 24
[19:27:21] 总奖励:  -137.47 (Avg10:  -150.06)
[19:27:21] Agent奖励:
[19:27:21]   wind      :   32.825
[19:27:21]   solar     :   14.694
[19:27:21]   diesel    :    5.868
[19:27:21]   battery   :   -1.470
[19:27:21]   customer  : -189.388
[19:27:21] Grid交易: Import=3.6 | Export=1147.3
[19:27:22] 
============================================================
[19:27:22] Episode 155/200 | Steps: 24
[19:27:22] 总奖励:  -139.07 (Avg10:  -149.26)
[19:27:22] Agent奖励:
[19:27:22]   wind      :   34.983
[19:27:22]   solar     :   15.070
[19:27:22]   diesel    :    0.924
[19:27:22]   battery   :   -7.915
[19:27:22]   customer  : -182.129
[19:27:22] Grid交易: Import=0.0 | Export=1244.7
[19:27:23] 
============================================================
[19:27:23] Episode 156/200 | Steps: 24
[19:27:23] 总奖励:  -142.75 (Avg10:  -149.34)
[19:27:23] Agent奖励:
[19:27:23]   wind      :   32.222
[19:27:23]   solar     :   16.801
[19:27:23]   diesel    :    1.943
[19:27:23]   battery   :   -1.997
[19:27:23]   customer  : -191.723
[19:27:23] Grid交易: Import=0.0 | Export=1263.3
[19:27:24] 
============================================================
[19:27:24] Episode 157/200 | Steps: 24
[19:27:24] 总奖励:  -136.84 (Avg10:  -146.13)
[19:27:24] Agent奖励:
[19:27:24]   wind      :   28.043
[19:27:24]   solar     :   16.988
[19:27:24]   diesel    :    4.426
[19:27:24]   battery   :   -2.119
[19:27:24]   customer  : -184.179
[19:27:24] Grid交易: Import=0.0 | Export=1176.5
[19:27:26] 
============================================================
[19:27:26] Episode 158/200 | Steps: 24
[19:27:26] 总奖励:  -138.94 (Avg10:  -145.56)
[19:27:26] Agent奖励:
[19:27:26]   wind      :   29.961
[19:27:26]   solar     :   13.343
[19:27:26]   diesel    :    5.571
[19:27:26]   battery   :   -1.077
[19:27:26]   customer  : -186.736
[19:27:26] Grid交易: Import=0.0 | Export=1298.2
[19:27:27] 
============================================================
[19:27:27] Episode 159/200 | Steps: 24
[19:27:27] 总奖励:  -146.46 (Avg10:  -145.05)
[19:27:27] Agent奖励:
[19:27:27]   wind      :   28.923
[19:27:27]   solar     :   18.640
[19:27:27]   diesel    :    9.875
[19:27:27]   battery   :   -0.345
[19:27:27]   customer  : -203.553
[19:27:27] Grid交易: Import=3.2 | Export=1012.4
[19:27:29] 
============================================================
[19:27:29] Episode 160/200 | Steps: 24
[19:27:29] 总奖励:  -160.83 (Avg10:  -147.69)
[19:27:29] Agent奖励:
[19:27:29]   wind      :   24.037
[19:27:29]   solar     :   14.452
[19:27:29]   diesel    :    2.300
[19:27:29]   battery   :   -5.148
[19:27:29]   customer  : -196.475
[19:27:29] Grid交易: Import=0.0 | Export=1271.9
[19:27:29] 
📊 生成多维分析图表...
[19:27:29]   ✓ Training Status: debug_plots/training_status_ep0160.png
[19:27:29]   ✓ Agent Details:   debug_plots/agent_detail_ep0160.png
[19:27:29]   ✓ Grid Analysis:   debug_plots/grid_status_ep0160.png
[19:27:30] 
============================================================
[19:27:30] Episode 161/200 | Steps: 24
[19:27:30] 总奖励:  -152.14 (Avg10:  -147.92)
[19:27:30] Agent奖励:
[19:27:30]   wind      :   27.111
[19:27:30]   solar     :   15.410
[19:27:30]   diesel    :    6.028
[19:27:30]   battery   :   -0.149
[19:27:30]   customer  : -200.539
[19:27:30] Grid交易: Import=0.0 | Export=1204.5
[19:27:31] 
============================================================
[19:27:31] Episode 162/200 | Steps: 24
[19:27:31] 总奖励:  -138.74 (Avg10:  -146.17)
[19:27:31] Agent奖励:
[19:27:31]   wind      :   28.714
[19:27:31]   solar     :   19.454
[19:27:31]   diesel    :    5.739
[19:27:31]   battery   :   -1.090
[19:27:31]   customer  : -191.553
[19:27:31] Grid交易: Import=0.0 | Export=1132.0
[19:27:32] 
============================================================
[19:27:32] Episode 163/200 | Steps: 24
[19:27:32] 总奖励:  -138.81 (Avg10:  -143.20)
[19:27:32] Agent奖励:
[19:27:32]   wind      :   28.344
[19:27:32]   solar     :   13.341
[19:27:32]   diesel    :    3.160
[19:27:32]   battery   :   -1.648
[19:27:32]   customer  : -182.003
[19:27:32] Grid交易: Import=0.0 | Export=1197.1
[19:27:33] 
============================================================
[19:27:33] Episode 164/200 | Steps: 24
[19:27:33] 总奖励:  -150.92 (Avg10:  -144.55)
[19:27:33] Agent奖励:
[19:27:33]   wind      :   22.702
[19:27:33]   solar     :   12.034
[19:27:33]   diesel    :    0.883
[19:27:33]   battery   :   -1.210
[19:27:33]   customer  : -185.327
[19:27:33] Grid交易: Import=0.0 | Export=1256.1
[19:27:34] 
============================================================
[19:27:34] Episode 165/200 | Steps: 24
[19:27:34] 总奖励:  -145.75 (Avg10:  -145.22)
[19:27:34] Agent奖励:
[19:27:34]   wind      :   30.288
[19:27:34]   solar     :   12.848
[19:27:34]   diesel    :    1.333
[19:27:34]   battery   :   -0.461
[19:27:34]   customer  : -189.753
[19:27:34] Grid交易: Import=0.0 | Export=1095.6
[19:27:34] 
============================================================
[19:27:34] Episode 166/200 | Steps: 24
[19:27:34] 总奖励:  -139.22 (Avg10:  -144.86)
[19:27:34] Agent奖励:
[19:27:34]   wind      :   26.444
[19:27:34]   solar     :   17.303
[19:27:34]   diesel    :    4.483
[19:27:34]   battery   :   -1.496
[19:27:34]   customer  : -185.956
[19:27:34] Grid交易: Import=0.0 | Export=1276.0
[19:27:35] 
============================================================
[19:27:35] Episode 167/200 | Steps: 24
[19:27:35] 总奖励:  -153.76 (Avg10:  -146.56)
[19:27:35] Agent奖励:
[19:27:35]   wind      :   25.207
[19:27:35]   solar     :   14.891
[19:27:35]   diesel    :    6.031
[19:27:35]   battery   :   -3.809
[19:27:35]   customer  : -196.084
[19:27:35] Grid交易: Import=15.0 | Export=1197.4
[19:27:37] 
============================================================
[19:27:37] Episode 168/200 | Steps: 24
[19:27:37] 总奖励:  -127.47 (Avg10:  -145.41)
[19:27:37] Agent奖励:
[19:27:37]   wind      :   40.165
[19:27:37]   solar     :   13.235
[19:27:37]   diesel    :    5.871
[19:27:37]   battery   :   -0.240
[19:27:37]   customer  : -186.500
[19:27:37] Grid交易: Import=0.0 | Export=1161.4
[19:27:38] 
============================================================
[19:27:38] Episode 169/200 | Steps: 24
[19:27:38] 总奖励:  -148.31 (Avg10:  -145.59)
[19:27:38] Agent奖励:
[19:27:38]   wind      :   20.910
[19:27:38]   solar     :   11.335
[19:27:38]   diesel    :    0.974
[19:27:38]   battery   :   -0.543
[19:27:38]   customer  : -180.990
[19:27:38] Grid交易: Import=0.0 | Export=1234.1
[19:27:39] 
============================================================
[19:27:39] Episode 170/200 | Steps: 24
[19:27:39] 总奖励:  -136.92 (Avg10:  -143.20)
[19:27:39] Agent奖励:
[19:27:39]   wind      :   32.285
[19:27:39]   solar     :   14.197
[19:27:39]   diesel    :    3.797
[19:27:39]   battery   :   -1.102
[19:27:39]   customer  : -186.094
[19:27:39] Grid交易: Import=0.0 | Export=1111.9
[19:27:39] 
📊 生成多维分析图表...
[19:27:40]   ✓ Training Status: debug_plots/training_status_ep0170.png
[19:27:40]   ✓ Agent Details:   debug_plots/agent_detail_ep0170.png
[19:27:40]   ✓ Grid Analysis:   debug_plots/grid_status_ep0170.png
[19:27:41] 
============================================================
[19:27:41] Episode 171/200 | Steps: 24
[19:27:41] 总奖励:  -157.91 (Avg10:  -143.78)
[19:27:41] Agent奖励:
[19:27:41]   wind      :   20.402
[19:27:41]   solar     :   10.688
[19:27:41]   diesel    :    0.263
[19:27:41]   battery   :   -1.792
[19:27:41]   customer  : -187.471
[19:27:41] Grid交易: Import=0.0 | Export=1179.6
[19:27:41] 
============================================================
[19:27:41] Episode 172/200 | Steps: 24
[19:27:41] 总奖励:  -129.29 (Avg10:  -142.84)
[19:27:41] Agent奖励:
[19:27:41]   wind      :   37.433
[19:27:41]   solar     :   17.337
[19:27:41]   diesel    :    5.975
[19:27:41]   battery   :   -0.262
[19:27:41]   customer  : -189.771
[19:27:41] Grid交易: Import=0.0 | Export=1158.3
[19:27:42] 
============================================================
[19:27:42] Episode 173/200 | Steps: 24
[19:27:42] 总奖励:  -146.16 (Avg10:  -143.57)
[19:27:42] Agent奖励:
[19:27:42]   wind      :   24.504
[19:27:42]   solar     :   12.339
[19:27:42]   diesel    :    4.225
[19:27:42]   battery   :   -0.875
[19:27:42]   customer  : -186.348
[19:27:42] Grid交易: Import=0.0 | Export=1241.1
[19:27:43] 
============================================================
[19:27:43] Episode 174/200 | Steps: 24
[19:27:43] 总奖励:  -142.53 (Avg10:  -142.73)
[19:27:43] Agent奖励:
[19:27:43]   wind      :   30.958
[19:27:43]   solar     :   12.053
[19:27:43]   diesel    :    2.624
[19:27:43]   battery   :   -0.222
[19:27:43]   customer  : -187.938
[19:27:43] Grid交易: Import=0.0 | Export=1264.8
[19:27:44] 
============================================================
[19:27:44] Episode 175/200 | Steps: 24
[19:27:44] 总奖励:  -148.20 (Avg10:  -142.98)
[19:27:44] Agent奖励:
[19:27:44]   wind      :   24.782
[19:27:44]   solar     :   12.393
[19:27:44]   diesel    :    0.688
[19:27:44]   battery   :   -0.404
[19:27:44]   customer  : -185.660
[19:27:44] Grid交易: Import=0.0 | Export=1259.4
[19:27:45] 
============================================================
[19:27:45] Episode 176/200 | Steps: 24
[19:27:45] 总奖励:  -154.85 (Avg10:  -144.54)
[19:27:45] Agent奖励:
[19:27:45]   wind      :   20.063
[19:27:45]   solar     :   12.687
[19:27:45]   diesel    :    1.793
[19:27:45]   battery   :   -0.648
[19:27:45]   customer  : -188.747
[19:27:45] Grid交易: Import=0.0 | Export=1203.9
[19:27:46] 
============================================================
[19:27:46] Episode 177/200 | Steps: 24
[19:27:46] 总奖励:  -140.58 (Avg10:  -143.22)
[19:27:46] Agent奖励:
[19:27:46]   wind      :   30.340
[19:27:46]   solar     :    9.036
[19:27:46]   diesel    :    1.899
[19:27:46]   battery   :   -0.176
[19:27:46]   customer  : -181.677
[19:27:46] Grid交易: Import=0.0 | Export=1318.3
[19:27:47] 
============================================================
[19:27:47] Episode 178/200 | Steps: 24
[19:27:47] 总奖励:  -161.47 (Avg10:  -146.62)
[19:27:47] Agent奖励:
[19:27:47]   wind      :   15.654
[19:27:47]   solar     :   13.295
[19:27:47]   diesel    :    2.932
[19:27:47]   battery   :   -0.751
[19:27:47]   customer  : -192.600
[19:27:47] Grid交易: Import=0.0 | Export=1142.0
[19:27:49] 
============================================================
[19:27:49] Episode 179/200 | Steps: 24
[19:27:49] 总奖励:  -135.91 (Avg10:  -145.38)
[19:27:49] Agent奖励:
[19:27:49]   wind      :   31.890
[19:27:49]   solar     :   14.341
[19:27:49]   diesel    :    3.080
[19:27:49]   battery   :   -0.408
[19:27:49]   customer  : -184.810
[19:27:49] Grid交易: Import=0.0 | Export=1296.7
[19:27:49] 
============================================================
[19:27:49] Episode 180/200 | Steps: 24
[19:27:49] 总奖励:  -141.24 (Avg10:  -145.81)
[19:27:49] Agent奖励:
[19:27:49]   wind      :   23.991
[19:27:49]   solar     :   11.403
[19:27:49]   diesel    :    4.494
[19:27:49]   battery   :    0.000
[19:27:49]   customer  : -181.128
[19:27:49] Grid交易: Import=0.0 | Export=1308.6
[19:27:49] 
📊 生成多维分析图表...
[19:27:50]   ✓ Training Status: debug_plots/training_status_ep0180.png
[19:27:50]   ✓ Agent Details:   debug_plots/agent_detail_ep0180.png
[19:27:50]   ✓ Grid Analysis:   debug_plots/grid_status_ep0180.png
[19:27:51] 
============================================================
[19:27:51] Episode 181/200 | Steps: 24
[19:27:51] 总奖励:  -144.26 (Avg10:  -144.45)
[19:27:51] Agent奖励:
[19:27:51]   wind      :   27.668
[19:27:51]   solar     :   14.421
[19:27:51]   diesel    :    4.156
[19:27:51]   battery   :   -1.894
[19:27:51]   customer  : -188.615
[19:27:51] Grid交易: Import=0.0 | Export=1282.2
[19:27:52] 
============================================================
[19:27:52] Episode 182/200 | Steps: 24
[19:27:52] 总奖励:  -153.19 (Avg10:  -146.84)
[19:27:52] Agent奖励:
[19:27:52]   wind      :   19.546
[19:27:52]   solar     :   11.977
[19:27:52]   diesel    :    1.651
[19:27:52]   battery   :   -0.725
[19:27:52]   customer  : -185.645
[19:27:52] Grid交易: Import=0.0 | Export=1076.3
[19:27:53] 
============================================================
[19:27:53] Episode 183/200 | Steps: 24
[19:27:53] 总奖励:  -155.40 (Avg10:  -147.76)
[19:27:53] Agent奖励:
[19:27:53]   wind      :   17.827
[19:27:53]   solar     :   11.974
[19:27:53]   diesel    :    1.262
[19:27:53]   battery   :    0.000
[19:27:53]   customer  : -186.459
[19:27:53] Grid交易: Import=0.0 | Export=1225.9
[19:27:54] 
============================================================
[19:27:54] Episode 184/200 | Steps: 24
[19:27:54] 总奖励:  -148.43 (Avg10:  -148.35)
[19:27:54] Agent奖励:
[19:27:54]   wind      :   22.628
[19:27:54]   solar     :   14.106
[19:27:54]   diesel    :   -0.431
[19:27:54]   battery   :   -0.733
[19:27:54]   customer  : -184.001
[19:27:54] Grid交易: Import=0.0 | Export=1202.7
[19:27:54] 
============================================================
[19:27:54] Episode 185/200 | Steps: 24
[19:27:54] 总奖励:  -151.76 (Avg10:  -148.71)
[19:27:54] Agent奖励:
[19:27:54]   wind      :   18.937
[19:27:54]   solar     :   13.334
[19:27:54]   diesel    :    1.506
[19:27:54]   battery   :   -1.437
[19:27:54]   customer  : -184.095
[19:27:54] Grid交易: Import=0.0 | Export=1250.1
[19:27:55] 
============================================================
[19:27:55] Episode 186/200 | Steps: 24
[19:27:55] 总奖励:  -154.50 (Avg10:  -148.67)
[19:27:55] Agent奖励:
[19:27:55]   wind      :   19.516
[19:27:55]   solar     :    7.765
[19:27:55]   diesel    :    2.445
[19:27:55]   battery   :    0.000
[19:27:55]   customer  : -184.229
[19:27:55] Grid交易: Import=0.0 | Export=1244.9
[19:27:56] 
============================================================
[19:27:56] Episode 187/200 | Steps: 24
[19:27:56] 总奖励:  -155.01 (Avg10:  -150.12)
[19:27:56] Agent奖励:
[19:27:56]   wind      :   21.279
[19:27:56]   solar     :   11.150
[19:27:56]   diesel    :    0.845
[19:27:56]   battery   :    0.000
[19:27:56]   customer  : -188.284
[19:27:56] Grid交易: Import=0.0 | Export=1210.4
[19:27:58] 
============================================================
[19:27:58] Episode 188/200 | Steps: 24
[19:27:58] 总奖励:  -152.80 (Avg10:  -149.25)
[19:27:58] Agent奖励:
[19:27:58]   wind      :   16.547
[19:27:58]   solar     :   12.064
[19:27:58]   diesel    :    4.070
[19:27:58]   battery   :   -0.578
[19:27:58]   customer  : -184.902
[19:27:58] Grid交易: Import=0.0 | Export=1129.0
[19:27:59] 
============================================================
[19:27:59] Episode 189/200 | Steps: 24
[19:27:59] 总奖励:  -138.67 (Avg10:  -149.53)
[19:27:59] Agent奖励:
[19:27:59]   wind      :   30.938
[19:27:59]   solar     :   11.641
[19:27:59]   diesel    :    3.902
[19:27:59]   battery   :   -0.933
[19:27:59]   customer  : -184.214
[19:27:59] Grid交易: Import=0.0 | Export=1174.7
[19:28:00] 
============================================================
[19:28:00] Episode 190/200 | Steps: 24
[19:28:00] 总奖励:  -141.52 (Avg10:  -149.55)
[19:28:00] Agent奖励:
[19:28:00]   wind      :   25.500
[19:28:00]   solar     :   14.238
[19:28:00]   diesel    :    2.241
[19:28:00]   battery   :   -0.247
[19:28:00]   customer  : -183.255
[19:28:00] Grid交易: Import=0.0 | Export=1176.0
[19:28:00] 
📊 生成多维分析图表...
[19:28:01]   ✓ Training Status: debug_plots/training_status_ep0190.png
[19:28:01]   ✓ Agent Details:   debug_plots/agent_detail_ep0190.png
[19:28:01]   ✓ Grid Analysis:   debug_plots/grid_status_ep0190.png
[19:28:01] 
============================================================
[19:28:01] Episode 191/200 | Steps: 24
[19:28:01] 总奖励:  -135.75 (Avg10:  -148.70)
[19:28:01] Agent奖励:
[19:28:01]   wind      :   33.417
[19:28:01]   solar     :   12.810
[19:28:01]   diesel    :    3.368
[19:28:01]   battery   :   -0.802
[19:28:01]   customer  : -184.538
[19:28:01] Grid交易: Import=0.0 | Export=1297.1
[19:28:02] 
============================================================
[19:28:02] Episode 192/200 | Steps: 24
[19:28:02] 总奖励:  -131.44 (Avg10:  -146.53)
[19:28:02] Agent奖励:
[19:28:02]   wind      :   37.137
[19:28:02]   solar     :    9.362
[19:28:02]   diesel    :    2.204
[19:28:02]   battery   :   -0.445
[19:28:02]   customer  : -179.695
[19:28:02] Grid交易: Import=0.0 | Export=1240.1
[19:28:03] 
============================================================
[19:28:03] Episode 193/200 | Steps: 24
[19:28:03] 总奖励:  -134.21 (Avg10:  -144.41)
[19:28:03] Agent奖励:
[19:28:03]   wind      :   34.084
[19:28:03]   solar     :   15.919
[19:28:03]   diesel    :    1.802
[19:28:03]   battery   :    0.000
[19:28:03]   customer  : -186.010
[19:28:03] Grid交易: Import=0.0 | Export=1235.3
[19:28:04] 
============================================================
[19:28:04] Episode 194/200 | Steps: 24
[19:28:04] 总奖励:  -142.33 (Avg10:  -143.80)
[19:28:04] Agent奖励:
[19:28:04]   wind      :   26.256
[19:28:04]   solar     :   13.819
[19:28:04]   diesel    :    4.947
[19:28:04]   battery   :   -0.824
[19:28:04]   customer  : -186.524
[19:28:04] Grid交易: Import=0.0 | Export=1172.4
[19:28:05] 
============================================================
[19:28:05] Episode 195/200 | Steps: 24
[19:28:05] 总奖励:  -136.77 (Avg10:  -142.30)
[19:28:05] Agent奖励:
[19:28:05]   wind      :   29.774
[19:28:05]   solar     :   16.087
[19:28:05]   diesel    :    2.907
[19:28:05]   battery   :   -0.134
[19:28:05]   customer  : -185.405
[19:28:05] Grid交易: Import=0.0 | Export=1148.6
[19:28:06] 
============================================================
[19:28:06] Episode 196/200 | Steps: 24
[19:28:06] 总奖励:  -147.10 (Avg10:  -141.56)
[19:28:06] Agent奖励:
[19:28:06]   wind      :   30.804
[19:28:06]   solar     :   10.437
[19:28:06]   diesel    :    0.713
[19:28:06]   battery   :   -0.925
[19:28:06]   customer  : -188.124
[19:28:06] Grid交易: Import=0.0 | Export=1331.2
[19:28:07] 
============================================================
[19:28:07] Episode 197/200 | Steps: 24
[19:28:07] 总奖励:  -148.81 (Avg10:  -140.94)
[19:28:07] Agent奖励:
[19:28:07]   wind      :   17.132
[19:28:07]   solar     :   12.206
[19:28:07]   diesel    :    4.023
[19:28:07]   battery   :   -0.170
[19:28:07]   customer  : -182.000
[19:28:07] Grid交易: Import=0.0 | Export=1264.6
[19:28:08] 
============================================================
[19:28:08] Episode 198/200 | Steps: 24
[19:28:08] 总奖励:  -148.42 (Avg10:  -140.50)
[19:28:08] Agent奖励:
[19:28:08]   wind      :   19.591
[19:28:08]   solar     :   16.239
[19:28:08]   diesel    :    7.910
[19:28:08]   battery   :   -1.265
[19:28:08]   customer  : -190.893
[19:28:08] Grid交易: Import=0.0 | Export=1127.5
[19:28:10] 
============================================================
[19:28:10] Episode 199/200 | Steps: 24
[19:28:10] 总奖励:  -131.41 (Avg10:  -139.77)
[19:28:10] Agent奖励:
[19:28:10]   wind      :   33.296
[19:28:10]   solar     :   11.803
[19:28:10]   diesel    :    3.127
[19:28:10]   battery   :    0.000
[19:28:10]   customer  : -179.636
[19:28:10] Grid交易: Import=0.0 | Export=1203.0
[19:28:10] 
============================================================
[19:28:10] Episode 200/200 | Steps: 24
[19:28:10] 总奖励:  -131.95 (Avg10:  -138.82)
[19:28:10] Agent奖励:
[19:28:10]   wind      :   37.963
[19:28:10]   solar     :   15.511
[19:28:10]   diesel    :   -0.172
[19:28:10]   battery   :   -0.884
[19:28:10]   customer  : -184.364
[19:28:10] Grid交易: Import=0.0 | Export=1098.1
[19:28:10] 
📊 生成多维分析图表...
[19:28:11]   ✓ Training Status: debug_plots/training_status_ep0200.png
[19:28:11]   ✓ Agent Details:   debug_plots/agent_detail_ep0200.png
[19:28:11]   ✓ Grid Analysis:   debug_plots/grid_status_ep0200.png
[19:28:11] 💾 Checkpoint saved: debug_checkpoints/debug_maddpg_20251203_192448_ep200.pt
[19:28:11] ======================================================================
[19:28:11] 🎉 训练完成
[19:28:11] 📊 最终总结图: debug_plots/final_summary.png
